
Running 4 tests using 2 workers

[1A[2K[1/4] [setup] › playwright/tests/authorized/auth.setup.ts:11:1 › Cluster Login Test
[1A[2K[2/4] [chromium] › playwright/tests/authorized/image_generation.spec.ts:3:1 › Image Generation
[1A[2K[3/4] [firefox] › playwright/tests/authorized/image_generation.spec.ts:3:1 › Image Generation
[1A[2K[chromium] › playwright/tests/authorized/image_generation.spec.ts:3:1 › Image Generation
BROWSER LOG: [vite] connecting...

[1A[2KBROWSER LOG: [vite] connected.

[1A[2KBROWSER LOG: %cDownload the React DevTools for a better development experience: https://react.dev/link/react-devtools font-weight:bold

[1A[2KBROWSER LOG: i18next: languageChanged en-US

[1A[2KBROWSER LOG: i18next: initialized {debug: true, initAsync: true, ns: Array(1), defaultNS: Array(1), fallbackLng: Array(1)}

[1A[2KBROWSER LOG: i18next::translator: missingKey en-US translation chatbot_description chatbot_description

[1A[2KBROWSER LOG: i18next::translator: missingKey en-US translation chat_mode_desc chat_mode_desc

[1A[2KBROWSER LOG: i18next::translator: missingKey en-US translation assistant_mode_desc assistant_mode_desc

[1A[2KBROWSER LOG: light light

[1A[2KBROWSER LOG: light light

[1A[2K[firefox] › playwright/tests/authorized/image_generation.spec.ts:3:1 › Image Generation
BROWSER LOG: [vite] connecting...

[1A[2KBROWSER LOG: [vite] connected.

[1A[2K[chromium] › playwright/tests/authorized/image_generation.spec.ts:3:1 › Image Generation
BROWSER LOG: userText: %s 
# No Access

Access to the chat is only available to members of FH SWF. If you are a member, please log in with your university credentials.


[1A[2KBROWSER LOG: userText: %s 
# No Access

Access to the chat is only available to members of FH SWF. If you are a member, please log in with your university credentials.


[1A[2KBROWSER LOG: i18next::translator: missingKey en-US translation Always Always

[1A[2KBROWSER LOG: i18next::translator: missingKey en-US translation Never Never

[1A[2KBROWSER LOG: i18next::translator: missingKey en-US translation show_toolbar show_toolbar

[1A[2KBROWSER LOG: i18next::translator: missingKey en-US translation chat_options chat_options

[1A[2KBROWSER LOG: i18next::translator: missingKey en-US translation chat_options chat_options

[1A[2KBROWSER LOG: i18next::translator: missingKey en-US translation model_options model_options

[1A[2KBROWSER LOG: i18next::translator: missingKey en-US translation tool_options tool_options

[1A[2KBROWSER LOG: i18next::translator: missingKey en-US translation MCP Services MCP Services

[1A[2KBROWSER LOG: i18next::translator: missingKey en-US translation Add/Remove MCP Services Add/Remove MCP Services

[1A[2KBROWSER LOG: i18next::translator: missingKey en-US translation Edit MCP Services Edit MCP Services

[1A[2KBROWSER LOG: i18next::translator: missingKey en-US translation Label Label

[1A[2KBROWSER LOG: i18next::translator: missingKey en-US translation Server URL Server URL

[1A[2KBROWSER LOG: i18next::translator: missingKey en-US translation Require Approval Require Approval

[1A[2KBROWSER LOG: i18next::translator: missingKey en-US translation Allowed Tools Allowed Tools

[1A[2KBROWSER LOG: i18next::translator: missingKey en-US translation Comma separated Comma separated

[1A[2KBROWSER LOG: i18next::translator: missingKey en-US translation Add/Save Service Add/Save Service

[1A[2KBROWSER LOG: i18next::translator: missingKey en-US translation MCP Services MCP Services

[1A[2KBROWSER LOG: i18next::translator: missingKey en-US translation new_chat new_chat

[1A[2KBROWSER LOG: i18next::translator: missingKey en-US translation new_chat new_chat

[1A[2KBROWSER LOG: i18next::translator: missingKey en-US translation new_chat new_chat

[1A[2KBROWSER LOG: i18next::translator: missingKey en-US translation download_thread download_thread

[1A[2KBROWSER LOG: i18next::translator: missingKey en-US translation download_thread download_thread

[1A[2KBROWSER LOG: i18next::translator: missingKey en-US translation download_json download_json

[1A[2KBROWSER LOG: i18next::translator: missingKey en-US translation download_markdown download_markdown

[1A[2KBROWSER LOG: i18next::translator: missingKey en-US translation usage_information usage_information

[1A[2KBROWSER LOG: i18next::translator: missingKey en-US translation usage_information usage_information

[1A[2KBROWSER LOG: i18next::translator: missingKey en-US translation usage_information usage_information

[1A[2KBROWSER LOG: i18next::translator: missingKey en-US translation User information User information

[1A[2KBROWSER LOG: i18next::translator: missingKey en-US translation Always Always

[1A[2KBROWSER LOG: i18next::translator: missingKey en-US translation Never Never

[1A[2KBROWSER LOG: i18next::translator: missingKey en-US translation show_toolbar show_toolbar

[1A[2KBROWSER LOG: i18next::translator: missingKey en-US translation chat_options chat_options

[1A[2KBROWSER LOG: i18next::translator: missingKey en-US translation chat_options chat_options

[1A[2KBROWSER LOG: i18next::translator: missingKey en-US translation model_options model_options

[1A[2KBROWSER LOG: i18next::translator: missingKey en-US translation tool_options tool_options

[1A[2KBROWSER LOG: i18next::translator: missingKey en-US translation MCP Services MCP Services

[1A[2KBROWSER LOG: i18next::translator: missingKey en-US translation Add/Remove MCP Services Add/Remove MCP Services

[1A[2KBROWSER LOG: i18next::translator: missingKey en-US translation Edit MCP Services Edit MCP Services

[1A[2KBROWSER LOG: i18next::translator: missingKey en-US translation Label Label

[1A[2KBROWSER LOG: i18next::translator: missingKey en-US translation Server URL Server URL

[1A[2KBROWSER LOG: i18next::translator: missingKey en-US translation Require Approval Require Approval

[1A[2KBROWSER LOG: i18next::translator: missingKey en-US translation Allowed Tools Allowed Tools

[1A[2KBROWSER LOG: i18next::translator: missingKey en-US translation Comma separated Comma separated

[1A[2KBROWSER LOG: i18next::translator: missingKey en-US translation Add/Save Service Add/Save Service

[1A[2KBROWSER LOG: i18next::translator: missingKey en-US translation MCP Services MCP Services

[1A[2KBROWSER LOG: i18next::translator: missingKey en-US translation new_chat new_chat

[1A[2KBROWSER LOG: i18next::translator: missingKey en-US translation new_chat new_chat

[1A[2KBROWSER LOG: i18next::translator: missingKey en-US translation new_chat new_chat

[1A[2KBROWSER LOG: i18next::translator: missingKey en-US translation download_thread download_thread

[1A[2KBROWSER LOG: i18next::translator: missingKey en-US translation download_thread download_thread

[1A[2KBROWSER LOG: i18next::translator: missingKey en-US translation download_json download_json

[1A[2KBROWSER LOG: i18next::translator: missingKey en-US translation download_markdown download_markdown

[1A[2KBROWSER LOG: i18next::translator: missingKey en-US translation usage_information usage_information

[1A[2KBROWSER LOG: i18next::translator: missingKey en-US translation usage_information usage_information

[1A[2KBROWSER LOG: i18next::translator: missingKey en-US translation usage_information usage_information

[1A[2KBROWSER LOG: i18next::translator: missingKey en-US translation User information User information

[1A[2KBROWSER LOG: i18next::translator: missingKey en-US translation chat_history chat_history

[1A[2KBROWSER LOG: i18next::translator: missingKey en-US translation chat_history chat_history

[1A[2KBROWSER LOG: i18next::translator: missingKey en-US translation close close

[1A[2KBROWSER LOG: i18next::translator: missingKey en-US translation chat_history chat_history

[1A[2KBROWSER LOG: i18next::translator: missingKey en-US translation empty_chat empty_chat

[1A[2KBROWSER LOG: i18next::translator: missingKey en-US translation delete_chat delete_chat

[1A[2KBROWSER LOG: i18next::translator: missingKey en-US translation new_chat new_chat

[1A[2KBROWSER LOG: i18next::translator: missingKey en-US translation new_chat new_chat

[1A[2KBROWSER LOG: i18next::translator: missingKey en-US translation close close

[1A[2KBROWSER LOG: i18next::translator: missingKey en-US translation chat_history chat_history

[1A[2KBROWSER LOG: i18next::translator: missingKey en-US translation chat_history chat_history

[1A[2KBROWSER LOG: i18next::translator: missingKey en-US translation close close

[1A[2KBROWSER LOG: i18next::translator: missingKey en-US translation chat_history chat_history

[1A[2KBROWSER LOG: i18next::translator: missingKey en-US translation empty_chat empty_chat

[1A[2KBROWSER LOG: i18next::translator: missingKey en-US translation delete_chat delete_chat

[1A[2KBROWSER LOG: i18next::translator: missingKey en-US translation new_chat new_chat

[1A[2KBROWSER LOG: i18next::translator: missingKey en-US translation new_chat new_chat

[1A[2KBROWSER LOG: i18next::translator: missingKey en-US translation close close

[1A[2KBROWSER LOG: i18next::translator: missingKey en-US translation open_issue open_issue

[1A[2KBROWSER LOG: i18next::translator: missingKey en-US translation open_issue open_issue

[1A[2KBROWSER LOG: i18next::translator: missingKey en-US translation release_notes release_notes

[1A[2KBROWSER LOG: i18next::translator: missingKey en-US translation open_issue open_issue

[1A[2KBROWSER LOG: i18next::translator: missingKey en-US translation open_issue open_issue

[1A[2KBROWSER LOG: i18next::translator: missingKey en-US translation open_issue open_issue

[1A[2KBROWSER LOG: i18next::translator: missingKey en-US translation open_issue open_issue

[1A[2KBROWSER LOG: i18next::translator: missingKey en-US translation open_issue open_issue

[1A[2KBROWSER LOG: i18next::translator: missingKey en-US translation release_notes release_notes

[1A[2KBROWSER LOG: i18next::translator: missingKey en-US translation open_issue open_issue

[1A[2KBROWSER LOG: i18next::translator: missingKey en-US translation open_issue open_issue

[1A[2KBROWSER LOG: i18next::translator: missingKey en-US translation open_issue open_issue

[1A[2KBROWSER LOG: i18next::translator: missingKey en-US translation Theme Theme

[1A[2KBROWSER LOG: i18next::translator: missingKey en-US translation Config Config

[1A[2KBROWSER LOG: i18next::translator: missingKey en-US translation Minimize Minimize

[1A[2KBROWSER LOG: i18next::translator: missingKey en-US translation about about

[1A[2KBROWSER LOG: i18next::translator: missingKey en-US translation about about

[1A[2KBROWSER LOG: i18next::translator: missingKey en-US translation About About

[1A[2KBROWSER LOG: i18next::translator: missingKey en-US translation Accept Terms Accept Terms

[1A[2KBROWSER LOG: i18next::translator: missingKey en-US translation Theme Theme

[1A[2KBROWSER LOG: i18next::translator: missingKey en-US translation Config Config

[1A[2KBROWSER LOG: i18next::translator: missingKey en-US translation Minimize Minimize

[1A[2KBROWSER LOG: i18next::translator: missingKey en-US translation about about

[1A[2KBROWSER LOG: i18next::translator: missingKey en-US translation about about

[1A[2KBROWSER LOG: i18next::translator: missingKey en-US translation About About

[1A[2KBROWSER LOG: i18next::translator: missingKey en-US translation Accept Terms Accept Terms

[1A[2KBROWSER LOG: i18next::translator: missingKey en-US translation Enter something.... Enter something....

[1A[2KBROWSER LOG: i18next::translator: missingKey en-US translation Code Editor Code Editor

[1A[2KBROWSER LOG: i18next::translator: missingKey en-US translation clear clear

[1A[2KBROWSER LOG: i18next::translator: missingKey en-US translation send send

[1A[2KBROWSER LOG: i18next::translator: missingKey en-US translation COMMAND_ENTER COMMAND_ENTER

[1A[2KBROWSER LOG: i18next::translator: missingKey en-US translation Enter something.... Enter something....

[1A[2KBROWSER LOG: i18next::translator: missingKey en-US translation Code Editor Code Editor

[1A[2KBROWSER LOG: i18next::translator: missingKey en-US translation clear clear

[1A[2KBROWSER LOG: i18next::translator: missingKey en-US translation send send

[1A[2KBROWSER LOG: i18next::translator: missingKey en-US translation COMMAND_ENTER COMMAND_ENTER

[1A[2K[firefox] › playwright/tests/authorized/image_generation.spec.ts:3:1 › Image Generation
BROWSER LOG: Download the React DevTools for a better development experience: https://react.dev/link/react-devtools

[1A[2K[chromium] › playwright/tests/authorized/image_generation.spec.ts:3:1 › Image Generation
BROWSER LOG: MessageBar: eventProcessor: %o undefined

[1A[2KBROWSER LOG: MessageBar: recognition: %o SpeechRecognition

[1A[2KBROWSER LOG: ChatProvider: useEffect: fetching state from localStorage

[1A[2KBROWSER LOG: Inflating state: %o {current: 0, chat: Array(1), currentChat: 0, currentApp: Object, options: Object}

[1A[2KBROWSER LOG: fetch user

[1A[2KBROWSER LOG: MessageBar: eventProcessor: %o undefined

[1A[2KBROWSER LOG: MessageBar: recognition: %o SpeechRecognition

[1A[2KBROWSER LOG: ChatProvider: useEffect: fetching state from localStorage

[1A[2KBROWSER LOG: Inflating state: %o {current: 0, chat: Array(1), currentChat: 0, currentApp: Object, options: Object}

[1A[2KBROWSER LOG: fetch user

[1A[2KBROWSER LOG: i18next::translator: missingKey en-US translation Always Always

[1A[2KBROWSER LOG: i18next::translator: missingKey en-US translation Never Never

[1A[2KBROWSER LOG: i18next::translator: missingKey en-US translation show_toolbar show_toolbar

[1A[2KBROWSER LOG: i18next::translator: missingKey en-US translation chat_options chat_options

[1A[2KBROWSER LOG: i18next::translator: missingKey en-US translation chat_options chat_options

[1A[2KBROWSER LOG: i18next::translator: missingKey en-US translation model_options model_options

[1A[2KBROWSER LOG: i18next::translator: missingKey en-US translation tool_options tool_options

[1A[2KBROWSER LOG: i18next::translator: missingKey en-US translation MCP Services MCP Services

[1A[2KBROWSER LOG: i18next::translator: missingKey en-US translation Add/Remove MCP Services Add/Remove MCP Services

[1A[2KBROWSER LOG: i18next::translator: missingKey en-US translation Edit MCP Services Edit MCP Services

[1A[2KBROWSER LOG: i18next::translator: missingKey en-US translation Label Label

[1A[2KBROWSER LOG: i18next::translator: missingKey en-US translation Server URL Server URL

[1A[2KBROWSER LOG: i18next::translator: missingKey en-US translation Require Approval Require Approval

[1A[2KBROWSER LOG: i18next::translator: missingKey en-US translation Allowed Tools Allowed Tools

[1A[2KBROWSER LOG: i18next::translator: missingKey en-US translation Comma separated Comma separated

[1A[2KBROWSER LOG: i18next::translator: missingKey en-US translation Add/Save Service Add/Save Service

[1A[2KBROWSER LOG: i18next::translator: missingKey en-US translation MCP Services MCP Services

[1A[2KBROWSER LOG: i18next::translator: missingKey en-US translation new_chat new_chat

[1A[2KBROWSER LOG: i18next::translator: missingKey en-US translation new_chat new_chat

[1A[2KBROWSER LOG: i18next::translator: missingKey en-US translation new_chat new_chat

[1A[2KBROWSER LOG: i18next::translator: missingKey en-US translation download_thread download_thread

[1A[2KBROWSER LOG: i18next::translator: missingKey en-US translation download_thread download_thread

[1A[2KBROWSER LOG: i18next::translator: missingKey en-US translation download_json download_json

[1A[2KBROWSER LOG: i18next::translator: missingKey en-US translation download_markdown download_markdown

[1A[2KBROWSER LOG: i18next::translator: missingKey en-US translation usage_information usage_information

[1A[2KBROWSER LOG: i18next::translator: missingKey en-US translation usage_information usage_information

[1A[2KBROWSER LOG: i18next::translator: missingKey en-US translation usage_information usage_information

[1A[2KBROWSER LOG: i18next::translator: missingKey en-US translation User information User information

[1A[2KBROWSER LOG: i18next::translator: missingKey en-US translation Always Always

[1A[2KBROWSER LOG: i18next::translator: missingKey en-US translation Never Never

[1A[2KBROWSER LOG: i18next::translator: missingKey en-US translation show_toolbar show_toolbar

[1A[2KBROWSER LOG: i18next::translator: missingKey en-US translation chat_options chat_options

[1A[2KBROWSER LOG: i18next::translator: missingKey en-US translation chat_options chat_options

[1A[2KBROWSER LOG: i18next::translator: missingKey en-US translation model_options model_options

[1A[2KBROWSER LOG: i18next::translator: missingKey en-US translation tool_options tool_options

[1A[2KBROWSER LOG: i18next::translator: missingKey en-US translation MCP Services MCP Services

[1A[2KBROWSER LOG: i18next::translator: missingKey en-US translation Add/Remove MCP Services Add/Remove MCP Services

[1A[2KBROWSER LOG: i18next::translator: missingKey en-US translation Edit MCP Services Edit MCP Services

[1A[2KBROWSER LOG: i18next::translator: missingKey en-US translation Label Label

[1A[2KBROWSER LOG: i18next::translator: missingKey en-US translation Server URL Server URL

[1A[2KBROWSER LOG: i18next::translator: missingKey en-US translation Require Approval Require Approval

[1A[2KBROWSER LOG: i18next::translator: missingKey en-US translation Allowed Tools Allowed Tools

[1A[2KBROWSER LOG: i18next::translator: missingKey en-US translation Comma separated Comma separated

[1A[2KBROWSER LOG: i18next::translator: missingKey en-US translation Add/Save Service Add/Save Service

[1A[2KBROWSER LOG: i18next::translator: missingKey en-US translation MCP Services MCP Services

[1A[2KBROWSER LOG: i18next::translator: missingKey en-US translation new_chat new_chat

[1A[2KBROWSER LOG: i18next::translator: missingKey en-US translation new_chat new_chat

[1A[2KBROWSER LOG: i18next::translator: missingKey en-US translation new_chat new_chat

[1A[2KBROWSER LOG: i18next::translator: missingKey en-US translation download_thread download_thread

[1A[2KBROWSER LOG: i18next::translator: missingKey en-US translation download_thread download_thread

[1A[2KBROWSER LOG: i18next::translator: missingKey en-US translation download_json download_json

[1A[2KBROWSER LOG: i18next::translator: missingKey en-US translation download_markdown download_markdown

[1A[2KBROWSER LOG: i18next::translator: missingKey en-US translation usage_information usage_information

[1A[2KBROWSER LOG: i18next::translator: missingKey en-US translation usage_information usage_information

[1A[2KBROWSER LOG: i18next::translator: missingKey en-US translation usage_information usage_information

[1A[2KBROWSER LOG: i18next::translator: missingKey en-US translation User information User information

[1A[2KBROWSER LOG: i18next::translator: missingKey en-US translation chat_history chat_history

[1A[2KBROWSER LOG: i18next::translator: missingKey en-US translation chat_history chat_history

[1A[2KBROWSER LOG: i18next::translator: missingKey en-US translation close close

[1A[2KBROWSER LOG: i18next::translator: missingKey en-US translation chat_history chat_history

[1A[2KBROWSER LOG: i18next::translator: missingKey en-US translation empty_chat empty_chat

[1A[2KBROWSER LOG: i18next::translator: missingKey en-US translation delete_chat delete_chat

[1A[2KBROWSER LOG: i18next::translator: missingKey en-US translation new_chat new_chat

[1A[2KBROWSER LOG: i18next::translator: missingKey en-US translation new_chat new_chat

[1A[2KBROWSER LOG: i18next::translator: missingKey en-US translation close close

[1A[2KBROWSER LOG: i18next::translator: missingKey en-US translation chat_history chat_history

[1A[2KBROWSER LOG: i18next::translator: missingKey en-US translation chat_history chat_history

[1A[2KBROWSER LOG: i18next::translator: missingKey en-US translation close close

[1A[2KBROWSER LOG: i18next::translator: missingKey en-US translation chat_history chat_history

[1A[2KBROWSER LOG: i18next::translator: missingKey en-US translation empty_chat empty_chat

[1A[2KBROWSER LOG: i18next::translator: missingKey en-US translation delete_chat delete_chat

[1A[2KBROWSER LOG: i18next::translator: missingKey en-US translation new_chat new_chat

[1A[2KBROWSER LOG: i18next::translator: missingKey en-US translation new_chat new_chat

[1A[2KBROWSER LOG: i18next::translator: missingKey en-US translation close close

[1A[2KBROWSER LOG: i18next::translator: missingKey en-US translation open_issue open_issue

[1A[2KBROWSER LOG: i18next::translator: missingKey en-US translation open_issue open_issue

[1A[2KBROWSER LOG: i18next::translator: missingKey en-US translation release_notes release_notes

[1A[2KBROWSER LOG: i18next::translator: missingKey en-US translation open_issue open_issue

[1A[2KBROWSER LOG: i18next::translator: missingKey en-US translation open_issue open_issue

[1A[2KBROWSER LOG: i18next::translator: missingKey en-US translation open_issue open_issue

[1A[2KBROWSER LOG: i18next::translator: missingKey en-US translation open_issue open_issue

[1A[2KBROWSER LOG: i18next::translator: missingKey en-US translation open_issue open_issue

[1A[2KBROWSER LOG: i18next::translator: missingKey en-US translation release_notes release_notes

[1A[2KBROWSER LOG: i18next::translator: missingKey en-US translation open_issue open_issue

[1A[2KBROWSER LOG: i18next::translator: missingKey en-US translation open_issue open_issue

[1A[2KBROWSER LOG: i18next::translator: missingKey en-US translation open_issue open_issue

[1A[2KBROWSER LOG: i18next::translator: missingKey en-US translation Remove Message Remove Message

[1A[2KBROWSER LOG: i18next::translator: missingKey en-US translation Remove Message Remove Message

[1A[2K[firefox] › playwright/tests/authorized/image_generation.spec.ts:3:1 › Image Generation
BROWSER LOG: i18next: languageChanged en-US

[1A[2KBROWSER LOG: i18next: initialized JSHandle@object

[1A[2KBROWSER LOG: i18next::translator: missingKey en-US translation chatbot_description chatbot_description

[1A[2KBROWSER LOG: i18next::translator: missingKey en-US translation chat_mode_desc chat_mode_desc

[1A[2KBROWSER LOG: i18next::translator: missingKey en-US translation assistant_mode_desc assistant_mode_desc

[1A[2K[chromium] › playwright/tests/authorized/image_generation.spec.ts:3:1 › Image Generation
BROWSER LOG: i18next::translator: missingKey en-US translation Enter something.... Enter something....

[1A[2KBROWSER LOG: i18next::translator: missingKey en-US translation Code Editor Code Editor

[1A[2KBROWSER LOG: i18next::translator: missingKey en-US translation clear clear

[1A[2KBROWSER LOG: i18next::translator: missingKey en-US translation send send

[1A[2KBROWSER LOG: i18next::translator: missingKey en-US translation COMMAND_ENTER COMMAND_ENTER

[1A[2KBROWSER LOG: i18next::translator: missingKey en-US translation Enter something.... Enter something....

[1A[2KBROWSER LOG: i18next::translator: missingKey en-US translation Code Editor Code Editor

[1A[2KBROWSER LOG: i18next::translator: missingKey en-US translation clear clear

[1A[2KBROWSER LOG: i18next::translator: missingKey en-US translation send send

[1A[2KBROWSER LOG: i18next::translator: missingKey en-US translation COMMAND_ENTER COMMAND_ENTER

[1A[2K[firefox] › playwright/tests/authorized/image_generation.spec.ts:3:1 › Image Generation
BROWSER LOG: Blocking Track

[1A[2KBROWSER LOG: Transition Track

[1A[2KBROWSER LOG: Suspense Track

[1A[2KBROWSER LOG: Idle Track

[1A[2KBROWSER LOG: light light

[1A[2KBROWSER LOG: light light

[1A[2K[chromium] › playwright/tests/authorized/image_generation.spec.ts:3:1 › Image Generation
BROWSER LOG: getting user:  200

[1A[2KBROWSER LOG: getting user:  200

[1A[2KBROWSER LOG: userText: %s 
# No Access

Access to the chat is only available to members of FH SWF. If you are a member, please log in with your university credentials.


[1A[2KBROWSER LOG: userText: %s 
# No Access

Access to the chat is only available to members of FH SWF. If you are a member, please log in with your university credentials.


[1A[2KBROWSER LOG: i18next::translator: missingKey en-US translation Always Always

[1A[2KBROWSER LOG: i18next::translator: missingKey en-US translation Never Never

[1A[2KBROWSER LOG: i18next::translator: missingKey en-US translation show_toolbar show_toolbar

[1A[2KBROWSER LOG: i18next::translator: missingKey en-US translation chat_options chat_options

[1A[2KBROWSER LOG: i18next::translator: missingKey en-US translation chat_options chat_options

[1A[2KBROWSER LOG: i18next::translator: missingKey en-US translation model_options model_options

[1A[2KBROWSER LOG: i18next::translator: missingKey en-US translation tool_options tool_options

[1A[2KBROWSER LOG: i18next::translator: missingKey en-US translation MCP Services MCP Services

[1A[2KBROWSER LOG: i18next::translator: missingKey en-US translation Add/Remove MCP Services Add/Remove MCP Services

[1A[2KBROWSER LOG: i18next::translator: missingKey en-US translation Edit MCP Services Edit MCP Services

[1A[2KBROWSER LOG: i18next::translator: missingKey en-US translation Label Label

[1A[2KBROWSER LOG: i18next::translator: missingKey en-US translation Server URL Server URL

[1A[2KBROWSER LOG: i18next::translator: missingKey en-US translation Require Approval Require Approval

[1A[2KBROWSER LOG: i18next::translator: missingKey en-US translation Allowed Tools Allowed Tools

[1A[2KBROWSER LOG: i18next::translator: missingKey en-US translation Comma separated Comma separated

[1A[2KBROWSER LOG: i18next::translator: missingKey en-US translation Add/Save Service Add/Save Service

[1A[2KBROWSER LOG: i18next::translator: missingKey en-US translation MCP Services MCP Services

[1A[2KBROWSER LOG: i18next::translator: missingKey en-US translation new_chat new_chat

[1A[2KBROWSER LOG: i18next::translator: missingKey en-US translation new_chat new_chat

[1A[2KBROWSER LOG: i18next::translator: missingKey en-US translation new_chat new_chat

[1A[2KBROWSER LOG: i18next::translator: missingKey en-US translation download_thread download_thread

[1A[2KBROWSER LOG: i18next::translator: missingKey en-US translation download_thread download_thread

[1A[2KBROWSER LOG: i18next::translator: missingKey en-US translation download_json download_json

[1A[2KBROWSER LOG: i18next::translator: missingKey en-US translation download_markdown download_markdown

[1A[2KBROWSER LOG: i18next::translator: missingKey en-US translation usage_information usage_information

[1A[2KBROWSER LOG: i18next::translator: missingKey en-US translation usage_information usage_information

[1A[2KBROWSER LOG: i18next::translator: missingKey en-US translation usage_information usage_information

[1A[2KBROWSER LOG: i18next::translator: missingKey en-US translation User information User information

[1A[2KBROWSER LOG: i18next::translator: missingKey en-US translation Always Always

[1A[2KBROWSER LOG: i18next::translator: missingKey en-US translation Never Never

[1A[2KBROWSER LOG: i18next::translator: missingKey en-US translation show_toolbar show_toolbar

[1A[2KBROWSER LOG: i18next::translator: missingKey en-US translation chat_options chat_options

[1A[2KBROWSER LOG: i18next::translator: missingKey en-US translation chat_options chat_options

[1A[2KBROWSER LOG: i18next::translator: missingKey en-US translation model_options model_options

[1A[2KBROWSER LOG: i18next::translator: missingKey en-US translation tool_options tool_options

[1A[2KBROWSER LOG: i18next::translator: missingKey en-US translation MCP Services MCP Services

[1A[2KBROWSER LOG: i18next::translator: missingKey en-US translation Add/Remove MCP Services Add/Remove MCP Services

[1A[2KBROWSER LOG: i18next::translator: missingKey en-US translation Edit MCP Services Edit MCP Services

[1A[2KBROWSER LOG: i18next::translator: missingKey en-US translation Label Label

[1A[2KBROWSER LOG: i18next::translator: missingKey en-US translation Server URL Server URL

[1A[2KBROWSER LOG: i18next::translator: missingKey en-US translation Require Approval Require Approval

[1A[2KBROWSER LOG: i18next::translator: missingKey en-US translation Allowed Tools Allowed Tools

[1A[2KBROWSER LOG: i18next::translator: missingKey en-US translation Comma separated Comma separated

[1A[2KBROWSER LOG: i18next::translator: missingKey en-US translation Add/Save Service Add/Save Service

[1A[2KBROWSER LOG: i18next::translator: missingKey en-US translation MCP Services MCP Services

[1A[2KBROWSER LOG: i18next::translator: missingKey en-US translation new_chat new_chat

[1A[2KBROWSER LOG: i18next::translator: missingKey en-US translation new_chat new_chat

[1A[2KBROWSER LOG: i18next::translator: missingKey en-US translation new_chat new_chat

[1A[2KBROWSER LOG: i18next::translator: missingKey en-US translation download_thread download_thread

[1A[2KBROWSER LOG: i18next::translator: missingKey en-US translation download_thread download_thread

[1A[2K[firefox] › playwright/tests/authorized/image_generation.spec.ts:3:1 › Image Generation
BROWSER LOG: Render

[1A[2K[chromium] › playwright/tests/authorized/image_generation.spec.ts:3:1 › Image Generation
BROWSER LOG: i18next::translator: missingKey en-US translation download_json download_json

[1A[2KBROWSER LOG: i18next::translator: missingKey en-US translation download_markdown download_markdown

[1A[2KBROWSER LOG: i18next::translator: missingKey en-US translation usage_information usage_information

[1A[2KBROWSER LOG: i18next::translator: missingKey en-US translation usage_information usage_information

[1A[2KBROWSER LOG: i18next::translator: missingKey en-US translation usage_information usage_information

[1A[2KBROWSER LOG: i18next::translator: missingKey en-US translation User information User information

[1A[2KBROWSER LOG: i18next::translator: missingKey en-US translation chat_history chat_history

[1A[2KBROWSER LOG: i18next::translator: missingKey en-US translation chat_history chat_history

[1A[2KBROWSER LOG: i18next::translator: missingKey en-US translation close close

[1A[2KBROWSER LOG: i18next::translator: missingKey en-US translation chat_history chat_history

[1A[2KBROWSER LOG: i18next::translator: missingKey en-US translation empty_chat empty_chat

[1A[2KBROWSER LOG: i18next::translator: missingKey en-US translation delete_chat delete_chat

[1A[2KBROWSER LOG: i18next::translator: missingKey en-US translation new_chat new_chat

[1A[2KBROWSER LOG: i18next::translator: missingKey en-US translation new_chat new_chat

[1A[2KBROWSER LOG: i18next::translator: missingKey en-US translation close close

[1A[2KBROWSER LOG: i18next::translator: missingKey en-US translation chat_history chat_history

[1A[2KBROWSER LOG: i18next::translator: missingKey en-US translation chat_history chat_history

[1A[2KBROWSER LOG: i18next::translator: missingKey en-US translation close close

[1A[2KBROWSER LOG: i18next::translator: missingKey en-US translation chat_history chat_history

[1A[2KBROWSER LOG: i18next::translator: missingKey en-US translation empty_chat empty_chat

[1A[2K[firefox] › playwright/tests/authorized/image_generation.spec.ts:3:1 › Image Generation
BROWSER LOG: ProgressRoot

[1A[2KBROWSER LOG: Commit

[1A[2K[chromium] › playwright/tests/authorized/image_generation.spec.ts:3:1 › Image Generation
BROWSER LOG: i18next::translator: missingKey en-US translation delete_chat delete_chat

[1A[2KBROWSER LOG: i18next::translator: missingKey en-US translation new_chat new_chat

[1A[2KBROWSER LOG: i18next::translator: missingKey en-US translation new_chat new_chat

[1A[2KBROWSER LOG: i18next::translator: missingKey en-US translation close close

[1A[2K[firefox] › playwright/tests/authorized/image_generation.spec.ts:3:1 › Image Generation
BROWSER LOG: Waiting for Paint

[1A[2KBROWSER LOG: Provider

[1A[2KBROWSER LOG: ChakraProvider

[1A[2K[chromium] › playwright/tests/authorized/image_generation.spec.ts:3:1 › Image Generation
BROWSER LOG: i18next::translator: missingKey en-US translation open_issue open_issue

[1A[2K[firefox] › playwright/tests/authorized/image_generation.spec.ts:3:1 › Image Generation
BROWSER LOG: EmotionGlobal

[1A[2KBROWSER LOG: EmotionGlobal

[1A[2K[chromium] › playwright/tests/authorized/image_generation.spec.ts:3:1 › Image Generation
BROWSER LOG: i18next::translator: missingKey en-US translation open_issue open_issue

[1A[2K[firefox] › playwright/tests/authorized/image_generation.spec.ts:3:1 › Image Generation
BROWSER LOG: ColorModeProvider

[1A[2K[chromium] › playwright/tests/authorized/image_generation.spec.ts:3:1 › Image Generation
BROWSER LOG: i18next::translator: missingKey en-US translation release_notes release_notes

[1A[2KBROWSER LOG: i18next::translator: missingKey en-US translation open_issue open_issue

[1A[2KBROWSER LOG: i18next::translator: missingKey en-US translation open_issue open_issue

[1A[2KBROWSER LOG: i18next::translator: missingKey en-US translation open_issue open_issue

[1A[2KBROWSER LOG: i18next::translator: missingKey en-US translation open_issue open_issue

[1A[2K[firefox] › playwright/tests/authorized/image_generation.spec.ts:3:1 › Image Generation
BROWSER LOG: J

[1A[2K[chromium] › playwright/tests/authorized/image_generation.spec.ts:3:1 › Image Generation
BROWSER LOG: i18next::translator: missingKey en-US translation open_issue open_issue

[1A[2KBROWSER LOG: i18next::translator: missingKey en-US translation release_notes release_notes

[1A[2K[firefox] › playwright/tests/authorized/image_generation.spec.ts:3:1 › Image Generation
BROWSER LOG: V

[1A[2K[chromium] › playwright/tests/authorized/image_generation.spec.ts:3:1 › Image Generation
BROWSER LOG: i18next::translator: missingKey en-US translation open_issue open_issue

[1A[2K[firefox] › playwright/tests/authorized/image_generation.spec.ts:3:1 › Image Generation
BROWSER LOG: ChatApp

[1A[2K[chromium] › playwright/tests/authorized/image_generation.spec.ts:3:1 › Image Generation
BROWSER LOG: i18next::translator: missingKey en-US translation open_issue open_issue

[1A[2KBROWSER LOG: i18next::translator: missingKey en-US translation open_issue open_issue

[1A[2K[firefox] › playwright/tests/authorized/image_generation.spec.ts:3:1 › Image Generation
BROWSER LOG: ProgressRoot

[1A[2KBROWSER LOG: chakra(ProgressRoot)

[1A[2KBROWSER LOG: Insertion5

[1A[2KBROWSER LOG: ProgressRoot

[1A[2KBROWSER LOG: ForwardRef

[1A[2KBROWSER LOG: V

[1A[2KBROWSER LOG: Remaining Effects

[1A[2KBROWSER LOG: Blocking Track

[1A[2KBROWSER LOG: Transition Track

[1A[2KBROWSER LOG: Suspense Track

[1A[2KBROWSER LOG: Idle Track

[1A[2K[chromium] › playwright/tests/authorized/image_generation.spec.ts:3:1 › Image Generation
BROWSER LOG: i18next::translator: missingKey en-US translation Theme Theme

[1A[2KBROWSER LOG: i18next::translator: missingKey en-US translation Config Config

[1A[2KBROWSER LOG: i18next::translator: missingKey en-US translation Minimize Minimize

[1A[2KBROWSER LOG: i18next::translator: missingKey en-US translation about about

[1A[2KBROWSER LOG: i18next::translator: missingKey en-US translation about about

[1A[2KBROWSER LOG: i18next::translator: missingKey en-US translation About About

[1A[2KBROWSER LOG: i18next::translator: missingKey en-US translation Accept Terms Accept Terms

[1A[2KBROWSER LOG: i18next::translator: missingKey en-US translation Theme Theme

[1A[2KBROWSER LOG: i18next::translator: missingKey en-US translation Config Config

[1A[2KBROWSER LOG: i18next::translator: missingKey en-US translation Minimize Minimize

[1A[2KBROWSER LOG: i18next::translator: missingKey en-US translation about about

[1A[2KBROWSER LOG: i18next::translator: missingKey en-US translation about about

[1A[2KBROWSER LOG: i18next::translator: missingKey en-US translation About About

[1A[2KBROWSER LOG: i18next::translator: missingKey en-US translation Accept Terms Accept Terms

[1A[2KBROWSER LOG: i18next::translator: missingKey en-US translation Remove Message Remove Message

[1A[2KBROWSER LOG: i18next::translator: missingKey en-US translation Remove Message Remove Message

[1A[2KBROWSER LOG: i18next::translator: missingKey en-US translation Enter something.... Enter something....

[1A[2KBROWSER LOG: i18next::translator: missingKey en-US translation Code Editor Code Editor

[1A[2KBROWSER LOG: i18next::translator: missingKey en-US translation clear clear

[1A[2KBROWSER LOG: i18next::translator: missingKey en-US translation send send

[1A[2KBROWSER LOG: i18next::translator: missingKey en-US translation COMMAND_ENTER COMMAND_ENTER

[1A[2KBROWSER LOG: i18next::translator: missingKey en-US translation Enter something.... Enter something....

[1A[2KBROWSER LOG: i18next::translator: missingKey en-US translation Code Editor Code Editor

[1A[2KBROWSER LOG: i18next::translator: missingKey en-US translation clear clear

[1A[2KBROWSER LOG: i18next::translator: missingKey en-US translation send send

[1A[2KBROWSER LOG: i18next::translator: missingKey en-US translation COMMAND_ENTER COMMAND_ENTER

[1A[2KBROWSER LOG: i18next::translator: missingKey en-US translation Always Always

[1A[2KBROWSER LOG: i18next::translator: missingKey en-US translation Never Never

[1A[2KBROWSER LOG: i18next::translator: missingKey en-US translation show_toolbar show_toolbar

[1A[2KBROWSER LOG: i18next::translator: missingKey en-US translation chat_options chat_options

[1A[2KBROWSER LOG: i18next::translator: missingKey en-US translation chat_options chat_options

[1A[2KBROWSER LOG: i18next::translator: missingKey en-US translation model_options model_options

[1A[2KBROWSER LOG: i18next::translator: missingKey en-US translation tool_options tool_options

[1A[2KBROWSER LOG: i18next::translator: missingKey en-US translation MCP Services MCP Services

[1A[2KBROWSER LOG: i18next::translator: missingKey en-US translation Add/Remove MCP Services Add/Remove MCP Services

[1A[2KBROWSER LOG: i18next::translator: missingKey en-US translation Edit MCP Services Edit MCP Services

[1A[2KBROWSER LOG: i18next::translator: missingKey en-US translation Label Label

[1A[2KBROWSER LOG: i18next::translator: missingKey en-US translation Server URL Server URL

[1A[2KBROWSER LOG: i18next::translator: missingKey en-US translation Require Approval Require Approval

[1A[2KBROWSER LOG: i18next::translator: missingKey en-US translation Allowed Tools Allowed Tools

[1A[2KBROWSER LOG: i18next::translator: missingKey en-US translation Comma separated Comma separated

[1A[2KBROWSER LOG: i18next::translator: missingKey en-US translation Add/Save Service Add/Save Service

[1A[2KBROWSER LOG: i18next::translator: missingKey en-US translation MCP Services MCP Services

[1A[2KBROWSER LOG: i18next::translator: missingKey en-US translation new_chat new_chat

[1A[2KBROWSER LOG: i18next::translator: missingKey en-US translation new_chat new_chat

[1A[2KBROWSER LOG: i18next::translator: missingKey en-US translation new_chat new_chat

[1A[2KBROWSER LOG: i18next::translator: missingKey en-US translation download_thread download_thread

[1A[2KBROWSER LOG: i18next::translator: missingKey en-US translation download_thread download_thread

[1A[2KBROWSER LOG: i18next::translator: missingKey en-US translation download_json download_json

[1A[2KBROWSER LOG: i18next::translator: missingKey en-US translation download_markdown download_markdown

[1A[2KBROWSER LOG: i18next::translator: missingKey en-US translation usage_information usage_information

[1A[2KBROWSER LOG: i18next::translator: missingKey en-US translation usage_information usage_information

[1A[2KBROWSER LOG: i18next::translator: missingKey en-US translation usage_information usage_information

[1A[2KBROWSER LOG: i18next::translator: missingKey en-US translation User information User information

[1A[2KBROWSER LOG: i18next::translator: missingKey en-US translation Always Always

[1A[2KBROWSER LOG: i18next::translator: missingKey en-US translation Never Never

[1A[2KBROWSER LOG: i18next::translator: missingKey en-US translation show_toolbar show_toolbar

[1A[2KBROWSER LOG: i18next::translator: missingKey en-US translation chat_options chat_options

[1A[2KBROWSER LOG: i18next::translator: missingKey en-US translation chat_options chat_options

[1A[2KBROWSER LOG: i18next::translator: missingKey en-US translation model_options model_options

[1A[2KBROWSER LOG: i18next::translator: missingKey en-US translation tool_options tool_options

[1A[2KBROWSER LOG: i18next::translator: missingKey en-US translation MCP Services MCP Services

[1A[2KBROWSER LOG: i18next::translator: missingKey en-US translation Add/Remove MCP Services Add/Remove MCP Services

[1A[2KBROWSER LOG: i18next::translator: missingKey en-US translation Edit MCP Services Edit MCP Services

[1A[2KBROWSER LOG: i18next::translator: missingKey en-US translation Label Label

[1A[2KBROWSER LOG: i18next::translator: missingKey en-US translation Server URL Server URL

[1A[2KBROWSER LOG: i18next::translator: missingKey en-US translation Require Approval Require Approval

[1A[2KBROWSER LOG: i18next::translator: missingKey en-US translation Allowed Tools Allowed Tools

[1A[2KBROWSER LOG: i18next::translator: missingKey en-US translation Comma separated Comma separated

[1A[2KBROWSER LOG: i18next::translator: missingKey en-US translation Add/Save Service Add/Save Service

[1A[2KBROWSER LOG: i18next::translator: missingKey en-US translation MCP Services MCP Services

[1A[2KBROWSER LOG: i18next::translator: missingKey en-US translation new_chat new_chat

[1A[2KBROWSER LOG: i18next::translator: missingKey en-US translation new_chat new_chat

[1A[2KBROWSER LOG: i18next::translator: missingKey en-US translation new_chat new_chat

[1A[2KBROWSER LOG: i18next::translator: missingKey en-US translation download_thread download_thread

[1A[2KBROWSER LOG: i18next::translator: missingKey en-US translation download_thread download_thread

[1A[2KBROWSER LOG: i18next::translator: missingKey en-US translation download_json download_json

[1A[2KBROWSER LOG: i18next::translator: missingKey en-US translation download_markdown download_markdown

[1A[2KBROWSER LOG: i18next::translator: missingKey en-US translation usage_information usage_information

[1A[2KBROWSER LOG: i18next::translator: missingKey en-US translation usage_information usage_information

[1A[2KBROWSER LOG: i18next::translator: missingKey en-US translation usage_information usage_information

[1A[2KBROWSER LOG: i18next::translator: missingKey en-US translation User information User information

[1A[2KBROWSER LOG: i18next::translator: missingKey en-US translation chat_history chat_history

[1A[2KBROWSER LOG: i18next::translator: missingKey en-US translation chat_history chat_history

[1A[2KBROWSER LOG: i18next::translator: missingKey en-US translation close close

[1A[2KBROWSER LOG: i18next::translator: missingKey en-US translation chat_history chat_history

[1A[2KBROWSER LOG: i18next::translator: missingKey en-US translation empty_chat empty_chat

[1A[2KBROWSER LOG: i18next::translator: missingKey en-US translation delete_chat delete_chat

[1A[2KBROWSER LOG: i18next::translator: missingKey en-US translation new_chat new_chat

[1A[2KBROWSER LOG: i18next::translator: missingKey en-US translation new_chat new_chat

[1A[2KBROWSER LOG: i18next::translator: missingKey en-US translation close close

[1A[2KBROWSER LOG: i18next::translator: missingKey en-US translation chat_history chat_history

[1A[2KBROWSER LOG: i18next::translator: missingKey en-US translation chat_history chat_history

[1A[2KBROWSER LOG: i18next::translator: missingKey en-US translation close close

[1A[2KBROWSER LOG: i18next::translator: missingKey en-US translation chat_history chat_history

[1A[2KBROWSER LOG: i18next::translator: missingKey en-US translation empty_chat empty_chat

[1A[2KBROWSER LOG: i18next::translator: missingKey en-US translation delete_chat delete_chat

[1A[2KBROWSER LOG: i18next::translator: missingKey en-US translation new_chat new_chat

[1A[2KBROWSER LOG: i18next::translator: missingKey en-US translation new_chat new_chat

[1A[2KBROWSER LOG: i18next::translator: missingKey en-US translation close close

[1A[2KBROWSER LOG: i18next::translator: missingKey en-US translation open_issue open_issue

[1A[2KBROWSER LOG: i18next::translator: missingKey en-US translation open_issue open_issue

[1A[2KBROWSER LOG: i18next::translator: missingKey en-US translation release_notes release_notes

[1A[2KBROWSER LOG: i18next::translator: missingKey en-US translation open_issue open_issue

[1A[2KBROWSER LOG: i18next::translator: missingKey en-US translation open_issue open_issue

[1A[2KBROWSER LOG: i18next::translator: missingKey en-US translation open_issue open_issue

[1A[2KBROWSER LOG: i18next::translator: missingKey en-US translation open_issue open_issue

[1A[2KBROWSER LOG: i18next::translator: missingKey en-US translation open_issue open_issue

[1A[2KBROWSER LOG: i18next::translator: missingKey en-US translation release_notes release_notes

[1A[2KBROWSER LOG: i18next::translator: missingKey en-US translation open_issue open_issue

[1A[2KBROWSER LOG: i18next::translator: missingKey en-US translation open_issue open_issue

[1A[2KBROWSER LOG: i18next::translator: missingKey en-US translation open_issue open_issue

[1A[2KBROWSER LOG: i18next::translator: missingKey en-US translation Remove Message Remove Message

[1A[2KBROWSER LOG: i18next::translator: missingKey en-US translation Remove Message Remove Message

[1A[2KBROWSER LOG: userText: %s 
# No Access

Access to the chat is only available to members of FH SWF. If you are a member, please log in with your university credentials.


[1A[2KBROWSER LOG: userText: %s 
# No Access

Access to the chat is only available to members of FH SWF. If you are a member, please log in with your university credentials.


[1A[2KBROWSER LOG: i18next::translator: missingKey en-US translation Always Always

[1A[2KBROWSER LOG: i18next::translator: missingKey en-US translation Never Never

[1A[2KBROWSER LOG: i18next::translator: missingKey en-US translation show_toolbar show_toolbar

[1A[2KBROWSER LOG: i18next::translator: missingKey en-US translation chat_options chat_options

[1A[2KBROWSER LOG: i18next::translator: missingKey en-US translation chat_options chat_options

[1A[2KBROWSER LOG: i18next::translator: missingKey en-US translation model_options model_options

[1A[2KBROWSER LOG: i18next::translator: missingKey en-US translation tool_options tool_options

[1A[2KBROWSER LOG: i18next::translator: missingKey en-US translation MCP Services MCP Services

[1A[2KBROWSER LOG: i18next::translator: missingKey en-US translation Add/Remove MCP Services Add/Remove MCP Services

[1A[2KBROWSER LOG: i18next::translator: missingKey en-US translation Edit MCP Services Edit MCP Services

[1A[2KBROWSER LOG: i18next::translator: missingKey en-US translation Label Label

[1A[2KBROWSER LOG: i18next::translator: missingKey en-US translation Server URL Server URL

[1A[2KBROWSER LOG: i18next::translator: missingKey en-US translation Require Approval Require Approval

[1A[2KBROWSER LOG: i18next::translator: missingKey en-US translation Allowed Tools Allowed Tools

[1A[2KBROWSER LOG: i18next::translator: missingKey en-US translation Comma separated Comma separated

[1A[2KBROWSER LOG: i18next::translator: missingKey en-US translation Add/Save Service Add/Save Service

[1A[2KBROWSER LOG: i18next::translator: missingKey en-US translation MCP Services MCP Services

[1A[2KBROWSER LOG: i18next::translator: missingKey en-US translation new_chat new_chat

[1A[2KBROWSER LOG: i18next::translator: missingKey en-US translation new_chat new_chat

[1A[2KBROWSER LOG: i18next::translator: missingKey en-US translation new_chat new_chat

[1A[2KBROWSER LOG: i18next::translator: missingKey en-US translation download_thread download_thread

[1A[2KBROWSER LOG: i18next::translator: missingKey en-US translation download_thread download_thread

[1A[2KBROWSER LOG: i18next::translator: missingKey en-US translation download_json download_json

[1A[2KBROWSER LOG: i18next::translator: missingKey en-US translation download_markdown download_markdown

[1A[2KBROWSER LOG: i18next::translator: missingKey en-US translation usage_information usage_information

[1A[2KBROWSER LOG: i18next::translator: missingKey en-US translation usage_information usage_information

[1A[2KBROWSER LOG: i18next::translator: missingKey en-US translation usage_information usage_information

[1A[2KBROWSER LOG: i18next::translator: missingKey en-US translation User information User information

[1A[2KBROWSER LOG: i18next::translator: missingKey en-US translation Always Always

[1A[2KBROWSER LOG: i18next::translator: missingKey en-US translation Never Never

[1A[2KBROWSER LOG: i18next::translator: missingKey en-US translation show_toolbar show_toolbar

[1A[2KBROWSER LOG: i18next::translator: missingKey en-US translation chat_options chat_options

[1A[2KBROWSER LOG: i18next::translator: missingKey en-US translation chat_options chat_options

[1A[2KBROWSER LOG: i18next::translator: missingKey en-US translation model_options model_options

[1A[2KBROWSER LOG: i18next::translator: missingKey en-US translation tool_options tool_options

[1A[2KBROWSER LOG: i18next::translator: missingKey en-US translation MCP Services MCP Services

[1A[2KBROWSER LOG: i18next::translator: missingKey en-US translation Add/Remove MCP Services Add/Remove MCP Services

[1A[2KBROWSER LOG: i18next::translator: missingKey en-US translation Edit MCP Services Edit MCP Services

[1A[2KBROWSER LOG: i18next::translator: missingKey en-US translation Label Label

[1A[2KBROWSER LOG: i18next::translator: missingKey en-US translation Server URL Server URL

[1A[2KBROWSER LOG: i18next::translator: missingKey en-US translation Require Approval Require Approval

[1A[2KBROWSER LOG: i18next::translator: missingKey en-US translation Allowed Tools Allowed Tools

[1A[2KBROWSER LOG: i18next::translator: missingKey en-US translation Comma separated Comma separated

[1A[2KBROWSER LOG: i18next::translator: missingKey en-US translation Add/Save Service Add/Save Service

[1A[2KBROWSER LOG: i18next::translator: missingKey en-US translation MCP Services MCP Services

[1A[2KBROWSER LOG: i18next::translator: missingKey en-US translation new_chat new_chat

[1A[2KBROWSER LOG: i18next::translator: missingKey en-US translation new_chat new_chat

[1A[2KBROWSER LOG: i18next::translator: missingKey en-US translation new_chat new_chat

[1A[2KBROWSER LOG: i18next::translator: missingKey en-US translation download_thread download_thread

[1A[2KBROWSER LOG: i18next::translator: missingKey en-US translation download_thread download_thread

[1A[2KBROWSER LOG: i18next::translator: missingKey en-US translation download_json download_json

[1A[2KBROWSER LOG: i18next::translator: missingKey en-US translation download_markdown download_markdown

[1A[2KBROWSER LOG: i18next::translator: missingKey en-US translation usage_information usage_information

[1A[2KBROWSER LOG: i18next::translator: missingKey en-US translation usage_information usage_information

[1A[2KBROWSER LOG: i18next::translator: missingKey en-US translation usage_information usage_information

[1A[2KBROWSER LOG: i18next::translator: missingKey en-US translation User information User information

[1A[2KBROWSER LOG: i18next::translator: missingKey en-US translation chat_history chat_history

[1A[2KBROWSER LOG: i18next::translator: missingKey en-US translation chat_history chat_history

[1A[2KBROWSER LOG: i18next::translator: missingKey en-US translation close close

[1A[2KBROWSER LOG: i18next::translator: missingKey en-US translation chat_history chat_history

[1A[2KBROWSER LOG: i18next::translator: missingKey en-US translation empty_chat empty_chat

[1A[2KBROWSER LOG: i18next::translator: missingKey en-US translation delete_chat delete_chat

[1A[2KBROWSER LOG: i18next::translator: missingKey en-US translation new_chat new_chat

[1A[2KBROWSER LOG: i18next::translator: missingKey en-US translation new_chat new_chat

[1A[2KBROWSER LOG: i18next::translator: missingKey en-US translation close close

[1A[2KBROWSER LOG: i18next::translator: missingKey en-US translation chat_history chat_history

[1A[2KBROWSER LOG: i18next::translator: missingKey en-US translation chat_history chat_history

[1A[2KBROWSER LOG: i18next::translator: missingKey en-US translation close close

[1A[2KBROWSER LOG: i18next::translator: missingKey en-US translation chat_history chat_history

[1A[2KBROWSER LOG: i18next::translator: missingKey en-US translation empty_chat empty_chat

[1A[2KBROWSER LOG: i18next::translator: missingKey en-US translation delete_chat delete_chat

[1A[2KBROWSER LOG: i18next::translator: missingKey en-US translation new_chat new_chat

[1A[2KBROWSER LOG: i18next::translator: missingKey en-US translation new_chat new_chat

[1A[2KBROWSER LOG: i18next::translator: missingKey en-US translation close close

[1A[2KBROWSER LOG: i18next::translator: missingKey en-US translation open_issue open_issue

[1A[2KBROWSER LOG: i18next::translator: missingKey en-US translation open_issue open_issue

[1A[2KBROWSER LOG: i18next::translator: missingKey en-US translation release_notes release_notes

[1A[2KBROWSER LOG: i18next::translator: missingKey en-US translation open_issue open_issue

[1A[2KBROWSER LOG: i18next::translator: missingKey en-US translation open_issue open_issue

[1A[2KBROWSER LOG: i18next::translator: missingKey en-US translation open_issue open_issue

[1A[2KBROWSER LOG: i18next::translator: missingKey en-US translation open_issue open_issue

[1A[2KBROWSER LOG: i18next::translator: missingKey en-US translation open_issue open_issue

[1A[2KBROWSER LOG: i18next::translator: missingKey en-US translation release_notes release_notes

[1A[2KBROWSER LOG: i18next::translator: missingKey en-US translation open_issue open_issue

[1A[2KBROWSER LOG: i18next::translator: missingKey en-US translation open_issue open_issue

[1A[2KBROWSER LOG: i18next::translator: missingKey en-US translation open_issue open_issue

[1A[2KBROWSER LOG: i18next::translator: missingKey en-US translation Theme Theme

[1A[2KBROWSER LOG: i18next::translator: missingKey en-US translation Config Config

[1A[2KBROWSER LOG: i18next::translator: missingKey en-US translation Minimize Minimize

[1A[2KBROWSER LOG: i18next::translator: missingKey en-US translation about about

[1A[2KBROWSER LOG: i18next::translator: missingKey en-US translation about about

[1A[2KBROWSER LOG: i18next::translator: missingKey en-US translation About About

[1A[2KBROWSER LOG: i18next::translator: missingKey en-US translation Accept Terms Accept Terms

[1A[2KBROWSER LOG: i18next::translator: missingKey en-US translation Theme Theme

[1A[2KBROWSER LOG: i18next::translator: missingKey en-US translation Config Config

[1A[2KBROWSER LOG: i18next::translator: missingKey en-US translation Minimize Minimize

[1A[2KBROWSER LOG: i18next::translator: missingKey en-US translation about about

[1A[2KBROWSER LOG: i18next::translator: missingKey en-US translation about about

[1A[2KBROWSER LOG: i18next::translator: missingKey en-US translation About About

[1A[2KBROWSER LOG: i18next::translator: missingKey en-US translation Accept Terms Accept Terms

[1A[2KBROWSER LOG: i18next::translator: missingKey en-US translation Remove Message Remove Message

[1A[2KBROWSER LOG: i18next::translator: missingKey en-US translation Remove Message Remove Message

[1A[2KBROWSER LOG: i18next::translator: missingKey en-US translation Enter something.... Enter something....

[1A[2KBROWSER LOG: i18next::translator: missingKey en-US translation Code Editor Code Editor

[1A[2KBROWSER LOG: i18next::translator: missingKey en-US translation clear clear

[1A[2KBROWSER LOG: i18next::translator: missingKey en-US translation send send

[1A[2KBROWSER LOG: i18next::translator: missingKey en-US translation COMMAND_ENTER COMMAND_ENTER

[1A[2KBROWSER LOG: i18next::translator: missingKey en-US translation Enter something.... Enter something....

[1A[2KBROWSER LOG: i18next::translator: missingKey en-US translation Code Editor Code Editor

[1A[2KBROWSER LOG: i18next::translator: missingKey en-US translation clear clear

[1A[2KBROWSER LOG: i18next::translator: missingKey en-US translation send send

[1A[2KBROWSER LOG: i18next::translator: missingKey en-US translation COMMAND_ENTER COMMAND_ENTER

[1A[2KBROWSER LOG: {release: 0.28.2, build_sha: 30154d3f01cba5bc5559f915f7b73cec5afc1591, repo_url: https://api.github.com/repos/fhswf/openai-ui}

[1A[2KBROWSER LOG: {release: 0.28.2, build_sha: 30154d3f01cba5bc5559f915f7b73cec5afc1591, repo_url: https://api.github.com/repos/fhswf/openai-ui}

[1A[2KBROWSER LOG: updating user:  {name: Christian Gawron, email: playwright@fh-swf.de, sub: 97406161-944c-4dc8-b652-628ffbb5cf51, preferred_username: playwright, affiliations: Object}

[1A[2KBROWSER LOG: updating user:  {name: Christian Gawron, email: playwright@fh-swf.de, sub: 97406161-944c-4dc8-b652-628ffbb5cf51, preferred_username: playwright, affiliations: Object}

[1A[2KBROWSER LOG: userText: %s 
# No Access

Access to the chat is only available to members of FH SWF. If you are a member, please log in with your university credentials.


[1A[2KBROWSER LOG: userText: %s 
# No Access

Access to the chat is only available to members of FH SWF. If you are a member, please log in with your university credentials.


[1A[2KBROWSER LOG: i18next::translator: missingKey en-US translation Always Always

[1A[2KBROWSER LOG: i18next::translator: missingKey en-US translation Never Never

[1A[2KBROWSER LOG: i18next::translator: missingKey en-US translation show_toolbar show_toolbar

[1A[2KBROWSER LOG: i18next::translator: missingKey en-US translation chat_options chat_options

[1A[2KBROWSER LOG: i18next::translator: missingKey en-US translation chat_options chat_options

[1A[2KBROWSER LOG: i18next::translator: missingKey en-US translation model_options model_options

[1A[2KBROWSER LOG: i18next::translator: missingKey en-US translation tool_options tool_options

[1A[2KBROWSER LOG: i18next::translator: missingKey en-US translation MCP Services MCP Services

[1A[2KBROWSER LOG: i18next::translator: missingKey en-US translation Add/Remove MCP Services Add/Remove MCP Services

[1A[2KBROWSER LOG: i18next::translator: missingKey en-US translation Edit MCP Services Edit MCP Services

[1A[2KBROWSER LOG: i18next::translator: missingKey en-US translation Label Label

[1A[2KBROWSER LOG: i18next::translator: missingKey en-US translation Server URL Server URL

[1A[2KBROWSER LOG: i18next::translator: missingKey en-US translation Require Approval Require Approval

[1A[2KBROWSER LOG: i18next::translator: missingKey en-US translation Allowed Tools Allowed Tools

[1A[2KBROWSER LOG: i18next::translator: missingKey en-US translation Comma separated Comma separated

[1A[2KBROWSER LOG: i18next::translator: missingKey en-US translation Add/Save Service Add/Save Service

[1A[2KBROWSER LOG: i18next::translator: missingKey en-US translation MCP Services MCP Services

[1A[2KBROWSER LOG: i18next::translator: missingKey en-US translation new_chat new_chat

[1A[2KBROWSER LOG: i18next::translator: missingKey en-US translation new_chat new_chat

[1A[2KBROWSER LOG: i18next::translator: missingKey en-US translation new_chat new_chat

[1A[2KBROWSER LOG: i18next::translator: missingKey en-US translation download_thread download_thread

[1A[2KBROWSER LOG: i18next::translator: missingKey en-US translation download_thread download_thread

[1A[2KBROWSER LOG: i18next::translator: missingKey en-US translation download_json download_json

[1A[2KBROWSER LOG: i18next::translator: missingKey en-US translation download_markdown download_markdown

[1A[2KBROWSER LOG: i18next::translator: missingKey en-US translation usage_information usage_information

[1A[2KBROWSER LOG: i18next::translator: missingKey en-US translation usage_information usage_information

[1A[2KBROWSER LOG: i18next::translator: missingKey en-US translation usage_information usage_information

[1A[2KBROWSER LOG: i18next::translator: missingKey en-US translation User information User information

[1A[2KBROWSER LOG: i18next::translator: missingKey en-US translation Always Always

[1A[2KBROWSER LOG: i18next::translator: missingKey en-US translation Never Never

[1A[2KBROWSER LOG: i18next::translator: missingKey en-US translation show_toolbar show_toolbar

[1A[2KBROWSER LOG: i18next::translator: missingKey en-US translation chat_options chat_options

[1A[2KBROWSER LOG: i18next::translator: missingKey en-US translation chat_options chat_options

[1A[2KBROWSER LOG: i18next::translator: missingKey en-US translation model_options model_options

[1A[2KBROWSER LOG: i18next::translator: missingKey en-US translation tool_options tool_options

[1A[2KBROWSER LOG: i18next::translator: missingKey en-US translation MCP Services MCP Services

[1A[2KBROWSER LOG: i18next::translator: missingKey en-US translation Add/Remove MCP Services Add/Remove MCP Services

[1A[2KBROWSER LOG: i18next::translator: missingKey en-US translation Edit MCP Services Edit MCP Services

[1A[2KBROWSER LOG: i18next::translator: missingKey en-US translation Label Label

[1A[2KBROWSER LOG: i18next::translator: missingKey en-US translation Server URL Server URL

[1A[2KBROWSER LOG: i18next::translator: missingKey en-US translation Require Approval Require Approval

[1A[2KBROWSER LOG: i18next::translator: missingKey en-US translation Allowed Tools Allowed Tools

[1A[2KBROWSER LOG: i18next::translator: missingKey en-US translation Comma separated Comma separated

[1A[2KBROWSER LOG: i18next::translator: missingKey en-US translation Add/Save Service Add/Save Service

[1A[2KBROWSER LOG: i18next::translator: missingKey en-US translation MCP Services MCP Services

[1A[2KBROWSER LOG: i18next::translator: missingKey en-US translation new_chat new_chat

[1A[2KBROWSER LOG: i18next::translator: missingKey en-US translation new_chat new_chat

[1A[2KBROWSER LOG: i18next::translator: missingKey en-US translation new_chat new_chat

[1A[2KBROWSER LOG: i18next::translator: missingKey en-US translation download_thread download_thread

[1A[2KBROWSER LOG: i18next::translator: missingKey en-US translation download_thread download_thread

[1A[2KBROWSER LOG: i18next::translator: missingKey en-US translation download_json download_json

[1A[2KBROWSER LOG: i18next::translator: missingKey en-US translation download_markdown download_markdown

[1A[2KBROWSER LOG: i18next::translator: missingKey en-US translation usage_information usage_information

[1A[2KBROWSER LOG: i18next::translator: missingKey en-US translation usage_information usage_information

[1A[2KBROWSER LOG: i18next::translator: missingKey en-US translation usage_information usage_information

[1A[2KBROWSER LOG: i18next::translator: missingKey en-US translation User information User information

[1A[2KBROWSER LOG: i18next::translator: missingKey en-US translation chat_history chat_history

[1A[2KBROWSER LOG: i18next::translator: missingKey en-US translation chat_history chat_history

[1A[2KBROWSER LOG: i18next::translator: missingKey en-US translation close close

[1A[2KBROWSER LOG: i18next::translator: missingKey en-US translation chat_history chat_history

[1A[2KBROWSER LOG: i18next::translator: missingKey en-US translation empty_chat empty_chat

[1A[2KBROWSER LOG: i18next::translator: missingKey en-US translation delete_chat delete_chat

[1A[2KBROWSER LOG: i18next::translator: missingKey en-US translation new_chat new_chat

[1A[2KBROWSER LOG: i18next::translator: missingKey en-US translation new_chat new_chat

[1A[2KBROWSER LOG: i18next::translator: missingKey en-US translation close close

[1A[2KBROWSER LOG: i18next::translator: missingKey en-US translation chat_history chat_history

[1A[2KBROWSER LOG: i18next::translator: missingKey en-US translation chat_history chat_history

[1A[2KBROWSER LOG: i18next::translator: missingKey en-US translation close close

[1A[2KBROWSER LOG: i18next::translator: missingKey en-US translation chat_history chat_history

[1A[2KBROWSER LOG: i18next::translator: missingKey en-US translation empty_chat empty_chat

[1A[2KBROWSER LOG: i18next::translator: missingKey en-US translation delete_chat delete_chat

[1A[2KBROWSER LOG: i18next::translator: missingKey en-US translation new_chat new_chat

[1A[2KBROWSER LOG: i18next::translator: missingKey en-US translation new_chat new_chat

[1A[2KBROWSER LOG: i18next::translator: missingKey en-US translation close close

[1A[2KBROWSER LOG: i18next::translator: missingKey en-US translation open_issue open_issue

[1A[2KBROWSER LOG: i18next::translator: missingKey en-US translation open_issue open_issue

[1A[2KBROWSER LOG: i18next::translator: missingKey en-US translation release_notes release_notes

[1A[2KBROWSER LOG: i18next::translator: missingKey en-US translation open_issue open_issue

[1A[2KBROWSER LOG: i18next::translator: missingKey en-US translation open_issue open_issue

[1A[2KBROWSER LOG: i18next::translator: missingKey en-US translation open_issue open_issue

[1A[2KBROWSER LOG: i18next::translator: missingKey en-US translation open_issue open_issue

[1A[2KBROWSER LOG: i18next::translator: missingKey en-US translation open_issue open_issue

[1A[2KBROWSER LOG: i18next::translator: missingKey en-US translation release_notes release_notes

[1A[2KBROWSER LOG: i18next::translator: missingKey en-US translation open_issue open_issue

[1A[2KBROWSER LOG: i18next::translator: missingKey en-US translation open_issue open_issue

[1A[2KBROWSER LOG: i18next::translator: missingKey en-US translation open_issue open_issue

[1A[2KBROWSER LOG: i18next::translator: missingKey en-US translation Theme Theme

[1A[2KBROWSER LOG: i18next::translator: missingKey en-US translation Config Config

[1A[2KBROWSER LOG: i18next::translator: missingKey en-US translation Minimize Minimize

[1A[2KBROWSER LOG: i18next::translator: missingKey en-US translation about about

[1A[2KBROWSER LOG: i18next::translator: missingKey en-US translation about about

[1A[2KBROWSER LOG: i18next::translator: missingKey en-US translation About About

[1A[2KBROWSER LOG: i18next::translator: missingKey en-US translation Accept Terms Accept Terms

[1A[2KBROWSER LOG: i18next::translator: missingKey en-US translation Theme Theme

[1A[2KBROWSER LOG: i18next::translator: missingKey en-US translation Config Config

[1A[2KBROWSER LOG: i18next::translator: missingKey en-US translation Minimize Minimize

[1A[2KBROWSER LOG: i18next::translator: missingKey en-US translation about about

[1A[2KBROWSER LOG: i18next::translator: missingKey en-US translation about about

[1A[2KBROWSER LOG: i18next::translator: missingKey en-US translation About About

[1A[2KBROWSER LOG: i18next::translator: missingKey en-US translation Accept Terms Accept Terms

[1A[2KBROWSER LOG: i18next::translator: missingKey en-US translation Remove Message Remove Message

[1A[2KBROWSER LOG: i18next::translator: missingKey en-US translation Remove Message Remove Message

[1A[2KBROWSER LOG: i18next::translator: missingKey en-US translation Enter something.... Enter something....

[1A[2KBROWSER LOG: i18next::translator: missingKey en-US translation Code Editor Code Editor

[1A[2KBROWSER LOG: i18next::translator: missingKey en-US translation clear clear

[1A[2KBROWSER LOG: i18next::translator: missingKey en-US translation send send

[1A[2KBROWSER LOG: i18next::translator: missingKey en-US translation COMMAND_ENTER COMMAND_ENTER

[1A[2KBROWSER LOG: i18next::translator: missingKey en-US translation Enter something.... Enter something....

[1A[2KBROWSER LOG: i18next::translator: missingKey en-US translation Code Editor Code Editor

[1A[2KBROWSER LOG: i18next::translator: missingKey en-US translation clear clear

[1A[2KBROWSER LOG: i18next::translator: missingKey en-US translation send send

[1A[2KBROWSER LOG: i18next::translator: missingKey en-US translation COMMAND_ENTER COMMAND_ENTER

[1A[2KBROWSER LOG: userText: %s 
# No Access

Access to the chat is only available to members of FH SWF. If you are a member, please log in with your university credentials.


[1A[2KBROWSER LOG: userText: %s 
# No Access

Access to the chat is only available to members of FH SWF. If you are a member, please log in with your university credentials.


[1A[2KBROWSER LOG: i18next::translator: missingKey en-US translation Always Always

[1A[2KBROWSER LOG: i18next::translator: missingKey en-US translation Never Never

[1A[2KBROWSER LOG: i18next::translator: missingKey en-US translation show_toolbar show_toolbar

[1A[2KBROWSER LOG: i18next::translator: missingKey en-US translation chat_options chat_options

[1A[2KBROWSER LOG: i18next::translator: missingKey en-US translation chat_options chat_options

[1A[2KBROWSER LOG: i18next::translator: missingKey en-US translation model_options model_options

[1A[2KBROWSER LOG: i18next::translator: missingKey en-US translation tool_options tool_options

[1A[2KBROWSER LOG: i18next::translator: missingKey en-US translation MCP Services MCP Services

[1A[2KBROWSER LOG: i18next::translator: missingKey en-US translation Add/Remove MCP Services Add/Remove MCP Services

[1A[2KBROWSER LOG: i18next::translator: missingKey en-US translation Edit MCP Services Edit MCP Services

[1A[2KBROWSER LOG: i18next::translator: missingKey en-US translation Label Label

[1A[2KBROWSER LOG: i18next::translator: missingKey en-US translation Server URL Server URL

[1A[2KBROWSER LOG: i18next::translator: missingKey en-US translation Require Approval Require Approval

[1A[2KBROWSER LOG: i18next::translator: missingKey en-US translation Allowed Tools Allowed Tools

[1A[2KBROWSER LOG: i18next::translator: missingKey en-US translation Comma separated Comma separated

[1A[2KBROWSER LOG: i18next::translator: missingKey en-US translation Add/Save Service Add/Save Service

[1A[2KBROWSER LOG: i18next::translator: missingKey en-US translation MCP Services MCP Services

[1A[2KBROWSER LOG: i18next::translator: missingKey en-US translation new_chat new_chat

[1A[2KBROWSER LOG: i18next::translator: missingKey en-US translation new_chat new_chat

[1A[2KBROWSER LOG: i18next::translator: missingKey en-US translation new_chat new_chat

[1A[2KBROWSER LOG: i18next::translator: missingKey en-US translation download_thread download_thread

[1A[2KBROWSER LOG: i18next::translator: missingKey en-US translation download_thread download_thread

[1A[2KBROWSER LOG: i18next::translator: missingKey en-US translation download_json download_json

[1A[2KBROWSER LOG: i18next::translator: missingKey en-US translation download_markdown download_markdown

[1A[2KBROWSER LOG: i18next::translator: missingKey en-US translation usage_information usage_information

[1A[2KBROWSER LOG: i18next::translator: missingKey en-US translation usage_information usage_information

[1A[2KBROWSER LOG: i18next::translator: missingKey en-US translation usage_information usage_information

[1A[2KBROWSER LOG: i18next::translator: missingKey en-US translation User information User information

[1A[2KBROWSER LOG: i18next::translator: missingKey en-US translation Always Always

[1A[2KBROWSER LOG: i18next::translator: missingKey en-US translation Never Never

[1A[2KBROWSER LOG: i18next::translator: missingKey en-US translation show_toolbar show_toolbar

[1A[2KBROWSER LOG: i18next::translator: missingKey en-US translation chat_options chat_options

[1A[2KBROWSER LOG: i18next::translator: missingKey en-US translation chat_options chat_options

[1A[2KBROWSER LOG: i18next::translator: missingKey en-US translation model_options model_options

[1A[2KBROWSER LOG: i18next::translator: missingKey en-US translation tool_options tool_options

[1A[2KBROWSER LOG: i18next::translator: missingKey en-US translation MCP Services MCP Services

[1A[2KBROWSER LOG: i18next::translator: missingKey en-US translation Add/Remove MCP Services Add/Remove MCP Services

[1A[2KBROWSER LOG: i18next::translator: missingKey en-US translation Edit MCP Services Edit MCP Services

[1A[2KBROWSER LOG: i18next::translator: missingKey en-US translation Label Label

[1A[2KBROWSER LOG: i18next::translator: missingKey en-US translation Server URL Server URL

[1A[2KBROWSER LOG: i18next::translator: missingKey en-US translation Require Approval Require Approval

[1A[2KBROWSER LOG: i18next::translator: missingKey en-US translation Allowed Tools Allowed Tools

[1A[2KBROWSER LOG: i18next::translator: missingKey en-US translation Comma separated Comma separated

[1A[2KBROWSER LOG: i18next::translator: missingKey en-US translation Add/Save Service Add/Save Service

[1A[2KBROWSER LOG: i18next::translator: missingKey en-US translation MCP Services MCP Services

[1A[2KBROWSER LOG: i18next::translator: missingKey en-US translation new_chat new_chat

[1A[2KBROWSER LOG: i18next::translator: missingKey en-US translation new_chat new_chat

[1A[2KBROWSER LOG: i18next::translator: missingKey en-US translation new_chat new_chat

[1A[2KBROWSER LOG: i18next::translator: missingKey en-US translation download_thread download_thread

[1A[2KBROWSER LOG: i18next::translator: missingKey en-US translation download_thread download_thread

[1A[2KBROWSER LOG: i18next::translator: missingKey en-US translation download_json download_json

[1A[2KBROWSER LOG: i18next::translator: missingKey en-US translation download_markdown download_markdown

[1A[2KBROWSER LOG: i18next::translator: missingKey en-US translation usage_information usage_information

[1A[2KBROWSER LOG: i18next::translator: missingKey en-US translation usage_information usage_information

[1A[2KBROWSER LOG: i18next::translator: missingKey en-US translation usage_information usage_information

[1A[2KBROWSER LOG: i18next::translator: missingKey en-US translation User information User information

[1A[2KBROWSER LOG: i18next::translator: missingKey en-US translation chat_history chat_history

[1A[2KBROWSER LOG: i18next::translator: missingKey en-US translation chat_history chat_history

[1A[2KBROWSER LOG: i18next::translator: missingKey en-US translation close close

[1A[2KBROWSER LOG: i18next::translator: missingKey en-US translation chat_history chat_history

[1A[2KBROWSER LOG: i18next::translator: missingKey en-US translation empty_chat empty_chat

[1A[2KBROWSER LOG: i18next::translator: missingKey en-US translation delete_chat delete_chat

[1A[2KBROWSER LOG: i18next::translator: missingKey en-US translation new_chat new_chat

[1A[2KBROWSER LOG: i18next::translator: missingKey en-US translation new_chat new_chat

[1A[2KBROWSER LOG: i18next::translator: missingKey en-US translation close close

[1A[2KBROWSER LOG: i18next::translator: missingKey en-US translation chat_history chat_history

[1A[2KBROWSER LOG: i18next::translator: missingKey en-US translation chat_history chat_history

[1A[2KBROWSER LOG: i18next::translator: missingKey en-US translation close close

[1A[2KBROWSER LOG: i18next::translator: missingKey en-US translation chat_history chat_history

[1A[2KBROWSER LOG: i18next::translator: missingKey en-US translation empty_chat empty_chat

[1A[2KBROWSER LOG: i18next::translator: missingKey en-US translation delete_chat delete_chat

[1A[2KBROWSER LOG: i18next::translator: missingKey en-US translation new_chat new_chat

[1A[2KBROWSER LOG: i18next::translator: missingKey en-US translation new_chat new_chat

[1A[2KBROWSER LOG: i18next::translator: missingKey en-US translation close close

[1A[2KBROWSER LOG: i18next::translator: missingKey en-US translation open_issue open_issue

[1A[2KBROWSER LOG: i18next::translator: missingKey en-US translation open_issue open_issue

[1A[2KBROWSER LOG: i18next::translator: missingKey en-US translation release_notes release_notes

[1A[2KBROWSER LOG: i18next::translator: missingKey en-US translation open_issue open_issue

[1A[2KBROWSER LOG: i18next::translator: missingKey en-US translation open_issue open_issue

[1A[2KBROWSER LOG: i18next::translator: missingKey en-US translation open_issue open_issue

[1A[2KBROWSER LOG: i18next::translator: missingKey en-US translation open_issue open_issue

[1A[2KBROWSER LOG: i18next::translator: missingKey en-US translation open_issue open_issue

[1A[2KBROWSER LOG: i18next::translator: missingKey en-US translation release_notes release_notes

[1A[2KBROWSER LOG: i18next::translator: missingKey en-US translation open_issue open_issue

[1A[2KBROWSER LOG: i18next::translator: missingKey en-US translation open_issue open_issue

[1A[2KBROWSER LOG: i18next::translator: missingKey en-US translation open_issue open_issue

[1A[2KBROWSER LOG: i18next::translator: missingKey en-US translation Theme Theme

[1A[2KBROWSER LOG: i18next::translator: missingKey en-US translation Config Config

[1A[2KBROWSER LOG: i18next::translator: missingKey en-US translation Minimize Minimize

[1A[2KBROWSER LOG: i18next::translator: missingKey en-US translation about about

[1A[2KBROWSER LOG: i18next::translator: missingKey en-US translation about about

[1A[2KBROWSER LOG: i18next::translator: missingKey en-US translation About About

[1A[2KBROWSER LOG: i18next::translator: missingKey en-US translation Accept Terms Accept Terms

[1A[2KBROWSER LOG: i18next::translator: missingKey en-US translation Theme Theme

[1A[2KBROWSER LOG: i18next::translator: missingKey en-US translation Config Config

[1A[2KBROWSER LOG: i18next::translator: missingKey en-US translation Minimize Minimize

[1A[2KBROWSER LOG: i18next::translator: missingKey en-US translation about about

[1A[2KBROWSER LOG: i18next::translator: missingKey en-US translation about about

[1A[2KBROWSER LOG: i18next::translator: missingKey en-US translation About About

[1A[2KBROWSER LOG: i18next::translator: missingKey en-US translation Accept Terms Accept Terms

[1A[2KBROWSER LOG: i18next::translator: missingKey en-US translation Remove Message Remove Message

[1A[2KBROWSER LOG: i18next::translator: missingKey en-US translation Remove Message Remove Message

[1A[2KBROWSER LOG: i18next::translator: missingKey en-US translation Enter something.... Enter something....

[1A[2KBROWSER LOG: i18next::translator: missingKey en-US translation Code Editor Code Editor

[1A[2KBROWSER LOG: i18next::translator: missingKey en-US translation clear clear

[1A[2KBROWSER LOG: i18next::translator: missingKey en-US translation send send

[1A[2KBROWSER LOG: i18next::translator: missingKey en-US translation COMMAND_ENTER COMMAND_ENTER

[1A[2KBROWSER LOG: i18next::translator: missingKey en-US translation Enter something.... Enter something....

[1A[2KBROWSER LOG: i18next::translator: missingKey en-US translation Code Editor Code Editor

[1A[2KBROWSER LOG: i18next::translator: missingKey en-US translation clear clear

[1A[2KBROWSER LOG: i18next::translator: missingKey en-US translation send send

[1A[2KBROWSER LOG: i18next::translator: missingKey en-US translation COMMAND_ENTER COMMAND_ENTER

[1A[2KBROWSER LOG: i18next::translator: missingKey en-US translation Enter something.... Enter something....

[1A[2KBROWSER LOG: i18next::translator: missingKey en-US translation Code Editor Code Editor

[1A[2KBROWSER LOG: i18next::translator: missingKey en-US translation clear clear

[1A[2KBROWSER LOG: i18next::translator: missingKey en-US translation send send

[1A[2KBROWSER LOG: i18next::translator: missingKey en-US translation COMMAND_ENTER COMMAND_ENTER

[1A[2KBROWSER LOG: i18next::translator: missingKey en-US translation Enter something.... Enter something....

[1A[2KBROWSER LOG: i18next::translator: missingKey en-US translation Code Editor Code Editor

[1A[2KBROWSER LOG: i18next::translator: missingKey en-US translation clear clear

[1A[2KBROWSER LOG: i18next::translator: missingKey en-US translation send send

[1A[2KBROWSER LOG: i18next::translator: missingKey en-US translation COMMAND_ENTER COMMAND_ENTER

[1A[2K[firefox] › playwright/tests/authorized/image_generation.spec.ts:3:1 › Image Generation
BROWSER LOG: Render

[1A[2KBROWSER LOG: Throttled

[1A[2KBROWSER LOG: Waiting for Paint

[1A[2K[chromium] › playwright/tests/authorized/image_generation.spec.ts:3:1 › Image Generation
BROWSER LOG: userText: %s 
# No Access

Access to the chat is only available to members of FH SWF. If you are a member, please log in with your university credentials.


[1A[2KBROWSER LOG: userText: %s 
# No Access

Access to the chat is only available to members of FH SWF. If you are a member, please log in with your university credentials.


[1A[2KBROWSER LOG: i18next::translator: missingKey en-US translation Always Always

[1A[2KBROWSER LOG: i18next::translator: missingKey en-US translation Never Never

[1A[2KBROWSER LOG: i18next::translator: missingKey en-US translation show_toolbar show_toolbar

[1A[2KBROWSER LOG: i18next::translator: missingKey en-US translation chat_options chat_options

[1A[2KBROWSER LOG: i18next::translator: missingKey en-US translation chat_options chat_options

[1A[2KBROWSER LOG: i18next::translator: missingKey en-US translation model_options model_options

[1A[2KBROWSER LOG: i18next::translator: missingKey en-US translation tool_options tool_options

[1A[2KBROWSER LOG: i18next::translator: missingKey en-US translation MCP Services MCP Services

[1A[2KBROWSER LOG: i18next::translator: missingKey en-US translation Add/Remove MCP Services Add/Remove MCP Services

[1A[2KBROWSER LOG: i18next::translator: missingKey en-US translation Edit MCP Services Edit MCP Services

[1A[2KBROWSER LOG: i18next::translator: missingKey en-US translation Label Label

[1A[2KBROWSER LOG: i18next::translator: missingKey en-US translation Server URL Server URL

[1A[2KBROWSER LOG: i18next::translator: missingKey en-US translation Require Approval Require Approval

[1A[2KBROWSER LOG: i18next::translator: missingKey en-US translation Allowed Tools Allowed Tools

[1A[2KBROWSER LOG: i18next::translator: missingKey en-US translation Comma separated Comma separated

[1A[2KBROWSER LOG: i18next::translator: missingKey en-US translation Add/Save Service Add/Save Service

[1A[2KBROWSER LOG: i18next::translator: missingKey en-US translation MCP Services MCP Services

[1A[2KBROWSER LOG: i18next::translator: missingKey en-US translation new_chat new_chat

[1A[2KBROWSER LOG: i18next::translator: missingKey en-US translation new_chat new_chat

[1A[2KBROWSER LOG: i18next::translator: missingKey en-US translation new_chat new_chat

[1A[2KBROWSER LOG: i18next::translator: missingKey en-US translation download_thread download_thread

[1A[2KBROWSER LOG: i18next::translator: missingKey en-US translation download_thread download_thread

[1A[2KBROWSER LOG: i18next::translator: missingKey en-US translation download_json download_json

[1A[2KBROWSER LOG: i18next::translator: missingKey en-US translation download_markdown download_markdown

[1A[2KBROWSER LOG: i18next::translator: missingKey en-US translation usage_information usage_information

[1A[2KBROWSER LOG: i18next::translator: missingKey en-US translation usage_information usage_information

[1A[2KBROWSER LOG: i18next::translator: missingKey en-US translation usage_information usage_information

[1A[2KBROWSER LOG: i18next::translator: missingKey en-US translation User information User information

[1A[2KBROWSER LOG: i18next::translator: missingKey en-US translation Always Always

[1A[2KBROWSER LOG: i18next::translator: missingKey en-US translation Never Never

[1A[2KBROWSER LOG: i18next::translator: missingKey en-US translation show_toolbar show_toolbar

[1A[2KBROWSER LOG: i18next::translator: missingKey en-US translation chat_options chat_options

[1A[2KBROWSER LOG: i18next::translator: missingKey en-US translation chat_options chat_options

[1A[2KBROWSER LOG: i18next::translator: missingKey en-US translation model_options model_options

[1A[2KBROWSER LOG: i18next::translator: missingKey en-US translation tool_options tool_options

[1A[2KBROWSER LOG: i18next::translator: missingKey en-US translation MCP Services MCP Services

[1A[2KBROWSER LOG: i18next::translator: missingKey en-US translation Add/Remove MCP Services Add/Remove MCP Services

[1A[2KBROWSER LOG: i18next::translator: missingKey en-US translation Edit MCP Services Edit MCP Services

[1A[2KBROWSER LOG: i18next::translator: missingKey en-US translation Label Label

[1A[2KBROWSER LOG: i18next::translator: missingKey en-US translation Server URL Server URL

[1A[2KBROWSER LOG: i18next::translator: missingKey en-US translation Require Approval Require Approval

[1A[2KBROWSER LOG: i18next::translator: missingKey en-US translation Allowed Tools Allowed Tools

[1A[2KBROWSER LOG: i18next::translator: missingKey en-US translation Comma separated Comma separated

[1A[2KBROWSER LOG: i18next::translator: missingKey en-US translation Add/Save Service Add/Save Service

[1A[2KBROWSER LOG: i18next::translator: missingKey en-US translation MCP Services MCP Services

[1A[2KBROWSER LOG: i18next::translator: missingKey en-US translation new_chat new_chat

[1A[2KBROWSER LOG: i18next::translator: missingKey en-US translation new_chat new_chat

[1A[2KBROWSER LOG: i18next::translator: missingKey en-US translation new_chat new_chat

[1A[2KBROWSER LOG: i18next::translator: missingKey en-US translation download_thread download_thread

[1A[2KBROWSER LOG: i18next::translator: missingKey en-US translation download_thread download_thread

[1A[2KBROWSER LOG: i18next::translator: missingKey en-US translation download_json download_json

[1A[2KBROWSER LOG: i18next::translator: missingKey en-US translation download_markdown download_markdown

[1A[2KBROWSER LOG: i18next::translator: missingKey en-US translation usage_information usage_information

[1A[2KBROWSER LOG: i18next::translator: missingKey en-US translation usage_information usage_information

[1A[2KBROWSER LOG: i18next::translator: missingKey en-US translation usage_information usage_information

[1A[2KBROWSER LOG: i18next::translator: missingKey en-US translation User information User information

[1A[2KBROWSER LOG: i18next::translator: missingKey en-US translation chat_history chat_history

[1A[2KBROWSER LOG: i18next::translator: missingKey en-US translation chat_history chat_history

[1A[2KBROWSER LOG: i18next::translator: missingKey en-US translation close close

[1A[2KBROWSER LOG: i18next::translator: missingKey en-US translation chat_history chat_history

[1A[2KBROWSER LOG: i18next::translator: missingKey en-US translation empty_chat empty_chat

[1A[2KBROWSER LOG: i18next::translator: missingKey en-US translation delete_chat delete_chat

[1A[2KBROWSER LOG: i18next::translator: missingKey en-US translation new_chat new_chat

[1A[2KBROWSER LOG: i18next::translator: missingKey en-US translation new_chat new_chat

[1A[2KBROWSER LOG: i18next::translator: missingKey en-US translation close close

[1A[2KBROWSER LOG: i18next::translator: missingKey en-US translation chat_history chat_history

[1A[2KBROWSER LOG: i18next::translator: missingKey en-US translation chat_history chat_history

[1A[2KBROWSER LOG: i18next::translator: missingKey en-US translation close close

[1A[2KBROWSER LOG: i18next::translator: missingKey en-US translation chat_history chat_history

[1A[2KBROWSER LOG: i18next::translator: missingKey en-US translation empty_chat empty_chat

[1A[2KBROWSER LOG: i18next::translator: missingKey en-US translation delete_chat delete_chat

[1A[2KBROWSER LOG: i18next::translator: missingKey en-US translation new_chat new_chat

[1A[2KBROWSER LOG: i18next::translator: missingKey en-US translation new_chat new_chat

[1A[2KBROWSER LOG: i18next::translator: missingKey en-US translation close close

[1A[2KBROWSER LOG: i18next::translator: missingKey en-US translation open_issue open_issue

[1A[2KBROWSER LOG: i18next::translator: missingKey en-US translation open_issue open_issue

[1A[2KBROWSER LOG: i18next::translator: missingKey en-US translation release_notes release_notes

[1A[2KBROWSER LOG: i18next::translator: missingKey en-US translation open_issue open_issue

[1A[2KBROWSER LOG: i18next::translator: missingKey en-US translation open_issue open_issue

[1A[2KBROWSER LOG: i18next::translator: missingKey en-US translation open_issue open_issue

[1A[2KBROWSER LOG: i18next::translator: missingKey en-US translation open_issue open_issue

[1A[2KBROWSER LOG: i18next::translator: missingKey en-US translation open_issue open_issue

[1A[2KBROWSER LOG: i18next::translator: missingKey en-US translation release_notes release_notes

[1A[2KBROWSER LOG: i18next::translator: missingKey en-US translation open_issue open_issue

[1A[2KBROWSER LOG: i18next::translator: missingKey en-US translation open_issue open_issue

[1A[2KBROWSER LOG: i18next::translator: missingKey en-US translation open_issue open_issue

[1A[2KBROWSER LOG: i18next::translator: missingKey en-US translation Theme Theme

[1A[2KBROWSER LOG: i18next::translator: missingKey en-US translation Config Config

[1A[2KBROWSER LOG: i18next::translator: missingKey en-US translation Minimize Minimize

[1A[2KBROWSER LOG: i18next::translator: missingKey en-US translation about about

[1A[2KBROWSER LOG: i18next::translator: missingKey en-US translation about about

[1A[2KBROWSER LOG: i18next::translator: missingKey en-US translation About About

[1A[2KBROWSER LOG: i18next::translator: missingKey en-US translation Accept Terms Accept Terms

[1A[2KBROWSER LOG: i18next::translator: missingKey en-US translation Theme Theme

[1A[2KBROWSER LOG: i18next::translator: missingKey en-US translation Config Config

[1A[2KBROWSER LOG: i18next::translator: missingKey en-US translation Minimize Minimize

[1A[2KBROWSER LOG: i18next::translator: missingKey en-US translation about about

[1A[2KBROWSER LOG: i18next::translator: missingKey en-US translation about about

[1A[2KBROWSER LOG: i18next::translator: missingKey en-US translation About About

[1A[2KBROWSER LOG: i18next::translator: missingKey en-US translation Accept Terms Accept Terms

[1A[2KBROWSER LOG: i18next::translator: missingKey en-US translation Remove Message Remove Message

[1A[2KBROWSER LOG: i18next::translator: missingKey en-US translation Remove Message Remove Message

[1A[2KBROWSER LOG: i18next::translator: missingKey en-US translation Enter something.... Enter something....

[1A[2KBROWSER LOG: i18next::translator: missingKey en-US translation Code Editor Code Editor

[1A[2KBROWSER LOG: i18next::translator: missingKey en-US translation clear clear

[1A[2KBROWSER LOG: i18next::translator: missingKey en-US translation send send

[1A[2KBROWSER LOG: i18next::translator: missingKey en-US translation COMMAND_ENTER COMMAND_ENTER

[1A[2KBROWSER LOG: i18next::translator: missingKey en-US translation Enter something.... Enter something....

[1A[2KBROWSER LOG: i18next::translator: missingKey en-US translation Code Editor Code Editor

[1A[2KBROWSER LOG: i18next::translator: missingKey en-US translation clear clear

[1A[2KBROWSER LOG: i18next::translator: missingKey en-US translation send send

[1A[2KBROWSER LOG: i18next::translator: missingKey en-US translation COMMAND_ENTER COMMAND_ENTER

[1A[2KBROWSER LOG: window.onerror: %o %o ReferenceError: r is not defined
    at onClick (http://localhost:5173/src/chat/MessageInput.tsx:5514:13)
    at executeDispatch (http://localhost:5173/node_modules/.vite/deps/react-dom_client.js?v=ff148569:13622:11)
    at runWithFiberInDEV (http://localhost:5173/node_modules/.vite/deps/react-dom_client.js?v=ff148569:997:72)
    at processDispatchQueue (http://localhost:5173/node_modules/.vite/deps/react-dom_client.js?v=ff148569:13658:37)
    at http://localhost:5173/node_modules/.vite/deps/react-dom_client.js?v=ff148569:14071:11
    at batchedUpdates$1 (http://localhost:5173/node_modules/.vite/deps/react-dom_client.js?v=ff148569:2626:42)
    at dispatchEventForPluginEventSystem (http://localhost:5173/node_modules/.vite/deps/react-dom_client.js?v=ff148569:13763:9)
    at dispatchEvent (http://localhost:5173/node_modules/.vite/deps/react-dom_client.js?v=ff148569:16784:13)
    at dispatchDiscreteEvent (http://localhost:5173/node_modules/.vite/deps/react-dom_client.js?v=ff148569:16765:62) ReferenceError: r is not defined
    at onClick (http://localhost:5173/src/chat/MessageInput.tsx:5514:13)
    at executeDispatch (http://localhost:5173/node_modules/.vite/deps/react-dom_client.js?v=ff148569:13622:11)
    at runWithFiberInDEV (http://localhost:5173/node_modules/.vite/deps/react-dom_client.js?v=ff148569:997:72)
    at processDispatchQueue (http://localhost:5173/node_modules/.vite/deps/react-dom_client.js?v=ff148569:13658:37)
    at http://localhost:5173/node_modules/.vite/deps/react-dom_client.js?v=ff148569:14071:11
    at batchedUpdates$1 (http://localhost:5173/node_modules/.vite/deps/react-dom_client.js?v=ff148569:2626:42)
    at dispatchEventForPluginEventSystem (http://localhost:5173/node_modules/.vite/deps/react-dom_client.js?v=ff148569:13763:9)
    at dispatchEvent (http://localhost:5173/node_modules/.vite/deps/react-dom_client.js?v=ff148569:16784:13)
    at dispatchDiscreteEvent (http://localhost:5173/node_modules/.vite/deps/react-dom_client.js?v=ff148569:16765:62)

[1A[2K[firefox] › playwright/tests/authorized/image_generation.spec.ts:3:1 › Image Generation
BROWSER LOG: Blocking Track

[1A[2KBROWSER LOG: Transition Track

[1A[2KBROWSER LOG: Suspense Track

[1A[2KBROWSER LOG: Idle Track

[1A[2KBROWSER LOG: userText: 
# No Access

Access to the chat is only available to members of FH SWF. If you are a member, please log in with your university credentials.


[1A[2KBROWSER LOG: userText: 
# No Access

Access to the chat is only available to members of FH SWF. If you are a member, please log in with your university credentials.


[1A[2KBROWSER LOG: i18next::translator: missingKey en-US translation Always Always

[1A[2KBROWSER LOG: i18next::translator: missingKey en-US translation Never Never

[1A[2KBROWSER LOG: i18next::translator: missingKey en-US translation show_toolbar show_toolbar

[1A[2KBROWSER LOG: i18next::translator: missingKey en-US translation chat_options chat_options

[1A[2KBROWSER LOG: i18next::translator: missingKey en-US translation chat_options chat_options

[1A[2KBROWSER LOG: i18next::translator: missingKey en-US translation model_options model_options

[1A[2KBROWSER LOG: i18next::translator: missingKey en-US translation tool_options tool_options

[1A[2KBROWSER LOG: i18next::translator: missingKey en-US translation MCP Services MCP Services

[1A[2KBROWSER LOG: i18next::translator: missingKey en-US translation Add/Remove MCP Services Add/Remove MCP Services

[1A[2KBROWSER LOG: i18next::translator: missingKey en-US translation Edit MCP Services Edit MCP Services

[1A[2KBROWSER LOG: i18next::translator: missingKey en-US translation Label Label

[1A[2KBROWSER LOG: i18next::translator: missingKey en-US translation Server URL Server URL

[1A[2KBROWSER LOG: i18next::translator: missingKey en-US translation Require Approval Require Approval

[1A[2KBROWSER LOG: i18next::translator: missingKey en-US translation Allowed Tools Allowed Tools

[1A[2KBROWSER LOG: i18next::translator: missingKey en-US translation Comma separated Comma separated

[1A[2KBROWSER LOG: i18next::translator: missingKey en-US translation Add/Save Service Add/Save Service

[1A[2KBROWSER LOG: i18next::translator: missingKey en-US translation MCP Services MCP Services

[1A[2KBROWSER LOG: i18next::translator: missingKey en-US translation new_chat new_chat

[1A[2KBROWSER LOG: i18next::translator: missingKey en-US translation new_chat new_chat

[1A[2KBROWSER LOG: i18next::translator: missingKey en-US translation new_chat new_chat

[1A[2KBROWSER LOG: i18next::translator: missingKey en-US translation download_thread download_thread

[1A[2KBROWSER LOG: i18next::translator: missingKey en-US translation download_thread download_thread

[1A[2KBROWSER LOG: i18next::translator: missingKey en-US translation download_json download_json

[1A[2KBROWSER LOG: i18next::translator: missingKey en-US translation download_markdown download_markdown

[1A[2KBROWSER LOG: i18next::translator: missingKey en-US translation usage_information usage_information

[1A[2KBROWSER LOG: i18next::translator: missingKey en-US translation usage_information usage_information

[1A[2KBROWSER LOG: i18next::translator: missingKey en-US translation usage_information usage_information

[1A[2KBROWSER LOG: i18next::translator: missingKey en-US translation User information User information

[1A[2KBROWSER LOG: i18next::translator: missingKey en-US translation Always Always

[1A[2KBROWSER LOG: i18next::translator: missingKey en-US translation Never Never

[1A[2KBROWSER LOG: i18next::translator: missingKey en-US translation show_toolbar show_toolbar

[1A[2KBROWSER LOG: i18next::translator: missingKey en-US translation chat_options chat_options

[1A[2KBROWSER LOG: i18next::translator: missingKey en-US translation chat_options chat_options

[1A[2KBROWSER LOG: i18next::translator: missingKey en-US translation model_options model_options

[1A[2KBROWSER LOG: i18next::translator: missingKey en-US translation tool_options tool_options

[1A[2KBROWSER LOG: i18next::translator: missingKey en-US translation MCP Services MCP Services

[1A[2KBROWSER LOG: i18next::translator: missingKey en-US translation Add/Remove MCP Services Add/Remove MCP Services

[1A[2KBROWSER LOG: i18next::translator: missingKey en-US translation Edit MCP Services Edit MCP Services

[1A[2KBROWSER LOG: i18next::translator: missingKey en-US translation Label Label

[1A[2KBROWSER LOG: i18next::translator: missingKey en-US translation Server URL Server URL

[1A[2KBROWSER LOG: i18next::translator: missingKey en-US translation Require Approval Require Approval

[1A[2KBROWSER LOG: i18next::translator: missingKey en-US translation Allowed Tools Allowed Tools

[1A[2KBROWSER LOG: i18next::translator: missingKey en-US translation Comma separated Comma separated

[1A[2KBROWSER LOG: i18next::translator: missingKey en-US translation Add/Save Service Add/Save Service

[1A[2KBROWSER LOG: i18next::translator: missingKey en-US translation MCP Services MCP Services

[1A[2KBROWSER LOG: i18next::translator: missingKey en-US translation new_chat new_chat

[1A[2KBROWSER LOG: i18next::translator: missingKey en-US translation new_chat new_chat

[1A[2KBROWSER LOG: i18next::translator: missingKey en-US translation new_chat new_chat

[1A[2KBROWSER LOG: i18next::translator: missingKey en-US translation download_thread download_thread

[1A[2KBROWSER LOG: i18next::translator: missingKey en-US translation download_thread download_thread

[1A[2KBROWSER LOG: i18next::translator: missingKey en-US translation download_json download_json

[1A[2KBROWSER LOG: i18next::translator: missingKey en-US translation download_markdown download_markdown

[1A[2KBROWSER LOG: i18next::translator: missingKey en-US translation usage_information usage_information

[1A[2KBROWSER LOG: i18next::translator: missingKey en-US translation usage_information usage_information

[1A[2KBROWSER LOG: i18next::translator: missingKey en-US translation usage_information usage_information

[1A[2KBROWSER LOG: i18next::translator: missingKey en-US translation User information User information

[1A[2KBROWSER LOG: Blocked

[1A[2KBROWSER LOG: i18next::translator: missingKey en-US translation chat_history chat_history

[1A[2KBROWSER LOG: i18next::translator: missingKey en-US translation chat_history chat_history

[1A[2KBROWSER LOG: i18next::translator: missingKey en-US translation close close

[1A[2KBROWSER LOG: i18next::translator: missingKey en-US translation chat_history chat_history

[1A[2KBROWSER LOG: i18next::translator: missingKey en-US translation empty_chat empty_chat

[1A[2KBROWSER LOG: i18next::translator: missingKey en-US translation delete_chat delete_chat

[1A[2KBROWSER LOG: i18next::translator: missingKey en-US translation new_chat new_chat

[1A[2KBROWSER LOG: i18next::translator: missingKey en-US translation new_chat new_chat

[1A[2KBROWSER LOG: i18next::translator: missingKey en-US translation close close

[1A[2KBROWSER LOG: i18next::translator: missingKey en-US translation chat_history chat_history

[1A[2KBROWSER LOG: i18next::translator: missingKey en-US translation chat_history chat_history

[1A[2KBROWSER LOG: i18next::translator: missingKey en-US translation close close

[1A[2KBROWSER LOG: i18next::translator: missingKey en-US translation chat_history chat_history

[1A[2KBROWSER LOG: i18next::translator: missingKey en-US translation empty_chat empty_chat

[1A[2KBROWSER LOG: i18next::translator: missingKey en-US translation delete_chat delete_chat

[1A[2KBROWSER LOG: i18next::translator: missingKey en-US translation new_chat new_chat

[1A[2KBROWSER LOG: i18next::translator: missingKey en-US translation new_chat new_chat

[1A[2KBROWSER LOG: i18next::translator: missingKey en-US translation close close

[1A[2KBROWSER LOG: i18next::translator: missingKey en-US translation open_issue open_issue

[1A[2KBROWSER LOG: i18next::translator: missingKey en-US translation open_issue open_issue

[1A[2KBROWSER LOG: i18next::translator: missingKey en-US translation release_notes release_notes

[1A[2KBROWSER LOG: i18next::translator: missingKey en-US translation open_issue open_issue

[1A[2KBROWSER LOG: i18next::translator: missingKey en-US translation open_issue open_issue

[1A[2KBROWSER LOG: i18next::translator: missingKey en-US translation open_issue open_issue

[1A[2KBROWSER LOG: i18next::translator: missingKey en-US translation open_issue open_issue

[1A[2KBROWSER LOG: i18next::translator: missingKey en-US translation open_issue open_issue

[1A[2KBROWSER LOG: i18next::translator: missingKey en-US translation release_notes release_notes

[1A[2KBROWSER LOG: i18next::translator: missingKey en-US translation open_issue open_issue

[1A[2KBROWSER LOG: i18next::translator: missingKey en-US translation open_issue open_issue

[1A[2KBROWSER LOG: i18next::translator: missingKey en-US translation open_issue open_issue

[1A[2KBROWSER LOG: i18next::translator: missingKey en-US translation Theme Theme

[1A[2KBROWSER LOG: i18next::translator: missingKey en-US translation Config Config

[1A[2KBROWSER LOG: i18next::translator: missingKey en-US translation Minimize Minimize

[1A[2KBROWSER LOG: i18next::translator: missingKey en-US translation about about

[1A[2KBROWSER LOG: i18next::translator: missingKey en-US translation about about

[1A[2KBROWSER LOG: i18next::translator: missingKey en-US translation About About

[1A[2KBROWSER LOG: i18next::translator: missingKey en-US translation Accept Terms Accept Terms

[1A[2KBROWSER LOG: i18next::translator: missingKey en-US translation Theme Theme

[1A[2KBROWSER LOG: i18next::translator: missingKey en-US translation Config Config

[1A[2KBROWSER LOG: i18next::translator: missingKey en-US translation Minimize Minimize

[1A[2KBROWSER LOG: i18next::translator: missingKey en-US translation about about

[1A[2KBROWSER LOG: i18next::translator: missingKey en-US translation about about

[1A[2KBROWSER LOG: i18next::translator: missingKey en-US translation About About

[1A[2KBROWSER LOG: i18next::translator: missingKey en-US translation Accept Terms Accept Terms

[1A[2KBROWSER LOG: i18next::translator: missingKey en-US translation Enter something.... Enter something....

[1A[2KBROWSER LOG: i18next::translator: missingKey en-US translation Code Editor Code Editor

[1A[2KBROWSER LOG: i18next::translator: missingKey en-US translation clear clear

[1A[2KBROWSER LOG: i18next::translator: missingKey en-US translation send send

[1A[2KBROWSER LOG: i18next::translator: missingKey en-US translation COMMAND_ENTER COMMAND_ENTER

[1A[2KBROWSER LOG: i18next::translator: missingKey en-US translation Enter something.... Enter something....

[1A[2KBROWSER LOG: i18next::translator: missingKey en-US translation Code Editor Code Editor

[1A[2KBROWSER LOG: i18next::translator: missingKey en-US translation clear clear

[1A[2KBROWSER LOG: i18next::translator: missingKey en-US translation send send

[1A[2KBROWSER LOG: i18next::translator: missingKey en-US translation COMMAND_ENTER COMMAND_ENTER

[1A[2KBROWSER LOG: Render

[1A[2KBROWSER LOG: IconBase

[1A[2KBROWSER LOG: Commit

[1A[2KBROWSER LOG: Waiting

[1A[2KBROWSER LOG: ChatProvider

[1A[2KBROWSER LOG: AppsProvider

[1A[2KBROWSER LOG: ForwardRef(Theme2)

[1A[2KBROWSER LOG: chakra(div)

[1A[2KBROWSER LOG: Insertion5

[1A[2KBROWSER LOG: Chat

[1A[2KBROWSER LOG: ErrorBoundary

[1A[2KBROWSER LOG: Grid

[1A[2KBROWSER LOG: chakra(div)

[1A[2KBROWSER LOG: Insertion5

[1A[2KBROWSER LOG: Toaster

[1A[2KBROWSER LOG: Portal

[1A[2KBROWSER LOG: chakra(Toaster)

[1A[2KBROWSER LOG: Insertion5

[1A[2KBROWSER LOG: Toaster

[1A[2KBROWSER LOG: GridItem

[1A[2KBROWSER LOG: chakra(div)

[1A[2KBROWSER LOG: Insertion5

[1A[2KBROWSER LOG: MessageHeader

[1A[2KBROWSER LOG: HStack

[1A[2KBROWSER LOG: Stack

[1A[2KBROWSER LOG: chakra(div)

[1A[2KBROWSER LOG: Insertion5

[1A[2KBROWSER LOG: IconButton

[1A[2KBROWSER LOG: Button

[1A[2KBROWSER LOG: chakra(button)

[1A[2KBROWSER LOG: Insertion5

[1A[2KBROWSER LOG: LuPanelLeftOpen

[1A[2KBROWSER LOG: IconBase

[1A[2KBROWSER LOG: Context.Consumer

[1A[2KBROWSER LOG: Stack

[1A[2KBROWSER LOG: chakra(div)

[1A[2KBROWSER LOG: Insertion5

[1A[2KBROWSER LOG: Heading

[1A[2KBROWSER LOG: chakra(h2)

[1A[2KBROWSER LOG: Text

[1A[2KBROWSER LOG: MenuRoot

[1A[2KBROWSER LOG: MenuRoot

[1A[2KBROWSER LOG: MenuTrigger

[1A[2KBROWSER LOG: chakra(MenuTrigger)

[1A[2KBROWSER LOG: Insertion5

[1A[2KBROWSER LOG: MenuTrigger

[1A[2KBROWSER LOG: ForwardRef

[1A[2KBROWSER LOG: IconButton

[1A[2KBROWSER LOG: Button

[1A[2KBROWSER LOG: chakra(button)

[1A[2KBROWSER LOG: Insertion5

[1A[2KBROWSER LOG: CgOptions

[1A[2KBROWSER LOG: IconBase

[1A[2KBROWSER LOG: Context.Consumer

[1A[2KBROWSER LOG: MenuPositioner

[1A[2KBROWSER LOG: chakra(MenuPositioner)

[1A[2KBROWSER LOG: Insertion5

[1A[2KBROWSER LOG: MenuPositioner

[1A[2KBROWSER LOG: DialogRoot

[1A[2KBROWSER LOG: DialogRoot

[1A[2KBROWSER LOG: Portal

[1A[2KBROWSER LOG: DialogBackdrop

[1A[2KBROWSER LOG: chakra(DialogBackdrop)

[1A[2KBROWSER LOG: Insertion5

[1A[2KBROWSER LOG: DialogBackdrop

[1A[2KBROWSER LOG: DialogPositioner

[1A[2KBROWSER LOG: chakra(DialogPositioner)

[1A[2KBROWSER LOG: Insertion5

[1A[2KBROWSER LOG: DialogPositioner

[1A[2KBROWSER LOG: MenuRoot

[1A[2KBROWSER LOG: MenuRoot

[1A[2KBROWSER LOG: MenuTrigger

[1A[2KBROWSER LOG: chakra(MenuTrigger)

[1A[2KBROWSER LOG: Insertion5

[1A[2KBROWSER LOG: MenuTrigger

[1A[2KBROWSER LOG: ForwardRef

[1A[2KBROWSER LOG: IconButton

[1A[2KBROWSER LOG: Button

[1A[2KBROWSER LOG: chakra(button)

[1A[2KBROWSER LOG: Insertion5

[1A[2KBROWSER LOG: RiChatNewLine

[1A[2KBROWSER LOG: IconBase

[1A[2KBROWSER LOG: MenuContent

[1A[2KBROWSER LOG: chakra(MenuContent)

[1A[2KBROWSER LOG: Insertion5

[1A[2KBROWSER LOG: MenuContent

[1A[2KBROWSER LOG: MessageMenu

[1A[2KBROWSER LOG: DialogRoot

[1A[2KBROWSER LOG: DialogRoot

[1A[2KBROWSER LOG: DialogTrigger

[1A[2KBROWSER LOG: chakra(DialogTrigger)

[1A[2KBROWSER LOG: Insertion5

[1A[2KBROWSER LOG: DialogTrigger

[1A[2KBROWSER LOG: ForwardRef

[1A[2KBROWSER LOG: IconButton

[1A[2KBROWSER LOG: Button

[1A[2KBROWSER LOG: chakra(button)

[1A[2KBROWSER LOG: Insertion5

[1A[2KBROWSER LOG: DialogBackdrop

[1A[2KBROWSER LOG: chakra(DialogBackdrop)

[1A[2KBROWSER LOG: Insertion5

[1A[2KBROWSER LOG: DialogBackdrop

[1A[2KBROWSER LOG: DialogPositioner

[1A[2KBROWSER LOG: MenuRoot

[1A[2KBROWSER LOG: MenuRoot

[1A[2KBROWSER LOG: MenuTrigger

[1A[2KBROWSER LOG: chakra(MenuTrigger)

[1A[2KBROWSER LOG: Insertion5

[1A[2KBROWSER LOG: Insertion5

[1A[2KBROWSER LOG: MenuTrigger

[1A[2KBROWSER LOG: ForwardRef

[1A[2KBROWSER LOG: IconButton

[1A[2KBROWSER LOG: Button

[1A[2KBROWSER LOG: chakra(button)

[1A[2KBROWSER LOG: Insertion5

[1A[2KBROWSER LOG: MenuContent

[1A[2KBROWSER LOG: chakra(MenuContent)

[1A[2KBROWSER LOG: Insertion5

[1A[2KBROWSER LOG: MenuContent

[1A[2KBROWSER LOG: GitHubMenu

[1A[2KBROWSER LOG: MenuRoot

[1A[2KBROWSER LOG: MenuRoot

[1A[2KBROWSER LOG: MenuTrigger

[1A[2KBROWSER LOG: chakra(MenuTrigger)

[1A[2KBROWSER LOG: Insertion5

[1A[2KBROWSER LOG: MenuTrigger

[1A[2KBROWSER LOG: ForwardRef

[1A[2KBROWSER LOG: IconButton

[1A[2KBROWSER LOG: Button

[1A[2KBROWSER LOG: chakra(button)

[1A[2KBROWSER LOG: Insertion5

[1A[2KBROWSER LOG: MenuPositioner

[1A[2KBROWSER LOG: chakra(MenuPositioner)

[1A[2KBROWSER LOG: Insertion5

[1A[2KBROWSER LOG: MenuPositioner

[1A[2KBROWSER LOG: DialogRoot

[1A[2KBROWSER LOG: DialogRoot

[1A[2KBROWSER LOG: DialogTrigger

[1A[2KBROWSER LOG: chakra(DialogTrigger)

[1A[2KBROWSER LOG: Insertion5

[1A[2KBROWSER LOG: DialogTrigger

[1A[2KBROWSER LOG: ForwardRef

[1A[2KBROWSER LOG: IconButton

[1A[2KBROWSER LOG: Button

[1A[2KBROWSER LOG: chakra(button)

[1A[2KBROWSER LOG: DialogBackdrop

[1A[2KBROWSER LOG: chakra(DialogBackdrop)

[1A[2KBROWSER LOG: Insertion5

[1A[2KBROWSER LOG: DialogBackdrop

[1A[2KBROWSER LOG: DialogPositioner

[1A[2KBROWSER LOG: chakra(DialogPositioner)

[1A[2KBROWSER LOG: PopoverRoot

[1A[2KBROWSER LOG: PopoverRoot

[1A[2KBROWSER LOG: PopoverTrigger

[1A[2KBROWSER LOG: chakra(PopoverTrigger)

[1A[2KBROWSER LOG: Insertion5

[1A[2KBROWSER LOG: PopoverTrigger

[1A[2KBROWSER LOG: ForwardRef

[1A[2KBROWSER LOG: AvatarRoot

[1A[2KBROWSER LOG: chakra(AvatarRoot)

[1A[2KBROWSER LOG: Insertion5

[1A[2KBROWSER LOG: AvatarRoot

[1A[2KBROWSER LOG: ForwardRef

[1A[2KBROWSER LOG: ForwardRef(AvatarFallback22)

[1A[2KBROWSER LOG: AvatarImage

[1A[2KBROWSER LOG: chakra(AvatarImage)

[1A[2KBROWSER LOG: Insertion5

[1A[2KBROWSER LOG: AvatarImage

[1A[2KBROWSER LOG: PopoverPositioner

[1A[2KBROWSER LOG: chakra(PopoverPositioner)

[1A[2KBROWSER LOG: Insertion5

[1A[2KBROWSER LOG: PopoverPositioner

[1A[2KBROWSER LOG: GridItem

[1A[2KBROWSER LOG: chakra(div)

[1A[2KBROWSER LOG: Insertion5

[1A[2KBROWSER LOG: ChatSideBar

[1A[2KBROWSER LOG: VStack

[1A[2KBROWSER LOG: Stack

[1A[2KBROWSER LOG: chakra(div)

[1A[2KBROWSER LOG: Insertion5

[1A[2KBROWSER LOG: Option

[1A[2KBROWSER LOG: ForwardRef(Tooltip2)

[1A[2KBROWSER LOG: TooltipRoot

[1A[2KBROWSER LOG: TooltipRoot

[1A[2KBROWSER LOG: TooltipTrigger

[1A[2KBROWSER LOG: chakra(TooltipTrigger)

[1A[2KBROWSER LOG: Insertion5

[1A[2KBROWSER LOG: TooltipTrigger

[1A[2KBROWSER LOG: ForwardRef

[1A[2KBROWSER LOG: IconButton

[1A[2KBROWSER LOG: Button

[1A[2KBROWSER LOG: chakra(button)

[1A[2KBROWSER LOG: Insertion5

[1A[2KBROWSER LOG: Portal

[1A[2KBROWSER LOG: TooltipPositioner

[1A[2KBROWSER LOG: chakra(TooltipPositioner)

[1A[2KBROWSER LOG: Insertion5

[1A[2KBROWSER LOG: TooltipPositioner

[1A[2KBROWSER LOG: Option

[1A[2KBROWSER LOG: ForwardRef(Tooltip2)

[1A[2KBROWSER LOG: TooltipRoot

[1A[2KBROWSER LOG: TooltipRoot

[1A[2KBROWSER LOG: TooltipTrigger

[1A[2KBROWSER LOG: chakra(TooltipTrigger)

[1A[2KBROWSER LOG: Insertion5

[1A[2KBROWSER LOG: TooltipTrigger

[1A[2KBROWSER LOG: ForwardRef

[1A[2KBROWSER LOG: IconButton

[1A[2KBROWSER LOG: Button

[1A[2KBROWSER LOG: chakra(button)

[1A[2KBROWSER LOG: Insertion5

[1A[2KBROWSER LOG: Portal

[1A[2KBROWSER LOG: TooltipPositioner

[1A[2KBROWSER LOG: chakra(TooltipPositioner)

[1A[2KBROWSER LOG: Insertion5

[1A[2KBROWSER LOG: TooltipPositioner

[1A[2KBROWSER LOG: Option

[1A[2KBROWSER LOG: ForwardRef(Tooltip2)

[1A[2KBROWSER LOG: TooltipRoot

[1A[2KBROWSER LOG: TooltipRoot

[1A[2KBROWSER LOG: TooltipTrigger

[1A[2KBROWSER LOG: chakra(TooltipTrigger)

[1A[2KBROWSER LOG: Insertion5

[1A[2KBROWSER LOG: TooltipTrigger

[1A[2KBROWSER LOG: ForwardRef

[1A[2KBROWSER LOG: IconButton

[1A[2KBROWSER LOG: Button

[1A[2KBROWSER LOG: chakra(button)

[1A[2KBROWSER LOG: Insertion5

[1A[2KBROWSER LOG: Portal

[1A[2KBROWSER LOG: TooltipPositioner

[1A[2KBROWSER LOG: chakra(TooltipPositioner)

[1A[2KBROWSER LOG: Insertion5

[1A[2KBROWSER LOG: TooltipPositioner

[1A[2KBROWSER LOG: Spacer

[1A[2KBROWSER LOG: Insertion5

[1A[2KBROWSER LOG: DialogRoot

[1A[2KBROWSER LOG: DialogRoot

[1A[2KBROWSER LOG: DialogTrigger

[1A[2KBROWSER LOG: chakra(DialogTrigger)

[1A[2KBROWSER LOG: Insertion5

[1A[2KBROWSER LOG: DialogTrigger

[1A[2KBROWSER LOG: ForwardRef

[1A[2KBROWSER LOG: IconButton

[1A[2KBROWSER LOG: Button

[1A[2KBROWSER LOG: chakra(button)

[1A[2KBROWSER LOG: Insertion5

[1A[2KBROWSER LOG: ForwardRef(Tooltip2)

[1A[2KBROWSER LOG: TooltipRoot

[1A[2KBROWSER LOG: TooltipRoot

[1A[2KBROWSER LOG: TooltipTrigger

[1A[2KBROWSER LOG: chakra(TooltipTrigger)

[1A[2KBROWSER LOG: Insertion5

[1A[2KBROWSER LOG: TooltipTrigger

[1A[2KBROWSER LOG: ForwardRef

[1A[2KBROWSER LOG: IconBase

[1A[2KBROWSER LOG: Portal

[1A[2KBROWSER LOG: ForwardRef(DialogContent2)

[1A[2KBROWSER LOG: Portal

[1A[2KBROWSER LOG: DialogBackdrop

[1A[2KBROWSER LOG: chakra(DialogBackdrop)

[1A[2KBROWSER LOG: Insertion5

[1A[2KBROWSER LOG: DialogBackdrop

[1A[2KBROWSER LOG: DialogPositioner

[1A[2KBROWSER LOG: chakra(DialogPositioner)

[1A[2KBROWSER LOG: Insertion5

[1A[2KBROWSER LOG: DialogPositioner

[1A[2KBROWSER LOG: GridItem

[1A[2KBROWSER LOG: chakra(div)

[1A[2KBROWSER LOG: Insertion5

[1A[2KBROWSER LOG: ErrorBoundary

[1A[2KBROWSER LOG: ChatMessage

[1A[2KBROWSER LOG: ScrollView

[1A[2KBROWSER LOG: MessageContainer

[1A[2KBROWSER LOG: ScrollView

[1A[2KBROWSER LOG: GridItem

[1A[2KBROWSER LOG: chakra(div)

[1A[2KBROWSER LOG: Insertion5

[1A[2KBROWSER LOG: MessageInput

[1A[2KBROWSER LOG: Stack

[1A[2KBROWSER LOG: chakra(div)

[1A[2KBROWSER LOG: Insertion5

[1A[2KBROWSER LOG: Textarea

[1A[2KBROWSER LOG: chakra(FieldTextarea)

[1A[2KBROWSER LOG: Insertion5

[1A[2KBROWSER LOG: FieldTextarea

[1A[2KBROWSER LOG: HStack

[1A[2KBROWSER LOG: Stack

[1A[2KBROWSER LOG: chakra(div)

[1A[2KBROWSER LOG: Insertion5

[1A[2KBROWSER LOG: HStack

[1A[2KBROWSER LOG: Stack

[1A[2KBROWSER LOG: chakra(div)

[1A[2KBROWSER LOG: Insertion5

[1A[2KBROWSER LOG: ForwardRef(Switch2)

[1A[2KBROWSER LOG: SwitchRoot

[1A[2KBROWSER LOG: chakra(SwitchRoot)

[1A[2KBROWSER LOG: Insertion5

[1A[2KBROWSER LOG: SwitchRoot

[1A[2KBROWSER LOG: ForwardRef

[1A[2KBROWSER LOG: SwitchHiddenInput

[1A[2KBROWSER LOG: ForwardRef

[1A[2KBROWSER LOG: SwitchControl

[1A[2KBROWSER LOG: chakra(SwitchControl)

[1A[2KBROWSER LOG: Insertion5

[1A[2KBROWSER LOG: SwitchControl

[1A[2KBROWSER LOG: ForwardRef

[1A[2KBROWSER LOG: SwitchThumb

[1A[2KBROWSER LOG: chakra(SwitchThumb)

[1A[2KBROWSER LOG: Insertion5

[1A[2KBROWSER LOG: SwitchThumb

[1A[2KBROWSER LOG: SwitchLabel

[1A[2KBROWSER LOG: chakra(SwitchLabel)

[1A[2KBROWSER LOG: Insertion5

[1A[2KBROWSER LOG: SwitchLabel

[1A[2KBROWSER LOG: Button

[1A[2KBROWSER LOG: chakra(button)

[1A[2KBROWSER LOG: Insertion5

[1A[2KBROWSER LOG: Button

[1A[2KBROWSER LOG: chakra(button)

[1A[2KBROWSER LOG: Insertion5

[1A[2KBROWSER LOG: Kbd

[1A[2KBROWSER LOG: chakra(kbd)

[1A[2KBROWSER LOG: Insertion5

[1A[2KBROWSER LOG: MessageBar: eventProcessor:  undefined

[1A[2KBROWSER LOG: SpeechRecognition is not supported in this browser.

[1A[2KBROWSER LOG: ChatProvider: useEffect: fetching state from localStorage

[1A[2KBROWSER LOG: Inflating state:  JSHandle@object

[1A[2KBROWSER LOG: fetch user

[1A[2KBROWSER LOG: ChatProvider

[1A[2KBROWSER LOG: Toaster

[1A[2KBROWSER LOG: SwitchRoot

[1A[2KBROWSER LOG: TooltipRoot

[1A[2KBROWSER LOG: FieldTextarea

[1A[2KBROWSER LOG: MessageBar: eventProcessor:  undefined

[1A[2KBROWSER LOG: SpeechRecognition is not supported in this browser.

[1A[2KBROWSER LOG: ChatProvider: useEffect: fetching state from localStorage

[1A[2KBROWSER LOG: Inflating state:  JSHandle@object

[1A[2KBROWSER LOG: fetch user

[1A[2KBROWSER LOG: ChatProvider

[1A[2KBROWSER LOG: Remaining Effects

[1A[2KBROWSER LOG: Blocking Track

[1A[2KBROWSER LOG: Transition Track

[1A[2KBROWSER LOG: Suspense Track

[1A[2KBROWSER LOG: Idle Track

[1A[2KBROWSER LOG: i18next::translator: missingKey en-US translation Always Always

[1A[2KBROWSER LOG: i18next::translator: missingKey en-US translation Never Never

[1A[2KBROWSER LOG: i18next::translator: missingKey en-US translation show_toolbar show_toolbar

[1A[2KBROWSER LOG: i18next::translator: missingKey en-US translation chat_options chat_options

[1A[2KBROWSER LOG: i18next::translator: missingKey en-US translation chat_options chat_options

[1A[2KBROWSER LOG: i18next::translator: missingKey en-US translation model_options model_options

[1A[2KBROWSER LOG: i18next::translator: missingKey en-US translation tool_options tool_options

[1A[2KBROWSER LOG: i18next::translator: missingKey en-US translation MCP Services MCP Services

[1A[2KBROWSER LOG: i18next::translator: missingKey en-US translation Add/Remove MCP Services Add/Remove MCP Services

[1A[2KBROWSER LOG: i18next::translator: missingKey en-US translation Edit MCP Services Edit MCP Services

[1A[2KBROWSER LOG: i18next::translator: missingKey en-US translation Label Label

[1A[2KBROWSER LOG: i18next::translator: missingKey en-US translation Server URL Server URL

[1A[2KBROWSER LOG: i18next::translator: missingKey en-US translation Require Approval Require Approval

[1A[2KBROWSER LOG: i18next::translator: missingKey en-US translation Allowed Tools Allowed Tools

[1A[2KBROWSER LOG: i18next::translator: missingKey en-US translation Comma separated Comma separated

[1A[2KBROWSER LOG: i18next::translator: missingKey en-US translation Add/Save Service Add/Save Service

[1A[2KBROWSER LOG: i18next::translator: missingKey en-US translation MCP Services MCP Services

[1A[2KBROWSER LOG: i18next::translator: missingKey en-US translation new_chat new_chat

[1A[2KBROWSER LOG: i18next::translator: missingKey en-US translation new_chat new_chat

[1A[2KBROWSER LOG: i18next::translator: missingKey en-US translation new_chat new_chat

[1A[2KBROWSER LOG: i18next::translator: missingKey en-US translation download_thread download_thread

[1A[2KBROWSER LOG: i18next::translator: missingKey en-US translation download_thread download_thread

[1A[2KBROWSER LOG: i18next::translator: missingKey en-US translation download_json download_json

[1A[2KBROWSER LOG: i18next::translator: missingKey en-US translation download_markdown download_markdown

[1A[2KBROWSER LOG: i18next::translator: missingKey en-US translation usage_information usage_information

[1A[2KBROWSER LOG: i18next::translator: missingKey en-US translation usage_information usage_information

[1A[2KBROWSER LOG: i18next::translator: missingKey en-US translation usage_information usage_information

[1A[2KBROWSER LOG: i18next::translator: missingKey en-US translation User information User information

[1A[2KBROWSER LOG: i18next::translator: missingKey en-US translation Always Always

[1A[2KBROWSER LOG: i18next::translator: missingKey en-US translation Never Never

[1A[2KBROWSER LOG: i18next::translator: missingKey en-US translation show_toolbar show_toolbar

[1A[2KBROWSER LOG: i18next::translator: missingKey en-US translation chat_options chat_options

[1A[2KBROWSER LOG: i18next::translator: missingKey en-US translation chat_options chat_options

[1A[2KBROWSER LOG: i18next::translator: missingKey en-US translation model_options model_options

[1A[2KBROWSER LOG: i18next::translator: missingKey en-US translation tool_options tool_options

[1A[2KBROWSER LOG: i18next::translator: missingKey en-US translation MCP Services MCP Services

[1A[2KBROWSER LOG: i18next::translator: missingKey en-US translation Add/Remove MCP Services Add/Remove MCP Services

[1A[2KBROWSER LOG: i18next::translator: missingKey en-US translation Edit MCP Services Edit MCP Services

[1A[2KBROWSER LOG: i18next::translator: missingKey en-US translation Label Label

[1A[2KBROWSER LOG: i18next::translator: missingKey en-US translation Server URL Server URL

[1A[2KBROWSER LOG: i18next::translator: missingKey en-US translation Require Approval Require Approval

[1A[2KBROWSER LOG: i18next::translator: missingKey en-US translation Allowed Tools Allowed Tools

[1A[2KBROWSER LOG: i18next::translator: missingKey en-US translation Comma separated Comma separated

[1A[2KBROWSER LOG: i18next::translator: missingKey en-US translation Add/Save Service Add/Save Service

[1A[2KBROWSER LOG: i18next::translator: missingKey en-US translation MCP Services MCP Services

[1A[2KBROWSER LOG: i18next::translator: missingKey en-US translation new_chat new_chat

[1A[2KBROWSER LOG: i18next::translator: missingKey en-US translation new_chat new_chat

[1A[2KBROWSER LOG: i18next::translator: missingKey en-US translation new_chat new_chat

[1A[2KBROWSER LOG: i18next::translator: missingKey en-US translation download_thread download_thread

[1A[2KBROWSER LOG: i18next::translator: missingKey en-US translation download_thread download_thread

[1A[2KBROWSER LOG: i18next::translator: missingKey en-US translation download_json download_json

[1A[2KBROWSER LOG: i18next::translator: missingKey en-US translation download_markdown download_markdown

[1A[2KBROWSER LOG: i18next::translator: missingKey en-US translation usage_information usage_information

[1A[2KBROWSER LOG: i18next::translator: missingKey en-US translation usage_information usage_information

[1A[2KBROWSER LOG: i18next::translator: missingKey en-US translation usage_information usage_information

[1A[2KBROWSER LOG: i18next::translator: missingKey en-US translation User information User information

[1A[2KBROWSER LOG: i18next::translator: missingKey en-US translation chat_history chat_history

[1A[2KBROWSER LOG: i18next::translator: missingKey en-US translation chat_history chat_history

[1A[2KBROWSER LOG: i18next::translator: missingKey en-US translation close close

[1A[2KBROWSER LOG: i18next::translator: missingKey en-US translation chat_history chat_history

[1A[2KBROWSER LOG: i18next::translator: missingKey en-US translation empty_chat empty_chat

[1A[2KBROWSER LOG: i18next::translator: missingKey en-US translation delete_chat delete_chat

[1A[2KBROWSER LOG: i18next::translator: missingKey en-US translation new_chat new_chat

[1A[2KBROWSER LOG: i18next::translator: missingKey en-US translation new_chat new_chat

[1A[2KBROWSER LOG: i18next::translator: missingKey en-US translation close close

[1A[2KBROWSER LOG: i18next::translator: missingKey en-US translation chat_history chat_history

[1A[2KBROWSER LOG: i18next::translator: missingKey en-US translation chat_history chat_history

[1A[2KBROWSER LOG: i18next::translator: missingKey en-US translation close close

[1A[2KBROWSER LOG: i18next::translator: missingKey en-US translation chat_history chat_history

[1A[2KBROWSER LOG: i18next::translator: missingKey en-US translation empty_chat empty_chat

[1A[2KBROWSER LOG: i18next::translator: missingKey en-US translation delete_chat delete_chat

[1A[2KBROWSER LOG: i18next::translator: missingKey en-US translation new_chat new_chat

[1A[2KBROWSER LOG: i18next::translator: missingKey en-US translation new_chat new_chat

[1A[2KBROWSER LOG: i18next::translator: missingKey en-US translation close close

[1A[2KBROWSER LOG: i18next::translator: missingKey en-US translation open_issue open_issue

[1A[2KBROWSER LOG: i18next::translator: missingKey en-US translation open_issue open_issue

[1A[2KBROWSER LOG: i18next::translator: missingKey en-US translation release_notes release_notes

[1A[2KBROWSER LOG: i18next::translator: missingKey en-US translation open_issue open_issue

[1A[2KBROWSER LOG: i18next::translator: missingKey en-US translation open_issue open_issue

[1A[2KBROWSER LOG: i18next::translator: missingKey en-US translation open_issue open_issue

[1A[2KBROWSER LOG: i18next::translator: missingKey en-US translation open_issue open_issue

[1A[2KBROWSER LOG: i18next::translator: missingKey en-US translation open_issue open_issue

[1A[2KBROWSER LOG: i18next::translator: missingKey en-US translation release_notes release_notes

[1A[2KBROWSER LOG: i18next::translator: missingKey en-US translation open_issue open_issue

[1A[2KBROWSER LOG: i18next::translator: missingKey en-US translation open_issue open_issue

[1A[2KBROWSER LOG: i18next::translator: missingKey en-US translation open_issue open_issue

[1A[2KBROWSER LOG: i18next::translator: missingKey en-US translation Remove Message Remove Message

[1A[2KBROWSER LOG: i18next::translator: missingKey en-US translation Remove Message Remove Message

[1A[2KBROWSER LOG: Render

[1A[2KBROWSER LOG: Commit

[1A[2KBROWSER LOG: MessageHeader

[1A[2KBROWSER LOG: MessageContainer

[1A[2KBROWSER LOG: MessageItem

[1A[2KBROWSER LOG: ForwardRef

[1A[2KBROWSER LOG: chakra(div)

[1A[2KBROWSER LOG: Insertion5

[1A[2KBROWSER LOG: ForwardRef

[1A[2KBROWSER LOG: chakra(div)

[1A[2KBROWSER LOG: Insertion5

[1A[2KBROWSER LOG: HStack

[1A[2KBROWSER LOG: Stack

[1A[2KBROWSER LOG: chakra(div)

[1A[2KBROWSER LOG: Insertion5

[1A[2KBROWSER LOG: AvatarRoot

[1A[2KBROWSER LOG: chakra(AvatarRoot)

[1A[2KBROWSER LOG: Insertion5

[1A[2KBROWSER LOG: AvatarRoot

[1A[2KBROWSER LOG: ForwardRef

[1A[2KBROWSER LOG: ForwardRef(AvatarFallback22)

[1A[2KBROWSER LOG: chakra(AvatarFallback)

[1A[2KBROWSER LOG: Insertion5

[1A[2KBROWSER LOG: AvatarFallback

[1A[2KBROWSER LOG: ForwardRef

[1A[2KBROWSER LOG: AvatarImage

[1A[2KBROWSER LOG: Text

[1A[2KBROWSER LOG: ToolUse

[1A[2KBROWSER LOG: ForwardRef

[1A[2KBROWSER LOG: chakra(div)

[1A[2KBROWSER LOG: Insertion5

[1A[2KBROWSER LOG: LazyRenderer

[1A[2KBROWSER LOG: SkeletonText

[1A[2KBROWSER LOG: Stack

[1A[2KBROWSER LOG: chakra(div)

[1A[2KBROWSER LOG: Insertion5

[1A[2KBROWSER LOG: Skeleton

[1A[2KBROWSER LOG: chakra(div)

[1A[2KBROWSER LOG: Insertion5

[1A[2KBROWSER LOG: Skeleton

[1A[2KBROWSER LOG: chakra(div)

[1A[2KBROWSER LOG: Insertion5

[1A[2KBROWSER LOG: Skeleton

[1A[2KBROWSER LOG: chakra(div)

[1A[2KBROWSER LOG: Insertion5

[1A[2KBROWSER LOG: Skeleton

[1A[2KBROWSER LOG: Skeleton

[1A[2KBROWSER LOG: chakra(div)

[1A[2KBROWSER LOG: Skeleton

[1A[2KBROWSER LOG: chakra(div)

[1A[2KBROWSER LOG: Skeleton

[1A[2KBROWSER LOG: chakra(div)

[1A[2KBROWSER LOG: Skeleton

[1A[2KBROWSER LOG: chakra(div)

[1A[2KBROWSER LOG: Skeleton

[1A[2KBROWSER LOG: chakra(div)

[1A[2KBROWSER LOG: Insertion5

[1A[2KBROWSER LOG: Skeleton

[1A[2KBROWSER LOG: chakra(div)

[1A[2KBROWSER LOG: Insertion5

[1A[2KBROWSER LOG: LazyRenderer

[1A[2KBROWSER LOG: ForwardRef

[1A[2KBROWSER LOG: chakra(div)

[1A[2KBROWSER LOG: Insertion5

[1A[2KBROWSER LOG: HStack

[1A[2KBROWSER LOG: Stack

[1A[2KBROWSER LOG: chakra(div)

[1A[2KBROWSER LOG: Insertion5

[1A[2KBROWSER LOG: Usage

[1A[2KBROWSER LOG: Spacer

[1A[2KBROWSER LOG: ForwardRef(Tooltip2)

[1A[2KBROWSER LOG: TooltipRoot

[1A[2KBROWSER LOG: TooltipRoot

[1A[2KBROWSER LOG: TooltipTrigger

[1A[2KBROWSER LOG: chakra(TooltipTrigger)

[1A[2KBROWSER LOG: Insertion5

[1A[2KBROWSER LOG: TooltipTrigger

[1A[2KBROWSER LOG: ForwardRef

[1A[2KBROWSER LOG: IconButton

[1A[2KBROWSER LOG: Button

[1A[2KBROWSER LOG: chakra(button)

[1A[2KBROWSER LOG: Insertion5

[1A[2KBROWSER LOG: Portal

[1A[2KBROWSER LOG: TooltipPositioner

[1A[2KBROWSER LOG: chakra(TooltipPositioner)

[1A[2KBROWSER LOG: Insertion5

[1A[2KBROWSER LOG: TooltipPositioner

[1A[2KBROWSER LOG: CopyIcon

[1A[2KBROWSER LOG: ForwardRef(Tooltip2)

[1A[2KBROWSER LOG: TooltipRoot

[1A[2KBROWSER LOG: TooltipRoot

[1A[2KBROWSER LOG: TooltipTrigger

[1A[2KBROWSER LOG: chakra(TooltipTrigger)

[1A[2KBROWSER LOG: Insertion5

[1A[2KBROWSER LOG: TooltipTrigger

[1A[2KBROWSER LOG: ForwardRef

[1A[2KBROWSER LOG: IconButton

[1A[2KBROWSER LOG: Button

[1A[2KBROWSER LOG: chakra(button)

[1A[2KBROWSER LOG: Insertion5

[1A[2KBROWSER LOG: LuClipboardCopy

[1A[2KBROWSER LOG: Portal

[1A[2KBROWSER LOG: TooltipRoot

[1A[2KBROWSER LOG: Remaining Effects

[1A[2KBROWSER LOG: getting user:  200

[1A[2KBROWSER LOG: getting user:  200

[1A[2KBROWSER LOG: Blocking Track

[1A[2KBROWSER LOG: Transition Track

[1A[2KBROWSER LOG: Suspense Track

[1A[2KBROWSER LOG: Idle Track

[1A[2KBROWSER LOG: Render

[1A[2KBROWSER LOG: Commit

[1A[2KBROWSER LOG: Waiting for Paint

[1A[2KBROWSER LOG: LazyRenderer

[1A[2KBROWSER LOG: ForwardRef(_c2)

[1A[2KBROWSER LOG: MessageRender

[1A[2KBROWSER LOG: Markdown

[1A[2KBROWSER LOG: Remaining Effects

[1A[2KBROWSER LOG: Blocking Track

[1A[2KBROWSER LOG: Transition Track

[1A[2KBROWSER LOG: Suspense Track

[1A[2KBROWSER LOG: Idle Track

[1A[2KBROWSER LOG: userText: 
# No Access

Access to the chat is only available to members of FH SWF. If you are a member, please log in with your university credentials.


[1A[2KBROWSER LOG: userText: 
# No Access

Access to the chat is only available to members of FH SWF. If you are a member, please log in with your university credentials.


[1A[2KBROWSER LOG: i18next::translator: missingKey en-US translation Always Always

[1A[2KBROWSER LOG: i18next::translator: missingKey en-US translation Never Never

[1A[2KBROWSER LOG: i18next::translator: missingKey en-US translation show_toolbar show_toolbar

[1A[2KBROWSER LOG: i18next::translator: missingKey en-US translation chat_options chat_options

[1A[2KBROWSER LOG: i18next::translator: missingKey en-US translation chat_options chat_options

[1A[2KBROWSER LOG: i18next::translator: missingKey en-US translation model_options model_options

[1A[2KBROWSER LOG: i18next::translator: missingKey en-US translation tool_options tool_options

[1A[2KBROWSER LOG: i18next::translator: missingKey en-US translation MCP Services MCP Services

[1A[2KBROWSER LOG: i18next::translator: missingKey en-US translation Add/Remove MCP Services Add/Remove MCP Services

[1A[2KBROWSER LOG: i18next::translator: missingKey en-US translation Edit MCP Services Edit MCP Services

[1A[2KBROWSER LOG: i18next::translator: missingKey en-US translation Label Label

[1A[2KBROWSER LOG: i18next::translator: missingKey en-US translation Server URL Server URL

[1A[2KBROWSER LOG: i18next::translator: missingKey en-US translation Require Approval Require Approval

[1A[2KBROWSER LOG: i18next::translator: missingKey en-US translation Allowed Tools Allowed Tools

[1A[2KBROWSER LOG: i18next::translator: missingKey en-US translation Comma separated Comma separated

[1A[2KBROWSER LOG: i18next::translator: missingKey en-US translation Add/Save Service Add/Save Service

[1A[2KBROWSER LOG: i18next::translator: missingKey en-US translation MCP Services MCP Services

[1A[2KBROWSER LOG: i18next::translator: missingKey en-US translation new_chat new_chat

[1A[2KBROWSER LOG: i18next::translator: missingKey en-US translation new_chat new_chat

[1A[2KBROWSER LOG: i18next::translator: missingKey en-US translation new_chat new_chat

[1A[2KBROWSER LOG: i18next::translator: missingKey en-US translation download_thread download_thread

[1A[2KBROWSER LOG: i18next::translator: missingKey en-US translation download_thread download_thread

[1A[2KBROWSER LOG: i18next::translator: missingKey en-US translation download_json download_json

[1A[2KBROWSER LOG: i18next::translator: missingKey en-US translation download_markdown download_markdown

[1A[2KBROWSER LOG: i18next::translator: missingKey en-US translation usage_information usage_information

[1A[2KBROWSER LOG: i18next::translator: missingKey en-US translation usage_information usage_information

[1A[2KBROWSER LOG: i18next::translator: missingKey en-US translation usage_information usage_information

[1A[2KBROWSER LOG: i18next::translator: missingKey en-US translation User information User information

[1A[2KBROWSER LOG: i18next::translator: missingKey en-US translation Always Always

[1A[2KBROWSER LOG: i18next::translator: missingKey en-US translation Never Never

[1A[2KBROWSER LOG: i18next::translator: missingKey en-US translation show_toolbar show_toolbar

[1A[2KBROWSER LOG: i18next::translator: missingKey en-US translation chat_options chat_options

[1A[2KBROWSER LOG: i18next::translator: missingKey en-US translation chat_options chat_options

[1A[2KBROWSER LOG: i18next::translator: missingKey en-US translation model_options model_options

[1A[2KBROWSER LOG: i18next::translator: missingKey en-US translation tool_options tool_options

[1A[2KBROWSER LOG: i18next::translator: missingKey en-US translation MCP Services MCP Services

[1A[2KBROWSER LOG: i18next::translator: missingKey en-US translation Add/Remove MCP Services Add/Remove MCP Services

[1A[2KBROWSER LOG: i18next::translator: missingKey en-US translation Edit MCP Services Edit MCP Services

[1A[2KBROWSER LOG: i18next::translator: missingKey en-US translation Label Label

[1A[2KBROWSER LOG: i18next::translator: missingKey en-US translation Server URL Server URL

[1A[2KBROWSER LOG: i18next::translator: missingKey en-US translation Require Approval Require Approval

[1A[2KBROWSER LOG: i18next::translator: missingKey en-US translation Allowed Tools Allowed Tools

[1A[2KBROWSER LOG: i18next::translator: missingKey en-US translation Comma separated Comma separated

[1A[2KBROWSER LOG: i18next::translator: missingKey en-US translation Add/Save Service Add/Save Service

[1A[2KBROWSER LOG: i18next::translator: missingKey en-US translation MCP Services MCP Services

[1A[2KBROWSER LOG: i18next::translator: missingKey en-US translation new_chat new_chat

[1A[2KBROWSER LOG: i18next::translator: missingKey en-US translation new_chat new_chat

[1A[2KBROWSER LOG: i18next::translator: missingKey en-US translation new_chat new_chat

[1A[2KBROWSER LOG: i18next::translator: missingKey en-US translation download_thread download_thread

[1A[2KBROWSER LOG: i18next::translator: missingKey en-US translation download_thread download_thread

[1A[2KBROWSER LOG: i18next::translator: missingKey en-US translation download_json download_json

[1A[2KBROWSER LOG: i18next::translator: missingKey en-US translation download_markdown download_markdown

[1A[2KBROWSER LOG: i18next::translator: missingKey en-US translation usage_information usage_information

[1A[2KBROWSER LOG: i18next::translator: missingKey en-US translation usage_information usage_information

[1A[2KBROWSER LOG: i18next::translator: missingKey en-US translation usage_information usage_information

[1A[2KBROWSER LOG: i18next::translator: missingKey en-US translation User information User information

[1A[2KBROWSER LOG: i18next::translator: missingKey en-US translation chat_history chat_history

[1A[2KBROWSER LOG: i18next::translator: missingKey en-US translation chat_history chat_history

[1A[2KBROWSER LOG: i18next::translator: missingKey en-US translation close close

[1A[2KBROWSER LOG: i18next::translator: missingKey en-US translation chat_history chat_history

[1A[2KBROWSER LOG: i18next::translator: missingKey en-US translation empty_chat empty_chat

[1A[2KBROWSER LOG: i18next::translator: missingKey en-US translation delete_chat delete_chat

[1A[2KBROWSER LOG: i18next::translator: missingKey en-US translation new_chat new_chat

[1A[2KBROWSER LOG: i18next::translator: missingKey en-US translation new_chat new_chat

[1A[2KBROWSER LOG: i18next::translator: missingKey en-US translation close close

[1A[2KBROWSER LOG: i18next::translator: missingKey en-US translation chat_history chat_history

[1A[2KBROWSER LOG: i18next::translator: missingKey en-US translation chat_history chat_history

[1A[2KBROWSER LOG: i18next::translator: missingKey en-US translation close close

[1A[2KBROWSER LOG: i18next::translator: missingKey en-US translation chat_history chat_history

[1A[2KBROWSER LOG: i18next::translator: missingKey en-US translation empty_chat empty_chat

[1A[2KBROWSER LOG: i18next::translator: missingKey en-US translation delete_chat delete_chat

[1A[2KBROWSER LOG: i18next::translator: missingKey en-US translation new_chat new_chat

[1A[2KBROWSER LOG: i18next::translator: missingKey en-US translation new_chat new_chat

[1A[2KBROWSER LOG: i18next::translator: missingKey en-US translation close close

[1A[2KBROWSER LOG: i18next::translator: missingKey en-US translation open_issue open_issue

[1A[2KBROWSER LOG: i18next::translator: missingKey en-US translation open_issue open_issue

[1A[2KBROWSER LOG: i18next::translator: missingKey en-US translation release_notes release_notes

[1A[2KBROWSER LOG: i18next::translator: missingKey en-US translation open_issue open_issue

[1A[2KBROWSER LOG: i18next::translator: missingKey en-US translation open_issue open_issue

[1A[2KBROWSER LOG: i18next::translator: missingKey en-US translation open_issue open_issue

[1A[2KBROWSER LOG: i18next::translator: missingKey en-US translation open_issue open_issue

[1A[2KBROWSER LOG: i18next::translator: missingKey en-US translation open_issue open_issue

[1A[2KBROWSER LOG: i18next::translator: missingKey en-US translation release_notes release_notes

[1A[2KBROWSER LOG: i18next::translator: missingKey en-US translation open_issue open_issue

[1A[2KBROWSER LOG: i18next::translator: missingKey en-US translation open_issue open_issue

[1A[2KBROWSER LOG: i18next::translator: missingKey en-US translation open_issue open_issue

[1A[2KBROWSER LOG: i18next::translator: missingKey en-US translation Theme Theme

[1A[2KBROWSER LOG: i18next::translator: missingKey en-US translation Config Config

[1A[2KBROWSER LOG: i18next::translator: missingKey en-US translation Minimize Minimize

[1A[2KBROWSER LOG: i18next::translator: missingKey en-US translation about about

[1A[2KBROWSER LOG: i18next::translator: missingKey en-US translation about about

[1A[2KBROWSER LOG: i18next::translator: missingKey en-US translation About About

[1A[2KBROWSER LOG: i18next::translator: missingKey en-US translation Accept Terms Accept Terms

[1A[2KBROWSER LOG: i18next::translator: missingKey en-US translation Theme Theme

[1A[2KBROWSER LOG: i18next::translator: missingKey en-US translation Config Config

[1A[2KBROWSER LOG: i18next::translator: missingKey en-US translation Minimize Minimize

[1A[2KBROWSER LOG: i18next::translator: missingKey en-US translation about about

[1A[2KBROWSER LOG: i18next::translator: missingKey en-US translation about about

[1A[2KBROWSER LOG: i18next::translator: missingKey en-US translation About About

[1A[2KBROWSER LOG: i18next::translator: missingKey en-US translation Accept Terms Accept Terms

[1A[2KBROWSER LOG: i18next::translator: missingKey en-US translation Remove Message Remove Message

[1A[2KBROWSER LOG: i18next::translator: missingKey en-US translation Remove Message Remove Message

[1A[2KBROWSER LOG: i18next::translator: missingKey en-US translation Enter something.... Enter something....

[1A[2KBROWSER LOG: i18next::translator: missingKey en-US translation Code Editor Code Editor

[1A[2KBROWSER LOG: i18next::translator: missingKey en-US translation clear clear

[1A[2KBROWSER LOG: i18next::translator: missingKey en-US translation send send

[1A[2KBROWSER LOG: i18next::translator: missingKey en-US translation COMMAND_ENTER COMMAND_ENTER

[1A[2KBROWSER LOG: i18next::translator: missingKey en-US translation Enter something.... Enter something....

[1A[2KBROWSER LOG: i18next::translator: missingKey en-US translation Code Editor Code Editor

[1A[2KBROWSER LOG: i18next::translator: missingKey en-US translation clear clear

[1A[2KBROWSER LOG: i18next::translator: missingKey en-US translation send send

[1A[2KBROWSER LOG: i18next::translator: missingKey en-US translation COMMAND_ENTER COMMAND_ENTER

[1A[2KBROWSER LOG: Render

[1A[2KBROWSER LOG: Commit

[1A[2KBROWSER LOG: Waiting

[1A[2KBROWSER LOG: ChatProvider

[1A[2KBROWSER LOG: Chat

[1A[2KBROWSER LOG: MessageHeader

[1A[2KBROWSER LOG: ToolUse

[1A[2KBROWSER LOG: Usage

[1A[2KBROWSER LOG: ScrollView

[1A[2KBROWSER LOG: Remaining Effects

[1A[2KBROWSER LOG: Blocking Track

[1A[2KBROWSER LOG: Transition Track

[1A[2KBROWSER LOG: Suspense Track

[1A[2KBROWSER LOG: Idle Track

[1A[2KBROWSER LOG: i18next::translator: missingKey en-US translation Always Always

[1A[2KBROWSER LOG: i18next::translator: missingKey en-US translation Never Never

[1A[2KBROWSER LOG: i18next::translator: missingKey en-US translation show_toolbar show_toolbar

[1A[2KBROWSER LOG: i18next::translator: missingKey en-US translation chat_options chat_options

[1A[2KBROWSER LOG: i18next::translator: missingKey en-US translation chat_options chat_options

[1A[2KBROWSER LOG: i18next::translator: missingKey en-US translation model_options model_options

[1A[2KBROWSER LOG: i18next::translator: missingKey en-US translation tool_options tool_options

[1A[2KBROWSER LOG: i18next::translator: missingKey en-US translation MCP Services MCP Services

[1A[2KBROWSER LOG: i18next::translator: missingKey en-US translation Add/Remove MCP Services Add/Remove MCP Services

[1A[2KBROWSER LOG: i18next::translator: missingKey en-US translation Edit MCP Services Edit MCP Services

[1A[2KBROWSER LOG: i18next::translator: missingKey en-US translation Label Label

[1A[2KBROWSER LOG: i18next::translator: missingKey en-US translation Server URL Server URL

[1A[2KBROWSER LOG: i18next::translator: missingKey en-US translation Require Approval Require Approval

[1A[2KBROWSER LOG: i18next::translator: missingKey en-US translation Allowed Tools Allowed Tools

[1A[2KBROWSER LOG: i18next::translator: missingKey en-US translation Comma separated Comma separated

[1A[2KBROWSER LOG: i18next::translator: missingKey en-US translation Add/Save Service Add/Save Service

[1A[2KBROWSER LOG: i18next::translator: missingKey en-US translation MCP Services MCP Services

[1A[2KBROWSER LOG: i18next::translator: missingKey en-US translation new_chat new_chat

[1A[2KBROWSER LOG: i18next::translator: missingKey en-US translation new_chat new_chat

[1A[2KBROWSER LOG: i18next::translator: missingKey en-US translation new_chat new_chat

[1A[2KBROWSER LOG: i18next::translator: missingKey en-US translation download_thread download_thread

[1A[2KBROWSER LOG: i18next::translator: missingKey en-US translation download_thread download_thread

[1A[2KBROWSER LOG: i18next::translator: missingKey en-US translation download_json download_json

[1A[2KBROWSER LOG: i18next::translator: missingKey en-US translation download_markdown download_markdown

[1A[2KBROWSER LOG: i18next::translator: missingKey en-US translation usage_information usage_information

[1A[2KBROWSER LOG: i18next::translator: missingKey en-US translation usage_information usage_information

[1A[2KBROWSER LOG: i18next::translator: missingKey en-US translation usage_information usage_information

[1A[2KBROWSER LOG: i18next::translator: missingKey en-US translation User information User information

[1A[2KBROWSER LOG: i18next::translator: missingKey en-US translation Always Always

[1A[2KBROWSER LOG: i18next::translator: missingKey en-US translation Never Never

[1A[2KBROWSER LOG: i18next::translator: missingKey en-US translation show_toolbar show_toolbar

[1A[2KBROWSER LOG: i18next::translator: missingKey en-US translation chat_options chat_options

[1A[2KBROWSER LOG: i18next::translator: missingKey en-US translation chat_options chat_options

[1A[2KBROWSER LOG: i18next::translator: missingKey en-US translation model_options model_options

[1A[2KBROWSER LOG: i18next::translator: missingKey en-US translation tool_options tool_options

[1A[2KBROWSER LOG: i18next::translator: missingKey en-US translation MCP Services MCP Services

[1A[2KBROWSER LOG: i18next::translator: missingKey en-US translation Add/Remove MCP Services Add/Remove MCP Services

[1A[2KBROWSER LOG: i18next::translator: missingKey en-US translation Edit MCP Services Edit MCP Services

[1A[2KBROWSER LOG: i18next::translator: missingKey en-US translation Label Label

[1A[2KBROWSER LOG: i18next::translator: missingKey en-US translation Server URL Server URL

[1A[2KBROWSER LOG: i18next::translator: missingKey en-US translation Require Approval Require Approval

[1A[2KBROWSER LOG: i18next::translator: missingKey en-US translation Allowed Tools Allowed Tools

[1A[2KBROWSER LOG: i18next::translator: missingKey en-US translation Comma separated Comma separated

[1A[2KBROWSER LOG: i18next::translator: missingKey en-US translation Add/Save Service Add/Save Service

[1A[2KBROWSER LOG: i18next::translator: missingKey en-US translation MCP Services MCP Services

[1A[2KBROWSER LOG: i18next::translator: missingKey en-US translation new_chat new_chat

[1A[2KBROWSER LOG: i18next::translator: missingKey en-US translation new_chat new_chat

[1A[2KBROWSER LOG: i18next::translator: missingKey en-US translation new_chat new_chat

[1A[2KBROWSER LOG: i18next::translator: missingKey en-US translation download_thread download_thread

[1A[2KBROWSER LOG: i18next::translator: missingKey en-US translation download_thread download_thread

[1A[2KBROWSER LOG: i18next::translator: missingKey en-US translation download_json download_json

[1A[2KBROWSER LOG: i18next::translator: missingKey en-US translation download_markdown download_markdown

[1A[2KBROWSER LOG: i18next::translator: missingKey en-US translation usage_information usage_information

[1A[2KBROWSER LOG: i18next::translator: missingKey en-US translation usage_information usage_information

[1A[2KBROWSER LOG: i18next::translator: missingKey en-US translation usage_information usage_information

[1A[2KBROWSER LOG: i18next::translator: missingKey en-US translation User information User information

[1A[2KBROWSER LOG: i18next::translator: missingKey en-US translation chat_history chat_history

[1A[2KBROWSER LOG: i18next::translator: missingKey en-US translation chat_history chat_history

[1A[2KBROWSER LOG: i18next::translator: missingKey en-US translation close close

[1A[2KBROWSER LOG: i18next::translator: missingKey en-US translation chat_history chat_history

[1A[2KBROWSER LOG: i18next::translator: missingKey en-US translation empty_chat empty_chat

[1A[2KBROWSER LOG: i18next::translator: missingKey en-US translation delete_chat delete_chat

[1A[2KBROWSER LOG: i18next::translator: missingKey en-US translation new_chat new_chat

[1A[2KBROWSER LOG: i18next::translator: missingKey en-US translation new_chat new_chat

[1A[2KBROWSER LOG: i18next::translator: missingKey en-US translation close close

[1A[2KBROWSER LOG: i18next::translator: missingKey en-US translation chat_history chat_history

[1A[2KBROWSER LOG: i18next::translator: missingKey en-US translation chat_history chat_history

[1A[2KBROWSER LOG: i18next::translator: missingKey en-US translation close close

[1A[2KBROWSER LOG: i18next::translator: missingKey en-US translation chat_history chat_history

[1A[2KBROWSER LOG: i18next::translator: missingKey en-US translation empty_chat empty_chat

[1A[2KBROWSER LOG: i18next::translator: missingKey en-US translation delete_chat delete_chat

[1A[2KBROWSER LOG: i18next::translator: missingKey en-US translation new_chat new_chat

[1A[2KBROWSER LOG: i18next::translator: missingKey en-US translation new_chat new_chat

[1A[2KBROWSER LOG: i18next::translator: missingKey en-US translation close close

[1A[2KBROWSER LOG: i18next::translator: missingKey en-US translation open_issue open_issue

[1A[2KBROWSER LOG: i18next::translator: missingKey en-US translation open_issue open_issue

[1A[2KBROWSER LOG: i18next::translator: missingKey en-US translation release_notes release_notes

[1A[2KBROWSER LOG: i18next::translator: missingKey en-US translation open_issue open_issue

[1A[2KBROWSER LOG: i18next::translator: missingKey en-US translation open_issue open_issue

[1A[2KBROWSER LOG: i18next::translator: missingKey en-US translation open_issue open_issue

[1A[2KBROWSER LOG: i18next::translator: missingKey en-US translation open_issue open_issue

[1A[2KBROWSER LOG: i18next::translator: missingKey en-US translation open_issue open_issue

[1A[2KBROWSER LOG: i18next::translator: missingKey en-US translation release_notes release_notes

[1A[2KBROWSER LOG: i18next::translator: missingKey en-US translation open_issue open_issue

[1A[2KBROWSER LOG: i18next::translator: missingKey en-US translation open_issue open_issue

[1A[2KBROWSER LOG: i18next::translator: missingKey en-US translation open_issue open_issue

[1A[2KBROWSER LOG: i18next::translator: missingKey en-US translation Remove Message Remove Message

[1A[2KBROWSER LOG: i18next::translator: missingKey en-US translation Remove Message Remove Message

[1A[2KBROWSER LOG: Render

[1A[2KBROWSER LOG: Commit

[1A[2KBROWSER LOG: MessageHeader

[1A[2KBROWSER LOG: ScrollView

[1A[2KBROWSER LOG: MessageContainer

[1A[2KBROWSER LOG: ToolUse

[1A[2KBROWSER LOG: Usage

[1A[2KBROWSER LOG: Remaining Effects

[1A[2KBROWSER LOG: JSHandle@object

[1A[2KBROWSER LOG: updating user:  JSHandle@object

[1A[2KBROWSER LOG: JSHandle@object

[1A[2KBROWSER LOG: updating user:  JSHandle@object

[1A[2KBROWSER LOG: Blocking Track

[1A[2KBROWSER LOG: Transition Track

[1A[2KBROWSER LOG: Suspense Track

[1A[2KBROWSER LOG: Idle Track

[1A[2KBROWSER LOG: userText: 
# No Access

Access to the chat is only available to members of FH SWF. If you are a member, please log in with your university credentials.


[1A[2KBROWSER LOG: userText: 
# No Access

Access to the chat is only available to members of FH SWF. If you are a member, please log in with your university credentials.


[1A[2KBROWSER LOG: i18next::translator: missingKey en-US translation Always Always

[1A[2KBROWSER LOG: i18next::translator: missingKey en-US translation Never Never

[1A[2KBROWSER LOG: i18next::translator: missingKey en-US translation show_toolbar show_toolbar

[1A[2KBROWSER LOG: i18next::translator: missingKey en-US translation chat_options chat_options

[1A[2KBROWSER LOG: i18next::translator: missingKey en-US translation chat_options chat_options

[1A[2KBROWSER LOG: i18next::translator: missingKey en-US translation model_options model_options

[1A[2KBROWSER LOG: i18next::translator: missingKey en-US translation tool_options tool_options

[1A[2KBROWSER LOG: i18next::translator: missingKey en-US translation MCP Services MCP Services

[1A[2KBROWSER LOG: i18next::translator: missingKey en-US translation Add/Remove MCP Services Add/Remove MCP Services

[1A[2KBROWSER LOG: i18next::translator: missingKey en-US translation Edit MCP Services Edit MCP Services

[1A[2KBROWSER LOG: i18next::translator: missingKey en-US translation Label Label

[1A[2KBROWSER LOG: i18next::translator: missingKey en-US translation Server URL Server URL

[1A[2KBROWSER LOG: i18next::translator: missingKey en-US translation Require Approval Require Approval

[1A[2KBROWSER LOG: i18next::translator: missingKey en-US translation Allowed Tools Allowed Tools

[1A[2KBROWSER LOG: i18next::translator: missingKey en-US translation Comma separated Comma separated

[1A[2KBROWSER LOG: i18next::translator: missingKey en-US translation Add/Save Service Add/Save Service

[1A[2KBROWSER LOG: i18next::translator: missingKey en-US translation MCP Services MCP Services

[1A[2KBROWSER LOG: i18next::translator: missingKey en-US translation new_chat new_chat

[1A[2KBROWSER LOG: i18next::translator: missingKey en-US translation new_chat new_chat

[1A[2KBROWSER LOG: i18next::translator: missingKey en-US translation new_chat new_chat

[1A[2KBROWSER LOG: i18next::translator: missingKey en-US translation download_thread download_thread

[1A[2KBROWSER LOG: i18next::translator: missingKey en-US translation download_thread download_thread

[1A[2KBROWSER LOG: i18next::translator: missingKey en-US translation download_json download_json

[1A[2KBROWSER LOG: i18next::translator: missingKey en-US translation download_markdown download_markdown

[1A[2KBROWSER LOG: i18next::translator: missingKey en-US translation usage_information usage_information

[1A[2KBROWSER LOG: i18next::translator: missingKey en-US translation usage_information usage_information

[1A[2KBROWSER LOG: i18next::translator: missingKey en-US translation usage_information usage_information

[1A[2KBROWSER LOG: i18next::translator: missingKey en-US translation User information User information

[1A[2KBROWSER LOG: i18next::translator: missingKey en-US translation Always Always

[1A[2KBROWSER LOG: i18next::translator: missingKey en-US translation Never Never

[1A[2KBROWSER LOG: i18next::translator: missingKey en-US translation show_toolbar show_toolbar

[1A[2KBROWSER LOG: i18next::translator: missingKey en-US translation chat_options chat_options

[1A[2KBROWSER LOG: i18next::translator: missingKey en-US translation chat_options chat_options

[1A[2KBROWSER LOG: i18next::translator: missingKey en-US translation model_options model_options

[1A[2KBROWSER LOG: i18next::translator: missingKey en-US translation tool_options tool_options

[1A[2KBROWSER LOG: i18next::translator: missingKey en-US translation MCP Services MCP Services

[1A[2KBROWSER LOG: i18next::translator: missingKey en-US translation Add/Remove MCP Services Add/Remove MCP Services

[1A[2KBROWSER LOG: i18next::translator: missingKey en-US translation Edit MCP Services Edit MCP Services

[1A[2KBROWSER LOG: i18next::translator: missingKey en-US translation Label Label

[1A[2KBROWSER LOG: i18next::translator: missingKey en-US translation Server URL Server URL

[1A[2KBROWSER LOG: i18next::translator: missingKey en-US translation Require Approval Require Approval

[1A[2KBROWSER LOG: i18next::translator: missingKey en-US translation Allowed Tools Allowed Tools

[1A[2KBROWSER LOG: i18next::translator: missingKey en-US translation Comma separated Comma separated

[1A[2KBROWSER LOG: i18next::translator: missingKey en-US translation Add/Save Service Add/Save Service

[1A[2KBROWSER LOG: i18next::translator: missingKey en-US translation MCP Services MCP Services

[1A[2KBROWSER LOG: i18next::translator: missingKey en-US translation new_chat new_chat

[1A[2KBROWSER LOG: i18next::translator: missingKey en-US translation new_chat new_chat

[1A[2KBROWSER LOG: i18next::translator: missingKey en-US translation new_chat new_chat

[1A[2KBROWSER LOG: i18next::translator: missingKey en-US translation download_thread download_thread

[1A[2KBROWSER LOG: i18next::translator: missingKey en-US translation download_thread download_thread

[1A[2KBROWSER LOG: i18next::translator: missingKey en-US translation download_json download_json

[1A[2KBROWSER LOG: i18next::translator: missingKey en-US translation download_markdown download_markdown

[1A[2KBROWSER LOG: i18next::translator: missingKey en-US translation usage_information usage_information

[1A[2KBROWSER LOG: i18next::translator: missingKey en-US translation usage_information usage_information

[1A[2KBROWSER LOG: i18next::translator: missingKey en-US translation usage_information usage_information

[1A[2KBROWSER LOG: i18next::translator: missingKey en-US translation User information User information

[1A[2KBROWSER LOG: i18next::translator: missingKey en-US translation chat_history chat_history

[1A[2KBROWSER LOG: i18next::translator: missingKey en-US translation chat_history chat_history

[1A[2KBROWSER LOG: i18next::translator: missingKey en-US translation close close

[1A[2KBROWSER LOG: i18next::translator: missingKey en-US translation chat_history chat_history

[1A[2KBROWSER LOG: i18next::translator: missingKey en-US translation empty_chat empty_chat

[1A[2KBROWSER LOG: i18next::translator: missingKey en-US translation delete_chat delete_chat

[1A[2KBROWSER LOG: i18next::translator: missingKey en-US translation new_chat new_chat

[1A[2KBROWSER LOG: i18next::translator: missingKey en-US translation new_chat new_chat

[1A[2KBROWSER LOG: i18next::translator: missingKey en-US translation close close

[1A[2KBROWSER LOG: i18next::translator: missingKey en-US translation chat_history chat_history

[1A[2KBROWSER LOG: i18next::translator: missingKey en-US translation chat_history chat_history

[1A[2KBROWSER LOG: i18next::translator: missingKey en-US translation close close

[1A[2KBROWSER LOG: i18next::translator: missingKey en-US translation chat_history chat_history

[1A[2KBROWSER LOG: i18next::translator: missingKey en-US translation empty_chat empty_chat

[1A[2KBROWSER LOG: i18next::translator: missingKey en-US translation delete_chat delete_chat

[1A[2KBROWSER LOG: i18next::translator: missingKey en-US translation new_chat new_chat

[1A[2KBROWSER LOG: i18next::translator: missingKey en-US translation new_chat new_chat

[1A[2KBROWSER LOG: i18next::translator: missingKey en-US translation close close

[1A[2KBROWSER LOG: i18next::translator: missingKey en-US translation open_issue open_issue

[1A[2KBROWSER LOG: i18next::translator: missingKey en-US translation open_issue open_issue

[1A[2KBROWSER LOG: i18next::translator: missingKey en-US translation release_notes release_notes

[1A[2KBROWSER LOG: i18next::translator: missingKey en-US translation open_issue open_issue

[1A[2KBROWSER LOG: i18next::translator: missingKey en-US translation open_issue open_issue

[1A[2KBROWSER LOG: i18next::translator: missingKey en-US translation open_issue open_issue

[1A[2KBROWSER LOG: i18next::translator: missingKey en-US translation open_issue open_issue

[1A[2KBROWSER LOG: i18next::translator: missingKey en-US translation open_issue open_issue

[1A[2KBROWSER LOG: i18next::translator: missingKey en-US translation release_notes release_notes

[1A[2KBROWSER LOG: i18next::translator: missingKey en-US translation open_issue open_issue

[1A[2KBROWSER LOG: i18next::translator: missingKey en-US translation open_issue open_issue

[1A[2KBROWSER LOG: i18next::translator: missingKey en-US translation open_issue open_issue

[1A[2KBROWSER LOG: i18next::translator: missingKey en-US translation Theme Theme

[1A[2KBROWSER LOG: i18next::translator: missingKey en-US translation Config Config

[1A[2KBROWSER LOG: i18next::translator: missingKey en-US translation Minimize Minimize

[1A[2KBROWSER LOG: i18next::translator: missingKey en-US translation about about

[1A[2KBROWSER LOG: i18next::translator: missingKey en-US translation about about

[1A[2KBROWSER LOG: i18next::translator: missingKey en-US translation About About

[1A[2KBROWSER LOG: i18next::translator: missingKey en-US translation Accept Terms Accept Terms

[1A[2KBROWSER LOG: i18next::translator: missingKey en-US translation Theme Theme

[1A[2KBROWSER LOG: i18next::translator: missingKey en-US translation Config Config

[1A[2KBROWSER LOG: i18next::translator: missingKey en-US translation Minimize Minimize

[1A[2KBROWSER LOG: i18next::translator: missingKey en-US translation about about

[1A[2KBROWSER LOG: i18next::translator: missingKey en-US translation about about

[1A[2KBROWSER LOG: i18next::translator: missingKey en-US translation About About

[1A[2KBROWSER LOG: i18next::translator: missingKey en-US translation Accept Terms Accept Terms

[1A[2KBROWSER LOG: i18next::translator: missingKey en-US translation Remove Message Remove Message

[1A[2KBROWSER LOG: i18next::translator: missingKey en-US translation Remove Message Remove Message

[1A[2KBROWSER LOG: i18next::translator: missingKey en-US translation Enter something.... Enter something....

[1A[2KBROWSER LOG: i18next::translator: missingKey en-US translation Code Editor Code Editor

[1A[2KBROWSER LOG: i18next::translator: missingKey en-US translation clear clear

[1A[2KBROWSER LOG: i18next::translator: missingKey en-US translation send send

[1A[2KBROWSER LOG: i18next::translator: missingKey en-US translation COMMAND_ENTER COMMAND_ENTER

[1A[2KBROWSER LOG: i18next::translator: missingKey en-US translation Enter something.... Enter something....

[1A[2KBROWSER LOG: i18next::translator: missingKey en-US translation Code Editor Code Editor

[1A[2KBROWSER LOG: i18next::translator: missingKey en-US translation clear clear

[1A[2KBROWSER LOG: i18next::translator: missingKey en-US translation send send

[1A[2KBROWSER LOG: i18next::translator: missingKey en-US translation COMMAND_ENTER COMMAND_ENTER

[1A[2KBROWSER LOG: Render

[1A[2KBROWSER LOG: Commit

[1A[2KBROWSER LOG: ChatProvider

[1A[2KBROWSER LOG: Chat

[1A[2KBROWSER LOG: ToolUse

[1A[2KBROWSER LOG: Usage

[1A[2KBROWSER LOG: Remaining Effects

[1A[2KBROWSER LOG: Blocking Track

[1A[2KBROWSER LOG: Transition Track

[1A[2KBROWSER LOG: Suspense Track

[1A[2KBROWSER LOG: Idle Track

[1A[2KBROWSER LOG: userText: 
# No Access

Access to the chat is only available to members of FH SWF. If you are a member, please log in with your university credentials.


[1A[2KBROWSER LOG: userText: 
# No Access

Access to the chat is only available to members of FH SWF. If you are a member, please log in with your university credentials.


[1A[2KBROWSER LOG: i18next::translator: missingKey en-US translation Always Always

[1A[2KBROWSER LOG: i18next::translator: missingKey en-US translation Never Never

[1A[2KBROWSER LOG: i18next::translator: missingKey en-US translation show_toolbar show_toolbar

[1A[2KBROWSER LOG: i18next::translator: missingKey en-US translation chat_options chat_options

[1A[2KBROWSER LOG: i18next::translator: missingKey en-US translation chat_options chat_options

[1A[2KBROWSER LOG: i18next::translator: missingKey en-US translation model_options model_options

[1A[2KBROWSER LOG: i18next::translator: missingKey en-US translation tool_options tool_options

[1A[2KBROWSER LOG: i18next::translator: missingKey en-US translation MCP Services MCP Services

[1A[2KBROWSER LOG: i18next::translator: missingKey en-US translation Add/Remove MCP Services Add/Remove MCP Services

[1A[2KBROWSER LOG: i18next::translator: missingKey en-US translation Edit MCP Services Edit MCP Services

[1A[2KBROWSER LOG: i18next::translator: missingKey en-US translation Label Label

[1A[2KBROWSER LOG: i18next::translator: missingKey en-US translation Server URL Server URL

[1A[2KBROWSER LOG: i18next::translator: missingKey en-US translation Require Approval Require Approval

[1A[2KBROWSER LOG: i18next::translator: missingKey en-US translation Allowed Tools Allowed Tools

[1A[2KBROWSER LOG: i18next::translator: missingKey en-US translation Comma separated Comma separated

[1A[2KBROWSER LOG: i18next::translator: missingKey en-US translation Add/Save Service Add/Save Service

[1A[2KBROWSER LOG: i18next::translator: missingKey en-US translation MCP Services MCP Services

[1A[2KBROWSER LOG: i18next::translator: missingKey en-US translation new_chat new_chat

[1A[2KBROWSER LOG: i18next::translator: missingKey en-US translation new_chat new_chat

[1A[2KBROWSER LOG: i18next::translator: missingKey en-US translation new_chat new_chat

[1A[2KBROWSER LOG: i18next::translator: missingKey en-US translation download_thread download_thread

[1A[2KBROWSER LOG: i18next::translator: missingKey en-US translation download_thread download_thread

[1A[2KBROWSER LOG: i18next::translator: missingKey en-US translation download_json download_json

[1A[2KBROWSER LOG: i18next::translator: missingKey en-US translation download_markdown download_markdown

[1A[2KBROWSER LOG: i18next::translator: missingKey en-US translation usage_information usage_information

[1A[2KBROWSER LOG: i18next::translator: missingKey en-US translation usage_information usage_information

[1A[2KBROWSER LOG: i18next::translator: missingKey en-US translation usage_information usage_information

[1A[2KBROWSER LOG: i18next::translator: missingKey en-US translation User information User information

[1A[2KBROWSER LOG: i18next::translator: missingKey en-US translation Always Always

[1A[2KBROWSER LOG: i18next::translator: missingKey en-US translation Never Never

[1A[2KBROWSER LOG: i18next::translator: missingKey en-US translation show_toolbar show_toolbar

[1A[2KBROWSER LOG: i18next::translator: missingKey en-US translation chat_options chat_options

[1A[2KBROWSER LOG: i18next::translator: missingKey en-US translation chat_options chat_options

[1A[2KBROWSER LOG: i18next::translator: missingKey en-US translation model_options model_options

[1A[2KBROWSER LOG: i18next::translator: missingKey en-US translation tool_options tool_options

[1A[2KBROWSER LOG: i18next::translator: missingKey en-US translation MCP Services MCP Services

[1A[2KBROWSER LOG: i18next::translator: missingKey en-US translation Add/Remove MCP Services Add/Remove MCP Services

[1A[2KBROWSER LOG: i18next::translator: missingKey en-US translation Edit MCP Services Edit MCP Services

[1A[2KBROWSER LOG: i18next::translator: missingKey en-US translation Label Label

[1A[2KBROWSER LOG: i18next::translator: missingKey en-US translation Server URL Server URL

[1A[2KBROWSER LOG: i18next::translator: missingKey en-US translation Require Approval Require Approval

[1A[2KBROWSER LOG: i18next::translator: missingKey en-US translation Allowed Tools Allowed Tools

[1A[2KBROWSER LOG: i18next::translator: missingKey en-US translation Comma separated Comma separated

[1A[2KBROWSER LOG: i18next::translator: missingKey en-US translation Add/Save Service Add/Save Service

[1A[2KBROWSER LOG: i18next::translator: missingKey en-US translation MCP Services MCP Services

[1A[2KBROWSER LOG: i18next::translator: missingKey en-US translation new_chat new_chat

[1A[2KBROWSER LOG: i18next::translator: missingKey en-US translation new_chat new_chat

[1A[2KBROWSER LOG: i18next::translator: missingKey en-US translation new_chat new_chat

[1A[2KBROWSER LOG: i18next::translator: missingKey en-US translation download_thread download_thread

[1A[2KBROWSER LOG: i18next::translator: missingKey en-US translation download_thread download_thread

[1A[2KBROWSER LOG: i18next::translator: missingKey en-US translation download_json download_json

[1A[2KBROWSER LOG: i18next::translator: missingKey en-US translation download_markdown download_markdown

[1A[2KBROWSER LOG: i18next::translator: missingKey en-US translation usage_information usage_information

[1A[2KBROWSER LOG: i18next::translator: missingKey en-US translation usage_information usage_information

[1A[2KBROWSER LOG: i18next::translator: missingKey en-US translation usage_information usage_information

[1A[2KBROWSER LOG: i18next::translator: missingKey en-US translation User information User information

[1A[2KBROWSER LOG: i18next::translator: missingKey en-US translation chat_history chat_history

[1A[2KBROWSER LOG: i18next::translator: missingKey en-US translation chat_history chat_history

[1A[2KBROWSER LOG: i18next::translator: missingKey en-US translation close close

[1A[2KBROWSER LOG: i18next::translator: missingKey en-US translation chat_history chat_history

[1A[2KBROWSER LOG: i18next::translator: missingKey en-US translation empty_chat empty_chat

[1A[2KBROWSER LOG: i18next::translator: missingKey en-US translation delete_chat delete_chat

[1A[2KBROWSER LOG: i18next::translator: missingKey en-US translation new_chat new_chat

[1A[2KBROWSER LOG: i18next::translator: missingKey en-US translation new_chat new_chat

[1A[2KBROWSER LOG: i18next::translator: missingKey en-US translation close close

[1A[2KBROWSER LOG: i18next::translator: missingKey en-US translation chat_history chat_history

[1A[2KBROWSER LOG: i18next::translator: missingKey en-US translation chat_history chat_history

[1A[2KBROWSER LOG: i18next::translator: missingKey en-US translation close close

[1A[2KBROWSER LOG: i18next::translator: missingKey en-US translation chat_history chat_history

[1A[2KBROWSER LOG: i18next::translator: missingKey en-US translation empty_chat empty_chat

[1A[2KBROWSER LOG: i18next::translator: missingKey en-US translation delete_chat delete_chat

[1A[2KBROWSER LOG: i18next::translator: missingKey en-US translation new_chat new_chat

[1A[2KBROWSER LOG: i18next::translator: missingKey en-US translation new_chat new_chat

[1A[2KBROWSER LOG: i18next::translator: missingKey en-US translation close close

[1A[2KBROWSER LOG: i18next::translator: missingKey en-US translation open_issue open_issue

[1A[2KBROWSER LOG: i18next::translator: missingKey en-US translation open_issue open_issue

[1A[2KBROWSER LOG: i18next::translator: missingKey en-US translation release_notes release_notes

[1A[2KBROWSER LOG: i18next::translator: missingKey en-US translation open_issue open_issue

[1A[2KBROWSER LOG: i18next::translator: missingKey en-US translation open_issue open_issue

[1A[2KBROWSER LOG: i18next::translator: missingKey en-US translation open_issue open_issue

[1A[2KBROWSER LOG: i18next::translator: missingKey en-US translation open_issue open_issue

[1A[2KBROWSER LOG: i18next::translator: missingKey en-US translation open_issue open_issue

[1A[2KBROWSER LOG: i18next::translator: missingKey en-US translation release_notes release_notes

[1A[2KBROWSER LOG: i18next::translator: missingKey en-US translation open_issue open_issue

[1A[2KBROWSER LOG: i18next::translator: missingKey en-US translation open_issue open_issue

[1A[2KBROWSER LOG: i18next::translator: missingKey en-US translation open_issue open_issue

[1A[2KBROWSER LOG: i18next::translator: missingKey en-US translation Theme Theme

[1A[2KBROWSER LOG: i18next::translator: missingKey en-US translation Config Config

[1A[2KBROWSER LOG: i18next::translator: missingKey en-US translation Minimize Minimize

[1A[2KBROWSER LOG: i18next::translator: missingKey en-US translation about about

[1A[2KBROWSER LOG: i18next::translator: missingKey en-US translation about about

[1A[2KBROWSER LOG: i18next::translator: missingKey en-US translation About About

[1A[2KBROWSER LOG: i18next::translator: missingKey en-US translation Accept Terms Accept Terms

[1A[2KBROWSER LOG: i18next::translator: missingKey en-US translation Theme Theme

[1A[2KBROWSER LOG: i18next::translator: missingKey en-US translation Config Config

[1A[2KBROWSER LOG: i18next::translator: missingKey en-US translation Minimize Minimize

[1A[2KBROWSER LOG: i18next::translator: missingKey en-US translation about about

[1A[2KBROWSER LOG: i18next::translator: missingKey en-US translation about about

[1A[2KBROWSER LOG: i18next::translator: missingKey en-US translation About About

[1A[2KBROWSER LOG: i18next::translator: missingKey en-US translation Accept Terms Accept Terms

[1A[2KBROWSER LOG: i18next::translator: missingKey en-US translation Remove Message Remove Message

[1A[2KBROWSER LOG: i18next::translator: missingKey en-US translation Remove Message Remove Message

[1A[2KBROWSER LOG: i18next::translator: missingKey en-US translation Enter something.... Enter something....

[1A[2KBROWSER LOG: i18next::translator: missingKey en-US translation Code Editor Code Editor

[1A[2KBROWSER LOG: i18next::translator: missingKey en-US translation clear clear

[1A[2KBROWSER LOG: i18next::translator: missingKey en-US translation send send

[1A[2KBROWSER LOG: i18next::translator: missingKey en-US translation COMMAND_ENTER COMMAND_ENTER

[1A[2KBROWSER LOG: i18next::translator: missingKey en-US translation Enter something.... Enter something....

[1A[2KBROWSER LOG: i18next::translator: missingKey en-US translation Code Editor Code Editor

[1A[2KBROWSER LOG: i18next::translator: missingKey en-US translation clear clear

[1A[2KBROWSER LOG: i18next::translator: missingKey en-US translation send send

[1A[2KBROWSER LOG: i18next::translator: missingKey en-US translation COMMAND_ENTER COMMAND_ENTER

[1A[2KBROWSER LOG: Render

[1A[2KBROWSER LOG: Commit

[1A[2KBROWSER LOG: ChatProvider

[1A[2KBROWSER LOG: Chat

[1A[2KBROWSER LOG: ToolUse

[1A[2KBROWSER LOG: Usage

[1A[2KBROWSER LOG: Remaining Effects

[1A[2KBROWSER LOG: Blocking Track

[1A[2KBROWSER LOG: Transition Track

[1A[2KBROWSER LOG: Suspense Track

[1A[2KBROWSER LOG: Idle Track

[1A[2KBROWSER LOG: Event: input

[1A[2KBROWSER LOG: i18next::translator: missingKey en-US translation Enter something.... Enter something....

[1A[2KBROWSER LOG: i18next::translator: missingKey en-US translation Code Editor Code Editor

[1A[2KBROWSER LOG: i18next::translator: missingKey en-US translation clear clear

[1A[2KBROWSER LOG: i18next::translator: missingKey en-US translation send send

[1A[2KBROWSER LOG: i18next::translator: missingKey en-US translation COMMAND_ENTER COMMAND_ENTER

[1A[2KBROWSER LOG: i18next::translator: missingKey en-US translation Enter something.... Enter something....

[1A[2KBROWSER LOG: i18next::translator: missingKey en-US translation Code Editor Code Editor

[1A[2KBROWSER LOG: i18next::translator: missingKey en-US translation clear clear

[1A[2KBROWSER LOG: i18next::translator: missingKey en-US translation send send

[1A[2KBROWSER LOG: i18next::translator: missingKey en-US translation COMMAND_ENTER COMMAND_ENTER

[1A[2KBROWSER LOG: Render

[1A[2KBROWSER LOG: Commit

[1A[2KBROWSER LOG: MessageInput

[1A[2KBROWSER LOG: Blocking Track

[1A[2KBROWSER LOG: Transition Track

[1A[2KBROWSER LOG: Suspense Track

[1A[2KBROWSER LOG: Idle Track

[1A[2KBROWSER LOG: userText: 
# No Access

Access to the chat is only available to members of FH SWF. If you are a member, please log in with your university credentials.


[1A[2KBROWSER LOG: userText: 
# No Access

Access to the chat is only available to members of FH SWF. If you are a member, please log in with your university credentials.


[1A[2KBROWSER LOG: i18next::translator: missingKey en-US translation Always Always

[1A[2KBROWSER LOG: i18next::translator: missingKey en-US translation Never Never

[1A[2KBROWSER LOG: i18next::translator: missingKey en-US translation show_toolbar show_toolbar

[1A[2KBROWSER LOG: i18next::translator: missingKey en-US translation chat_options chat_options

[1A[2KBROWSER LOG: i18next::translator: missingKey en-US translation chat_options chat_options

[1A[2KBROWSER LOG: i18next::translator: missingKey en-US translation model_options model_options

[1A[2KBROWSER LOG: i18next::translator: missingKey en-US translation tool_options tool_options

[1A[2KBROWSER LOG: i18next::translator: missingKey en-US translation MCP Services MCP Services

[1A[2KBROWSER LOG: i18next::translator: missingKey en-US translation Add/Remove MCP Services Add/Remove MCP Services

[1A[2KBROWSER LOG: i18next::translator: missingKey en-US translation Edit MCP Services Edit MCP Services

[1A[2KBROWSER LOG: i18next::translator: missingKey en-US translation Label Label

[1A[2KBROWSER LOG: i18next::translator: missingKey en-US translation Server URL Server URL

[1A[2KBROWSER LOG: i18next::translator: missingKey en-US translation Require Approval Require Approval

[1A[2KBROWSER LOG: i18next::translator: missingKey en-US translation Allowed Tools Allowed Tools

[1A[2KBROWSER LOG: i18next::translator: missingKey en-US translation Comma separated Comma separated

[1A[2KBROWSER LOG: i18next::translator: missingKey en-US translation Add/Save Service Add/Save Service

[1A[2KBROWSER LOG: i18next::translator: missingKey en-US translation MCP Services MCP Services

[1A[2KBROWSER LOG: i18next::translator: missingKey en-US translation new_chat new_chat

[1A[2KBROWSER LOG: i18next::translator: missingKey en-US translation new_chat new_chat

[1A[2KBROWSER LOG: i18next::translator: missingKey en-US translation new_chat new_chat

[1A[2KBROWSER LOG: i18next::translator: missingKey en-US translation download_thread download_thread

[1A[2KBROWSER LOG: i18next::translator: missingKey en-US translation download_thread download_thread

[1A[2KBROWSER LOG: i18next::translator: missingKey en-US translation download_json download_json

[1A[2KBROWSER LOG: i18next::translator: missingKey en-US translation download_markdown download_markdown

[1A[2KBROWSER LOG: i18next::translator: missingKey en-US translation usage_information usage_information

[1A[2KBROWSER LOG: i18next::translator: missingKey en-US translation usage_information usage_information

[1A[2KBROWSER LOG: i18next::translator: missingKey en-US translation usage_information usage_information

[1A[2KBROWSER LOG: i18next::translator: missingKey en-US translation User information User information

[1A[2KBROWSER LOG: i18next::translator: missingKey en-US translation Always Always

[1A[2KBROWSER LOG: i18next::translator: missingKey en-US translation Never Never

[1A[2KBROWSER LOG: i18next::translator: missingKey en-US translation show_toolbar show_toolbar

[1A[2KBROWSER LOG: i18next::translator: missingKey en-US translation chat_options chat_options

[1A[2KBROWSER LOG: i18next::translator: missingKey en-US translation chat_options chat_options

[1A[2KBROWSER LOG: i18next::translator: missingKey en-US translation model_options model_options

[1A[2KBROWSER LOG: i18next::translator: missingKey en-US translation tool_options tool_options

[1A[2KBROWSER LOG: i18next::translator: missingKey en-US translation MCP Services MCP Services

[1A[2KBROWSER LOG: i18next::translator: missingKey en-US translation Add/Remove MCP Services Add/Remove MCP Services

[1A[2KBROWSER LOG: i18next::translator: missingKey en-US translation Edit MCP Services Edit MCP Services

[1A[2KBROWSER LOG: i18next::translator: missingKey en-US translation Label Label

[1A[2KBROWSER LOG: i18next::translator: missingKey en-US translation Server URL Server URL

[1A[2KBROWSER LOG: i18next::translator: missingKey en-US translation Require Approval Require Approval

[1A[2KBROWSER LOG: i18next::translator: missingKey en-US translation Allowed Tools Allowed Tools

[1A[2KBROWSER LOG: i18next::translator: missingKey en-US translation Comma separated Comma separated

[1A[2KBROWSER LOG: i18next::translator: missingKey en-US translation Add/Save Service Add/Save Service

[1A[2KBROWSER LOG: i18next::translator: missingKey en-US translation MCP Services MCP Services

[1A[2KBROWSER LOG: i18next::translator: missingKey en-US translation new_chat new_chat

[1A[2KBROWSER LOG: i18next::translator: missingKey en-US translation new_chat new_chat

[1A[2KBROWSER LOG: i18next::translator: missingKey en-US translation new_chat new_chat

[1A[2KBROWSER LOG: i18next::translator: missingKey en-US translation download_thread download_thread

[1A[2KBROWSER LOG: i18next::translator: missingKey en-US translation download_thread download_thread

[1A[2KBROWSER LOG: i18next::translator: missingKey en-US translation download_json download_json

[1A[2KBROWSER LOG: i18next::translator: missingKey en-US translation download_markdown download_markdown

[1A[2KBROWSER LOG: i18next::translator: missingKey en-US translation usage_information usage_information

[1A[2KBROWSER LOG: i18next::translator: missingKey en-US translation usage_information usage_information

[1A[2KBROWSER LOG: i18next::translator: missingKey en-US translation usage_information usage_information

[1A[2KBROWSER LOG: i18next::translator: missingKey en-US translation User information User information

[1A[2KBROWSER LOG: i18next::translator: missingKey en-US translation chat_history chat_history

[1A[2KBROWSER LOG: i18next::translator: missingKey en-US translation chat_history chat_history

[1A[2KBROWSER LOG: i18next::translator: missingKey en-US translation close close

[1A[2KBROWSER LOG: i18next::translator: missingKey en-US translation chat_history chat_history

[1A[2KBROWSER LOG: i18next::translator: missingKey en-US translation empty_chat empty_chat

[1A[2KBROWSER LOG: i18next::translator: missingKey en-US translation delete_chat delete_chat

[1A[2KBROWSER LOG: i18next::translator: missingKey en-US translation new_chat new_chat

[1A[2KBROWSER LOG: i18next::translator: missingKey en-US translation new_chat new_chat

[1A[2KBROWSER LOG: i18next::translator: missingKey en-US translation close close

[1A[2KBROWSER LOG: i18next::translator: missingKey en-US translation chat_history chat_history

[1A[2KBROWSER LOG: i18next::translator: missingKey en-US translation chat_history chat_history

[1A[2KBROWSER LOG: i18next::translator: missingKey en-US translation close close

[1A[2KBROWSER LOG: i18next::translator: missingKey en-US translation chat_history chat_history

[1A[2KBROWSER LOG: i18next::translator: missingKey en-US translation empty_chat empty_chat

[1A[2KBROWSER LOG: i18next::translator: missingKey en-US translation delete_chat delete_chat

[1A[2KBROWSER LOG: i18next::translator: missingKey en-US translation new_chat new_chat

[1A[2KBROWSER LOG: i18next::translator: missingKey en-US translation new_chat new_chat

[1A[2KBROWSER LOG: i18next::translator: missingKey en-US translation close close

[1A[2KBROWSER LOG: i18next::translator: missingKey en-US translation open_issue open_issue

[1A[2KBROWSER LOG: i18next::translator: missingKey en-US translation open_issue open_issue

[1A[2KBROWSER LOG: i18next::translator: missingKey en-US translation release_notes release_notes

[1A[2KBROWSER LOG: i18next::translator: missingKey en-US translation open_issue open_issue

[1A[2KBROWSER LOG: i18next::translator: missingKey en-US translation open_issue open_issue

[1A[2KBROWSER LOG: i18next::translator: missingKey en-US translation open_issue open_issue

[1A[2KBROWSER LOG: i18next::translator: missingKey en-US translation open_issue open_issue

[1A[2KBROWSER LOG: i18next::translator: missingKey en-US translation open_issue open_issue

[1A[2KBROWSER LOG: i18next::translator: missingKey en-US translation release_notes release_notes

[1A[2KBROWSER LOG: i18next::translator: missingKey en-US translation open_issue open_issue

[1A[2KBROWSER LOG: i18next::translator: missingKey en-US translation open_issue open_issue

[1A[2KBROWSER LOG: i18next::translator: missingKey en-US translation open_issue open_issue

[1A[2KBROWSER LOG: i18next::translator: missingKey en-US translation Theme Theme

[1A[2KBROWSER LOG: i18next::translator: missingKey en-US translation Config Config

[1A[2KBROWSER LOG: i18next::translator: missingKey en-US translation Minimize Minimize

[1A[2KBROWSER LOG: i18next::translator: missingKey en-US translation about about

[1A[2KBROWSER LOG: i18next::translator: missingKey en-US translation about about

[1A[2KBROWSER LOG: i18next::translator: missingKey en-US translation About About

[1A[2KBROWSER LOG: i18next::translator: missingKey en-US translation Accept Terms Accept Terms

[1A[2KBROWSER LOG: i18next::translator: missingKey en-US translation Theme Theme

[1A[2KBROWSER LOG: i18next::translator: missingKey en-US translation Config Config

[1A[2KBROWSER LOG: i18next::translator: missingKey en-US translation Minimize Minimize

[1A[2KBROWSER LOG: i18next::translator: missingKey en-US translation about about

[1A[2KBROWSER LOG: i18next::translator: missingKey en-US translation about about

[1A[2KBROWSER LOG: i18next::translator: missingKey en-US translation About About

[1A[2KBROWSER LOG: i18next::translator: missingKey en-US translation Accept Terms Accept Terms

[1A[2KBROWSER LOG: i18next::translator: missingKey en-US translation Remove Message Remove Message

[1A[2KBROWSER LOG: i18next::translator: missingKey en-US translation Remove Message Remove Message

[1A[2KBROWSER LOG: i18next::translator: missingKey en-US translation Enter something.... Enter something....

[1A[2KBROWSER LOG: i18next::translator: missingKey en-US translation Code Editor Code Editor

[1A[2KBROWSER LOG: i18next::translator: missingKey en-US translation clear clear

[1A[2KBROWSER LOG: i18next::translator: missingKey en-US translation send send

[1A[2KBROWSER LOG: i18next::translator: missingKey en-US translation COMMAND_ENTER COMMAND_ENTER

[1A[2KBROWSER LOG: i18next::translator: missingKey en-US translation Enter something.... Enter something....

[1A[2KBROWSER LOG: i18next::translator: missingKey en-US translation Code Editor Code Editor

[1A[2KBROWSER LOG: i18next::translator: missingKey en-US translation clear clear

[1A[2KBROWSER LOG: i18next::translator: missingKey en-US translation send send

[1A[2KBROWSER LOG: i18next::translator: missingKey en-US translation COMMAND_ENTER COMMAND_ENTER

[1A[2KBROWSER LOG: Render

[1A[2KBROWSER LOG: Commit

[1A[2KBROWSER LOG: ChatProvider

[1A[2KBROWSER LOG: Chat

[1A[2KBROWSER LOG: ToolUse

[1A[2KBROWSER LOG: Usage

[1A[2KBROWSER LOG: ChatProvider

[1A[2KBROWSER LOG: Remaining Effects

[1A[2KBROWSER LOG: window.onerror:  Error   onClick@http://localhost:5173/src/chat/MessageInput.tsx:5514:13
executeDispatch@http://localhost:5173/node_modules/.vite/deps/react-dom_client.js?v=ff148569:13622:19
runWithFiberInDEV@http://localhost:5173/node_modules/.vite/deps/react-dom_client.js?v=ff148569:999:15
processDispatchQueue@http://localhost:5173/node_modules/.vite/deps/react-dom_client.js?v=ff148569:13658:37
node_modules/react-dom/cjs/react-dom-client.development.js/dispatchEventForPluginEventSystem/<@http://localhost:5173/node_modules/.vite/deps/react-dom_client.js?v=ff148569:14071:31
batchedUpdates$1@http://localhost:5173/node_modules/.vite/deps/react-dom_client.js?v=ff148569:2626:44
dispatchEventForPluginEventSystem@http://localhost:5173/node_modules/.vite/deps/react-dom_client.js?v=ff148569:13763:25
dispatchEvent@http://localhost:5173/node_modules/.vite/deps/react-dom_client.js?v=ff148569:16784:46
dispatchDiscreteEvent@http://localhost:5173/node_modules/.vite/deps/react-dom_client.js?v=ff148569:16765:62
EventListener.handleEvent*addTrappedEventListener@http://localhost:5173/node_modules/.vite/deps/react-dom_client.js?v=ff148569:13728:30
listenToNativeEvent@http://localhost:5173/node_modules/.vite/deps/react-dom_client.js?v=ff148569:13687:32
node_modules/react-dom/cjs/react-dom-client.development.js/listenToAllSupportedEvents/<@http://localhost:5173/node_modules/.vite/deps/react-dom_client.js?v=ff148569:13698:92
listenToAllSupportedEvents@http://localhost:5173/node_modules/.vite/deps/react-dom_client.js?v=ff148569:13697:27
node_modules/react-dom/cjs/react-dom-client.development.js/exports.createRoot@http://localhost:5173/node_modules/.vite/deps/react-dom_client.js?v=ff148569:20133:35
@http://localhost:5173/src/index.tsx:69:54


[1A[2KBROWSER LOG: Blocking Track

[1A[2KBROWSER LOG: Transition Track

[1A[2KBROWSER LOG: Suspense Track

[1A[2KBROWSER LOG: Idle Track

[1A[2KBROWSER LOG: Render

[1A[2KBROWSER LOG: Commit

[1A[2KBROWSER LOG: Toaster

[1A[2KBROWSER LOG: ToastActor

[1A[2KBROWSER LOG: ToastRoot

[1A[2KBROWSER LOG: chakra(ToastRoot)

[1A[2KBROWSER LOG: Insertion5

[1A[2KBROWSER LOG: ToastRoot

[1A[2KBROWSER LOG: ForwardRef(ToastIndicator2)

[1A[2KBROWSER LOG: Stack

[1A[2KBROWSER LOG: chakra(div)

[1A[2KBROWSER LOG: Insertion5

[1A[2KBROWSER LOG: ToastTitle

[1A[2KBROWSER LOG: ToastDescription

[1A[2KBROWSER LOG: chakra(ToastDescription)

[1A[2KBROWSER LOG: Insertion5

[1A[2KBROWSER LOG: ToastDescription

[1A[2KBROWSER LOG: Remaining Effects

[1A[2KBROWSER LOG: Blocking Track

[1A[2KBROWSER LOG: Transition Track

[1A[2KBROWSER LOG: Suspense Track

[1A[2KBROWSER LOG: Idle Track

[1A[2KBROWSER LOG: Event: click

[1A[2KBROWSER LOG: Render

[1A[2KBROWSER LOG: Waiting

[1A[2KBROWSER LOG: Toaster

[1A[2KBROWSER LOG: Blocking Track

[1A[2KBROWSER LOG: Transition Track

[1A[2KBROWSER LOG: Suspense Track

[1A[2KBROWSER LOG: Idle Track

[1A[2KBROWSER LOG: Render

[1A[2KBROWSER LOG: Commit

[1A[2KBROWSER LOG: Toaster

[1A[2KBROWSER LOG: Blocking Track

[1A[2KBROWSER LOG: Transition Track

[1A[2KBROWSER LOG: Suspense Track

[1A[2KBROWSER LOG: Idle Track

[1A[2KBROWSER LOG: Render

[1A[2KBROWSER LOG: ToastActor

[1A[2K  1) [chromium] › playwright/tests/authorized/image_generation.spec.ts:3:1 › Image Generation ──────

    Error: [2mexpect([22m[31mlocator[39m[2m).[22mtoBeVisible[2m([22m[2m)[22m failed

    Locator: locator('img[alt="item_mock_123"]')
    Expected: visible
    Timeout: 10000ms
    Error: element(s) not found

    Call log:
    [2m  - Expect "toBeVisible" with timeout 10000ms[22m
    [2m  - waiting for locator('img[alt="item_mock_123"]')[22m


      62 |     // The key in message.images is the item id, which is used as alt text
      63 |     const imageLocator = page.locator('img[alt="item_mock_123"]');
    > 64 |     await expect(imageLocator).toBeVisible({ timeout: 10000 });
         |                                ^
      65 | });
      66 |
        at /home/cgawron/git/openai-ui/playwright/tests/authorized/image_generation.spec.ts:64:32

    Error Context: test-results/authorized-image_generation-Image-Generation-chromium/error-context.md


[1A[2K[4/4] [webkit] › playwright/tests/authorized/image_generation.spec.ts:3:1 › Image Generation
[1A[2K[webkit] › playwright/tests/authorized/image_generation.spec.ts:3:1 › Image Generation
BROWSER LOG: [vite] connecting...

[1A[2KBROWSER LOG: [vite] connected.

[1A[2KBROWSER LOG: i18next: languageChanged en-US

[1A[2KBROWSER LOG: i18next: initialized {debug: true, initAsync: true, ns: undefined, defaultNS: undefined, fallbackLng: undefined}

[1A[2KBROWSER LOG: i18next::translator: missingKey en-US translation chatbot_description chatbot_description

[1A[2KBROWSER LOG: i18next::translator: missingKey en-US translation chat_mode_desc chat_mode_desc

[1A[2KBROWSER LOG: i18next::translator: missingKey en-US translation assistant_mode_desc assistant_mode_desc

[1A[2KBROWSER LOG: light light

[1A[2KBROWSER LOG: light light

[1A[2K  2) [firefox] › playwright/tests/authorized/image_generation.spec.ts:3:1 › Image Generation ───────

    Error: [2mexpect([22m[31mlocator[39m[2m).[22mtoBeVisible[2m([22m[2m)[22m failed

    Locator: locator('img[alt="item_mock_123"]')
    Expected: visible
    Timeout: 10000ms
    Error: element(s) not found

    Call log:
    [2m  - Expect "toBeVisible" with timeout 10000ms[22m
    [2m  - waiting for locator('img[alt="item_mock_123"]')[22m


      62 |     // The key in message.images is the item id, which is used as alt text
      63 |     const imageLocator = page.locator('img[alt="item_mock_123"]');
    > 64 |     await expect(imageLocator).toBeVisible({ timeout: 10000 });
         |                                ^
      65 | });
      66 |
        at /home/cgawron/git/openai-ui/playwright/tests/authorized/image_generation.spec.ts:64:32

    Error Context: test-results/authorized-image_generation-Image-Generation-firefox/error-context.md


[1A[2KBROWSER LOG: userText: %s 
# No Access

Access to the chat is only available to members of FH SWF. If you are a member, please log in with your university credentials.


[1A[2KBROWSER LOG: userText: %s 
# No Access

Access to the chat is only available to members of FH SWF. If you are a member, please log in with your university credentials.


[1A[2KBROWSER LOG: i18next::translator: missingKey en-US translation Always Always

[1A[2KBROWSER LOG: i18next::translator: missingKey en-US translation Never Never

[1A[2KBROWSER LOG: i18next::translator: missingKey en-US translation show_toolbar show_toolbar

[1A[2KBROWSER LOG: i18next::translator: missingKey en-US translation chat_options chat_options

[1A[2KBROWSER LOG: i18next::translator: missingKey en-US translation chat_options chat_options

[1A[2KBROWSER LOG: i18next::translator: missingKey en-US translation model_options model_options

[1A[2KBROWSER LOG: i18next::translator: missingKey en-US translation tool_options tool_options

[1A[2KBROWSER LOG: i18next::translator: missingKey en-US translation MCP Services MCP Services

[1A[2KBROWSER LOG: i18next::translator: missingKey en-US translation Add/Remove MCP Services Add/Remove MCP Services

[1A[2KBROWSER LOG: i18next::translator: missingKey en-US translation Edit MCP Services Edit MCP Services

[1A[2KBROWSER LOG: i18next::translator: missingKey en-US translation Label Label

[1A[2KBROWSER LOG: i18next::translator: missingKey en-US translation Server URL Server URL

[1A[2KBROWSER LOG: i18next::translator: missingKey en-US translation Require Approval Require Approval

[1A[2KBROWSER LOG: i18next::translator: missingKey en-US translation Allowed Tools Allowed Tools

[1A[2KBROWSER LOG: i18next::translator: missingKey en-US translation Comma separated Comma separated

[1A[2KBROWSER LOG: i18next::translator: missingKey en-US translation Add/Save Service Add/Save Service

[1A[2KBROWSER LOG: i18next::translator: missingKey en-US translation MCP Services MCP Services

[1A[2KBROWSER LOG: i18next::translator: missingKey en-US translation new_chat new_chat

[1A[2KBROWSER LOG: i18next::translator: missingKey en-US translation new_chat new_chat

[1A[2KBROWSER LOG: i18next::translator: missingKey en-US translation new_chat new_chat

[1A[2KBROWSER LOG: i18next::translator: missingKey en-US translation download_thread download_thread

[1A[2KBROWSER LOG: i18next::translator: missingKey en-US translation download_thread download_thread

[1A[2KBROWSER LOG: i18next::translator: missingKey en-US translation download_json download_json

[1A[2KBROWSER LOG: i18next::translator: missingKey en-US translation download_markdown download_markdown

[1A[2KBROWSER LOG: i18next::translator: missingKey en-US translation usage_information usage_information

[1A[2KBROWSER LOG: i18next::translator: missingKey en-US translation usage_information usage_information

[1A[2KBROWSER LOG: i18next::translator: missingKey en-US translation usage_information usage_information

[1A[2KBROWSER LOG: i18next::translator: missingKey en-US translation User information User information

[1A[2KBROWSER LOG: i18next::translator: missingKey en-US translation Always Always

[1A[2KBROWSER LOG: i18next::translator: missingKey en-US translation Never Never

[1A[2KBROWSER LOG: i18next::translator: missingKey en-US translation show_toolbar show_toolbar

[1A[2KBROWSER LOG: i18next::translator: missingKey en-US translation chat_options chat_options

[1A[2KBROWSER LOG: i18next::translator: missingKey en-US translation chat_options chat_options

[1A[2KBROWSER LOG: i18next::translator: missingKey en-US translation model_options model_options

[1A[2KBROWSER LOG: i18next::translator: missingKey en-US translation tool_options tool_options

[1A[2KBROWSER LOG: i18next::translator: missingKey en-US translation MCP Services MCP Services

[1A[2KBROWSER LOG: i18next::translator: missingKey en-US translation Add/Remove MCP Services Add/Remove MCP Services

[1A[2KBROWSER LOG: i18next::translator: missingKey en-US translation Edit MCP Services Edit MCP Services

[1A[2KBROWSER LOG: i18next::translator: missingKey en-US translation Label Label

[1A[2KBROWSER LOG: i18next::translator: missingKey en-US translation Server URL Server URL

[1A[2KBROWSER LOG: i18next::translator: missingKey en-US translation Require Approval Require Approval

[1A[2KBROWSER LOG: i18next::translator: missingKey en-US translation Allowed Tools Allowed Tools

[1A[2KBROWSER LOG: i18next::translator: missingKey en-US translation Comma separated Comma separated

[1A[2KBROWSER LOG: i18next::translator: missingKey en-US translation Add/Save Service Add/Save Service

[1A[2KBROWSER LOG: i18next::translator: missingKey en-US translation MCP Services MCP Services

[1A[2KBROWSER LOG: i18next::translator: missingKey en-US translation new_chat new_chat

[1A[2KBROWSER LOG: i18next::translator: missingKey en-US translation new_chat new_chat

[1A[2KBROWSER LOG: i18next::translator: missingKey en-US translation new_chat new_chat

[1A[2KBROWSER LOG: i18next::translator: missingKey en-US translation download_thread download_thread

[1A[2KBROWSER LOG: i18next::translator: missingKey en-US translation download_thread download_thread

[1A[2KBROWSER LOG: i18next::translator: missingKey en-US translation download_json download_json

[1A[2KBROWSER LOG: i18next::translator: missingKey en-US translation download_markdown download_markdown

[1A[2KBROWSER LOG: i18next::translator: missingKey en-US translation usage_information usage_information

[1A[2KBROWSER LOG: i18next::translator: missingKey en-US translation usage_information usage_information

[1A[2KBROWSER LOG: i18next::translator: missingKey en-US translation usage_information usage_information

[1A[2KBROWSER LOG: i18next::translator: missingKey en-US translation User information User information

[1A[2KBROWSER LOG: i18next::translator: missingKey en-US translation chat_history chat_history

[1A[2KBROWSER LOG: i18next::translator: missingKey en-US translation chat_history chat_history

[1A[2KBROWSER LOG: i18next::translator: missingKey en-US translation close close

[1A[2KBROWSER LOG: i18next::translator: missingKey en-US translation chat_history chat_history

[1A[2KBROWSER LOG: i18next::translator: missingKey en-US translation empty_chat empty_chat

[1A[2KBROWSER LOG: i18next::translator: missingKey en-US translation delete_chat delete_chat

[1A[2KBROWSER LOG: i18next::translator: missingKey en-US translation new_chat new_chat

[1A[2KBROWSER LOG: i18next::translator: missingKey en-US translation new_chat new_chat

[1A[2KBROWSER LOG: i18next::translator: missingKey en-US translation close close

[1A[2KBROWSER LOG: i18next::translator: missingKey en-US translation chat_history chat_history

[1A[2KBROWSER LOG: i18next::translator: missingKey en-US translation chat_history chat_history

[1A[2KBROWSER LOG: i18next::translator: missingKey en-US translation close close

[1A[2KBROWSER LOG: i18next::translator: missingKey en-US translation chat_history chat_history

[1A[2KBROWSER LOG: i18next::translator: missingKey en-US translation empty_chat empty_chat

[1A[2KBROWSER LOG: i18next::translator: missingKey en-US translation delete_chat delete_chat

[1A[2KBROWSER LOG: i18next::translator: missingKey en-US translation new_chat new_chat

[1A[2KBROWSER LOG: i18next::translator: missingKey en-US translation new_chat new_chat

[1A[2KBROWSER LOG: i18next::translator: missingKey en-US translation close close

[1A[2KBROWSER LOG: i18next::translator: missingKey en-US translation open_issue open_issue

[1A[2KBROWSER LOG: i18next::translator: missingKey en-US translation open_issue open_issue

[1A[2KBROWSER LOG: i18next::translator: missingKey en-US translation release_notes release_notes

[1A[2KBROWSER LOG: i18next::translator: missingKey en-US translation open_issue open_issue

[1A[2KBROWSER LOG: i18next::translator: missingKey en-US translation open_issue open_issue

[1A[2KBROWSER LOG: i18next::translator: missingKey en-US translation open_issue open_issue

[1A[2KBROWSER LOG: i18next::translator: missingKey en-US translation open_issue open_issue

[1A[2KBROWSER LOG: i18next::translator: missingKey en-US translation open_issue open_issue

[1A[2KBROWSER LOG: i18next::translator: missingKey en-US translation release_notes release_notes

[1A[2KBROWSER LOG: i18next::translator: missingKey en-US translation open_issue open_issue

[1A[2KBROWSER LOG: i18next::translator: missingKey en-US translation open_issue open_issue

[1A[2KBROWSER LOG: i18next::translator: missingKey en-US translation open_issue open_issue

[1A[2KBROWSER LOG: i18next::translator: missingKey en-US translation Theme Theme

[1A[2KBROWSER LOG: i18next::translator: missingKey en-US translation Config Config

[1A[2KBROWSER LOG: i18next::translator: missingKey en-US translation Minimize Minimize

[1A[2KBROWSER LOG: i18next::translator: missingKey en-US translation about about

[1A[2KBROWSER LOG: i18next::translator: missingKey en-US translation about about

[1A[2KBROWSER LOG: i18next::translator: missingKey en-US translation About About

[1A[2KBROWSER LOG: i18next::translator: missingKey en-US translation Accept Terms Accept Terms

[1A[2KBROWSER LOG: i18next::translator: missingKey en-US translation Theme Theme

[1A[2KBROWSER LOG: i18next::translator: missingKey en-US translation Config Config

[1A[2KBROWSER LOG: i18next::translator: missingKey en-US translation Minimize Minimize

[1A[2KBROWSER LOG: i18next::translator: missingKey en-US translation about about

[1A[2KBROWSER LOG: i18next::translator: missingKey en-US translation about about

[1A[2KBROWSER LOG: i18next::translator: missingKey en-US translation About About

[1A[2KBROWSER LOG: i18next::translator: missingKey en-US translation Accept Terms Accept Terms

[1A[2KBROWSER LOG: i18next::translator: missingKey en-US translation Enter something.... Enter something....

[1A[2KBROWSER LOG: i18next::translator: missingKey en-US translation Code Editor Code Editor

[1A[2KBROWSER LOG: i18next::translator: missingKey en-US translation clear clear

[1A[2KBROWSER LOG: i18next::translator: missingKey en-US translation send send

[1A[2KBROWSER LOG: i18next::translator: missingKey en-US translation COMMAND_ENTER COMMAND_ENTER

[1A[2KBROWSER LOG: i18next::translator: missingKey en-US translation Enter something.... Enter something....

[1A[2KBROWSER LOG: i18next::translator: missingKey en-US translation Code Editor Code Editor

[1A[2KBROWSER LOG: i18next::translator: missingKey en-US translation clear clear

[1A[2KBROWSER LOG: i18next::translator: missingKey en-US translation send send

[1A[2KBROWSER LOG: i18next::translator: missingKey en-US translation COMMAND_ENTER COMMAND_ENTER

[1A[2KBROWSER LOG: MessageBar: eventProcessor: %o undefined

[1A[2KBROWSER LOG: SpeechRecognition is not supported in this browser.

[1A[2KBROWSER LOG: ChatProvider: useEffect: fetching state from localStorage

[1A[2KBROWSER LOG: Inflating state: %o {current: 0, chat: Array, currentChat: 0, currentApp: Object, options: Object}

[1A[2KBROWSER LOG: Error getting OPFS directory: %o TypeError: undefined is not an object (evaluating 'navigator.storage.getDirectory')

[1A[2KBROWSER LOG: fetch user

[1A[2KBROWSER LOG: MessageBar: eventProcessor: %o undefined

[1A[2KBROWSER LOG: SpeechRecognition is not supported in this browser.

[1A[2KBROWSER LOG: ChatProvider: useEffect: fetching state from localStorage

[1A[2KBROWSER LOG: Inflating state: %o {current: 0, chat: Array, currentChat: 0, currentApp: Object, options: Object}

[1A[2KBROWSER LOG: Error getting OPFS directory: %o TypeError: undefined is not an object (evaluating 'navigator.storage.getDirectory')

[1A[2KBROWSER LOG: fetch user

[1A[2KBROWSER LOG: i18next::translator: missingKey en-US translation Always Always

[1A[2KBROWSER LOG: i18next::translator: missingKey en-US translation Never Never

[1A[2KBROWSER LOG: i18next::translator: missingKey en-US translation show_toolbar show_toolbar

[1A[2KBROWSER LOG: i18next::translator: missingKey en-US translation chat_options chat_options

[1A[2KBROWSER LOG: i18next::translator: missingKey en-US translation chat_options chat_options

[1A[2KBROWSER LOG: i18next::translator: missingKey en-US translation model_options model_options

[1A[2KBROWSER LOG: i18next::translator: missingKey en-US translation tool_options tool_options

[1A[2KBROWSER LOG: i18next::translator: missingKey en-US translation MCP Services MCP Services

[1A[2KBROWSER LOG: i18next::translator: missingKey en-US translation Add/Remove MCP Services Add/Remove MCP Services

[1A[2KBROWSER LOG: i18next::translator: missingKey en-US translation Edit MCP Services Edit MCP Services

[1A[2KBROWSER LOG: i18next::translator: missingKey en-US translation Label Label

[1A[2KBROWSER LOG: i18next::translator: missingKey en-US translation Server URL Server URL

[1A[2KBROWSER LOG: i18next::translator: missingKey en-US translation Require Approval Require Approval

[1A[2KBROWSER LOG: i18next::translator: missingKey en-US translation Allowed Tools Allowed Tools

[1A[2KBROWSER LOG: i18next::translator: missingKey en-US translation Comma separated Comma separated

[1A[2KBROWSER LOG: i18next::translator: missingKey en-US translation Add/Save Service Add/Save Service

[1A[2KBROWSER LOG: i18next::translator: missingKey en-US translation MCP Services MCP Services

[1A[2KBROWSER LOG: i18next::translator: missingKey en-US translation new_chat new_chat

[1A[2KBROWSER LOG: i18next::translator: missingKey en-US translation new_chat new_chat

[1A[2KBROWSER LOG: i18next::translator: missingKey en-US translation new_chat new_chat

[1A[2KBROWSER LOG: i18next::translator: missingKey en-US translation download_thread download_thread

[1A[2KBROWSER LOG: i18next::translator: missingKey en-US translation download_thread download_thread

[1A[2KBROWSER LOG: i18next::translator: missingKey en-US translation download_json download_json

[1A[2KBROWSER LOG: i18next::translator: missingKey en-US translation download_markdown download_markdown

[1A[2KBROWSER LOG: i18next::translator: missingKey en-US translation usage_information usage_information

[1A[2KBROWSER LOG: i18next::translator: missingKey en-US translation usage_information usage_information

[1A[2KBROWSER LOG: i18next::translator: missingKey en-US translation usage_information usage_information

[1A[2KBROWSER LOG: i18next::translator: missingKey en-US translation User information User information

[1A[2KBROWSER LOG: i18next::translator: missingKey en-US translation Always Always

[1A[2KBROWSER LOG: i18next::translator: missingKey en-US translation Never Never

[1A[2KBROWSER LOG: i18next::translator: missingKey en-US translation show_toolbar show_toolbar

[1A[2KBROWSER LOG: i18next::translator: missingKey en-US translation chat_options chat_options

[1A[2KBROWSER LOG: i18next::translator: missingKey en-US translation chat_options chat_options

[1A[2KBROWSER LOG: i18next::translator: missingKey en-US translation model_options model_options

[1A[2KBROWSER LOG: i18next::translator: missingKey en-US translation tool_options tool_options

[1A[2KBROWSER LOG: i18next::translator: missingKey en-US translation MCP Services MCP Services

[1A[2KBROWSER LOG: i18next::translator: missingKey en-US translation Add/Remove MCP Services Add/Remove MCP Services

[1A[2KBROWSER LOG: i18next::translator: missingKey en-US translation Edit MCP Services Edit MCP Services

[1A[2KBROWSER LOG: i18next::translator: missingKey en-US translation Label Label

[1A[2KBROWSER LOG: i18next::translator: missingKey en-US translation Server URL Server URL

[1A[2KBROWSER LOG: i18next::translator: missingKey en-US translation Require Approval Require Approval

[1A[2KBROWSER LOG: i18next::translator: missingKey en-US translation Allowed Tools Allowed Tools

[1A[2KBROWSER LOG: i18next::translator: missingKey en-US translation Comma separated Comma separated

[1A[2KBROWSER LOG: i18next::translator: missingKey en-US translation Add/Save Service Add/Save Service

[1A[2KBROWSER LOG: i18next::translator: missingKey en-US translation MCP Services MCP Services

[1A[2KBROWSER LOG: i18next::translator: missingKey en-US translation new_chat new_chat

[1A[2KBROWSER LOG: i18next::translator: missingKey en-US translation new_chat new_chat

[1A[2KBROWSER LOG: i18next::translator: missingKey en-US translation new_chat new_chat

[1A[2KBROWSER LOG: i18next::translator: missingKey en-US translation download_thread download_thread

[1A[2KBROWSER LOG: i18next::translator: missingKey en-US translation download_thread download_thread

[1A[2KBROWSER LOG: i18next::translator: missingKey en-US translation download_json download_json

[1A[2KBROWSER LOG: i18next::translator: missingKey en-US translation download_markdown download_markdown

[1A[2KBROWSER LOG: i18next::translator: missingKey en-US translation usage_information usage_information

[1A[2KBROWSER LOG: i18next::translator: missingKey en-US translation usage_information usage_information

[1A[2KBROWSER LOG: i18next::translator: missingKey en-US translation usage_information usage_information

[1A[2KBROWSER LOG: i18next::translator: missingKey en-US translation User information User information

[1A[2KBROWSER LOG: i18next::translator: missingKey en-US translation chat_history chat_history

[1A[2KBROWSER LOG: i18next::translator: missingKey en-US translation chat_history chat_history

[1A[2KBROWSER LOG: i18next::translator: missingKey en-US translation close close

[1A[2KBROWSER LOG: i18next::translator: missingKey en-US translation chat_history chat_history

[1A[2KBROWSER LOG: i18next::translator: missingKey en-US translation empty_chat empty_chat

[1A[2KBROWSER LOG: i18next::translator: missingKey en-US translation delete_chat delete_chat

[1A[2KBROWSER LOG: i18next::translator: missingKey en-US translation new_chat new_chat

[1A[2KBROWSER LOG: i18next::translator: missingKey en-US translation new_chat new_chat

[1A[2KBROWSER LOG: i18next::translator: missingKey en-US translation close close

[1A[2KBROWSER LOG: i18next::translator: missingKey en-US translation chat_history chat_history

[1A[2KBROWSER LOG: i18next::translator: missingKey en-US translation chat_history chat_history

[1A[2KBROWSER LOG: i18next::translator: missingKey en-US translation close close

[1A[2KBROWSER LOG: i18next::translator: missingKey en-US translation chat_history chat_history

[1A[2KBROWSER LOG: i18next::translator: missingKey en-US translation empty_chat empty_chat

[1A[2KBROWSER LOG: i18next::translator: missingKey en-US translation delete_chat delete_chat

[1A[2KBROWSER LOG: i18next::translator: missingKey en-US translation new_chat new_chat

[1A[2KBROWSER LOG: i18next::translator: missingKey en-US translation new_chat new_chat

[1A[2KBROWSER LOG: i18next::translator: missingKey en-US translation close close

[1A[2KBROWSER LOG: i18next::translator: missingKey en-US translation open_issue open_issue

[1A[2KBROWSER LOG: i18next::translator: missingKey en-US translation open_issue open_issue

[1A[2KBROWSER LOG: i18next::translator: missingKey en-US translation release_notes release_notes

[1A[2KBROWSER LOG: i18next::translator: missingKey en-US translation open_issue open_issue

[1A[2KBROWSER LOG: i18next::translator: missingKey en-US translation open_issue open_issue

[1A[2KBROWSER LOG: i18next::translator: missingKey en-US translation open_issue open_issue

[1A[2KBROWSER LOG: i18next::translator: missingKey en-US translation open_issue open_issue

[1A[2KBROWSER LOG: i18next::translator: missingKey en-US translation open_issue open_issue

[1A[2KBROWSER LOG: i18next::translator: missingKey en-US translation release_notes release_notes

[1A[2KBROWSER LOG: i18next::translator: missingKey en-US translation open_issue open_issue

[1A[2KBROWSER LOG: i18next::translator: missingKey en-US translation open_issue open_issue

[1A[2KBROWSER LOG: i18next::translator: missingKey en-US translation open_issue open_issue

[1A[2KBROWSER LOG: i18next::translator: missingKey en-US translation Remove Message Remove Message

[1A[2KBROWSER LOG: i18next::translator: missingKey en-US translation Remove Message Remove Message

[1A[2KBROWSER LOG: userText: %s 
# No Access

Access to the chat is only available to members of FH SWF. If you are a member, please log in with your university credentials.


[1A[2KBROWSER LOG: userText: %s 
# No Access

Access to the chat is only available to members of FH SWF. If you are a member, please log in with your university credentials.


[1A[2KBROWSER LOG: i18next::translator: missingKey en-US translation Always Always

[1A[2KBROWSER LOG: i18next::translator: missingKey en-US translation Never Never

[1A[2KBROWSER LOG: i18next::translator: missingKey en-US translation show_toolbar show_toolbar

[1A[2KBROWSER LOG: i18next::translator: missingKey en-US translation chat_options chat_options

[1A[2KBROWSER LOG: i18next::translator: missingKey en-US translation chat_options chat_options

[1A[2KBROWSER LOG: i18next::translator: missingKey en-US translation model_options model_options

[1A[2KBROWSER LOG: i18next::translator: missingKey en-US translation tool_options tool_options

[1A[2KBROWSER LOG: i18next::translator: missingKey en-US translation MCP Services MCP Services

[1A[2KBROWSER LOG: i18next::translator: missingKey en-US translation Add/Remove MCP Services Add/Remove MCP Services

[1A[2KBROWSER LOG: i18next::translator: missingKey en-US translation Edit MCP Services Edit MCP Services

[1A[2KBROWSER LOG: i18next::translator: missingKey en-US translation Label Label

[1A[2KBROWSER LOG: i18next::translator: missingKey en-US translation Server URL Server URL

[1A[2KBROWSER LOG: i18next::translator: missingKey en-US translation Require Approval Require Approval

[1A[2KBROWSER LOG: i18next::translator: missingKey en-US translation Allowed Tools Allowed Tools

[1A[2KBROWSER LOG: i18next::translator: missingKey en-US translation Comma separated Comma separated

[1A[2KBROWSER LOG: i18next::translator: missingKey en-US translation Add/Save Service Add/Save Service

[1A[2KBROWSER LOG: i18next::translator: missingKey en-US translation MCP Services MCP Services

[1A[2KBROWSER LOG: i18next::translator: missingKey en-US translation new_chat new_chat

[1A[2KBROWSER LOG: i18next::translator: missingKey en-US translation new_chat new_chat

[1A[2KBROWSER LOG: i18next::translator: missingKey en-US translation new_chat new_chat

[1A[2KBROWSER LOG: i18next::translator: missingKey en-US translation download_thread download_thread

[1A[2KBROWSER LOG: i18next::translator: missingKey en-US translation download_thread download_thread

[1A[2KBROWSER LOG: i18next::translator: missingKey en-US translation download_json download_json

[1A[2KBROWSER LOG: i18next::translator: missingKey en-US translation download_markdown download_markdown

[1A[2KBROWSER LOG: i18next::translator: missingKey en-US translation usage_information usage_information

[1A[2KBROWSER LOG: i18next::translator: missingKey en-US translation usage_information usage_information

[1A[2KBROWSER LOG: i18next::translator: missingKey en-US translation usage_information usage_information

[1A[2KBROWSER LOG: i18next::translator: missingKey en-US translation User information User information

[1A[2KBROWSER LOG: i18next::translator: missingKey en-US translation Always Always

[1A[2KBROWSER LOG: i18next::translator: missingKey en-US translation Never Never

[1A[2KBROWSER LOG: i18next::translator: missingKey en-US translation show_toolbar show_toolbar

[1A[2KBROWSER LOG: i18next::translator: missingKey en-US translation chat_options chat_options

[1A[2KBROWSER LOG: i18next::translator: missingKey en-US translation chat_options chat_options

[1A[2KBROWSER LOG: i18next::translator: missingKey en-US translation model_options model_options

[1A[2KBROWSER LOG: i18next::translator: missingKey en-US translation tool_options tool_options

[1A[2KBROWSER LOG: i18next::translator: missingKey en-US translation MCP Services MCP Services

[1A[2KBROWSER LOG: i18next::translator: missingKey en-US translation Add/Remove MCP Services Add/Remove MCP Services

[1A[2KBROWSER LOG: i18next::translator: missingKey en-US translation Edit MCP Services Edit MCP Services

[1A[2KBROWSER LOG: i18next::translator: missingKey en-US translation Label Label

[1A[2KBROWSER LOG: i18next::translator: missingKey en-US translation Server URL Server URL

[1A[2KBROWSER LOG: i18next::translator: missingKey en-US translation Require Approval Require Approval

[1A[2KBROWSER LOG: i18next::translator: missingKey en-US translation Allowed Tools Allowed Tools

[1A[2KBROWSER LOG: i18next::translator: missingKey en-US translation Comma separated Comma separated

[1A[2KBROWSER LOG: i18next::translator: missingKey en-US translation Add/Save Service Add/Save Service

[1A[2KBROWSER LOG: i18next::translator: missingKey en-US translation MCP Services MCP Services

[1A[2KBROWSER LOG: i18next::translator: missingKey en-US translation new_chat new_chat

[1A[2KBROWSER LOG: i18next::translator: missingKey en-US translation new_chat new_chat

[1A[2KBROWSER LOG: i18next::translator: missingKey en-US translation new_chat new_chat

[1A[2KBROWSER LOG: i18next::translator: missingKey en-US translation download_thread download_thread

[1A[2KBROWSER LOG: i18next::translator: missingKey en-US translation download_thread download_thread

[1A[2KBROWSER LOG: i18next::translator: missingKey en-US translation download_json download_json

[1A[2KBROWSER LOG: i18next::translator: missingKey en-US translation download_markdown download_markdown

[1A[2KBROWSER LOG: i18next::translator: missingKey en-US translation usage_information usage_information

[1A[2KBROWSER LOG: i18next::translator: missingKey en-US translation usage_information usage_information

[1A[2KBROWSER LOG: i18next::translator: missingKey en-US translation usage_information usage_information

[1A[2KBROWSER LOG: i18next::translator: missingKey en-US translation User information User information

[1A[2KBROWSER LOG: i18next::translator: missingKey en-US translation chat_history chat_history

[1A[2KBROWSER LOG: i18next::translator: missingKey en-US translation chat_history chat_history

[1A[2KBROWSER LOG: i18next::translator: missingKey en-US translation close close

[1A[2KBROWSER LOG: i18next::translator: missingKey en-US translation chat_history chat_history

[1A[2KBROWSER LOG: i18next::translator: missingKey en-US translation empty_chat empty_chat

[1A[2KBROWSER LOG: i18next::translator: missingKey en-US translation delete_chat delete_chat

[1A[2KBROWSER LOG: i18next::translator: missingKey en-US translation new_chat new_chat

[1A[2KBROWSER LOG: i18next::translator: missingKey en-US translation new_chat new_chat

[1A[2KBROWSER LOG: i18next::translator: missingKey en-US translation close close

[1A[2KBROWSER LOG: i18next::translator: missingKey en-US translation chat_history chat_history

[1A[2KBROWSER LOG: i18next::translator: missingKey en-US translation chat_history chat_history

[1A[2KBROWSER LOG: i18next::translator: missingKey en-US translation close close

[1A[2KBROWSER LOG: i18next::translator: missingKey en-US translation chat_history chat_history

[1A[2KBROWSER LOG: i18next::translator: missingKey en-US translation empty_chat empty_chat

[1A[2KBROWSER LOG: i18next::translator: missingKey en-US translation delete_chat delete_chat

[1A[2KBROWSER LOG: i18next::translator: missingKey en-US translation new_chat new_chat

[1A[2KBROWSER LOG: i18next::translator: missingKey en-US translation new_chat new_chat

[1A[2KBROWSER LOG: i18next::translator: missingKey en-US translation close close

[1A[2KBROWSER LOG: i18next::translator: missingKey en-US translation open_issue open_issue

[1A[2KBROWSER LOG: i18next::translator: missingKey en-US translation open_issue open_issue

[1A[2KBROWSER LOG: i18next::translator: missingKey en-US translation release_notes release_notes

[1A[2KBROWSER LOG: i18next::translator: missingKey en-US translation open_issue open_issue

[1A[2KBROWSER LOG: i18next::translator: missingKey en-US translation open_issue open_issue

[1A[2KBROWSER LOG: i18next::translator: missingKey en-US translation open_issue open_issue

[1A[2KBROWSER LOG: i18next::translator: missingKey en-US translation open_issue open_issue

[1A[2KBROWSER LOG: i18next::translator: missingKey en-US translation open_issue open_issue

[1A[2KBROWSER LOG: i18next::translator: missingKey en-US translation release_notes release_notes

[1A[2KBROWSER LOG: i18next::translator: missingKey en-US translation open_issue open_issue

[1A[2KBROWSER LOG: i18next::translator: missingKey en-US translation open_issue open_issue

[1A[2KBROWSER LOG: i18next::translator: missingKey en-US translation open_issue open_issue

[1A[2KBROWSER LOG: i18next::translator: missingKey en-US translation Theme Theme

[1A[2KBROWSER LOG: i18next::translator: missingKey en-US translation Config Config

[1A[2KBROWSER LOG: i18next::translator: missingKey en-US translation Minimize Minimize

[1A[2KBROWSER LOG: i18next::translator: missingKey en-US translation about about

[1A[2KBROWSER LOG: i18next::translator: missingKey en-US translation about about

[1A[2KBROWSER LOG: i18next::translator: missingKey en-US translation About About

[1A[2KBROWSER LOG: i18next::translator: missingKey en-US translation Accept Terms Accept Terms

[1A[2KBROWSER LOG: i18next::translator: missingKey en-US translation Theme Theme

[1A[2KBROWSER LOG: i18next::translator: missingKey en-US translation Config Config

[1A[2KBROWSER LOG: i18next::translator: missingKey en-US translation Minimize Minimize

[1A[2KBROWSER LOG: i18next::translator: missingKey en-US translation about about

[1A[2KBROWSER LOG: i18next::translator: missingKey en-US translation about about

[1A[2KBROWSER LOG: i18next::translator: missingKey en-US translation About About

[1A[2KBROWSER LOG: i18next::translator: missingKey en-US translation Accept Terms Accept Terms

[1A[2KBROWSER LOG: i18next::translator: missingKey en-US translation Remove Message Remove Message

[1A[2KBROWSER LOG: i18next::translator: missingKey en-US translation Remove Message Remove Message

[1A[2KBROWSER LOG: i18next::translator: missingKey en-US translation Enter something.... Enter something....

[1A[2KBROWSER LOG: i18next::translator: missingKey en-US translation Code Editor Code Editor

[1A[2KBROWSER LOG: i18next::translator: missingKey en-US translation clear clear

[1A[2KBROWSER LOG: i18next::translator: missingKey en-US translation send send

[1A[2KBROWSER LOG: i18next::translator: missingKey en-US translation COMMAND_ENTER COMMAND_ENTER

[1A[2KBROWSER LOG: i18next::translator: missingKey en-US translation Enter something.... Enter something....

[1A[2KBROWSER LOG: i18next::translator: missingKey en-US translation Code Editor Code Editor

[1A[2KBROWSER LOG: i18next::translator: missingKey en-US translation clear clear

[1A[2KBROWSER LOG: i18next::translator: missingKey en-US translation send send

[1A[2KBROWSER LOG: i18next::translator: missingKey en-US translation COMMAND_ENTER COMMAND_ENTER

[1A[2KBROWSER LOG: i18next::translator: missingKey en-US translation Always Always

[1A[2KBROWSER LOG: i18next::translator: missingKey en-US translation Never Never

[1A[2KBROWSER LOG: i18next::translator: missingKey en-US translation show_toolbar show_toolbar

[1A[2KBROWSER LOG: i18next::translator: missingKey en-US translation chat_options chat_options

[1A[2KBROWSER LOG: i18next::translator: missingKey en-US translation chat_options chat_options

[1A[2KBROWSER LOG: i18next::translator: missingKey en-US translation model_options model_options

[1A[2KBROWSER LOG: i18next::translator: missingKey en-US translation tool_options tool_options

[1A[2KBROWSER LOG: i18next::translator: missingKey en-US translation MCP Services MCP Services

[1A[2KBROWSER LOG: i18next::translator: missingKey en-US translation Add/Remove MCP Services Add/Remove MCP Services

[1A[2KBROWSER LOG: i18next::translator: missingKey en-US translation Edit MCP Services Edit MCP Services

[1A[2KBROWSER LOG: i18next::translator: missingKey en-US translation Label Label

[1A[2KBROWSER LOG: i18next::translator: missingKey en-US translation Server URL Server URL

[1A[2KBROWSER LOG: i18next::translator: missingKey en-US translation Require Approval Require Approval

[1A[2KBROWSER LOG: i18next::translator: missingKey en-US translation Allowed Tools Allowed Tools

[1A[2KBROWSER LOG: i18next::translator: missingKey en-US translation Comma separated Comma separated

[1A[2KBROWSER LOG: i18next::translator: missingKey en-US translation Add/Save Service Add/Save Service

[1A[2KBROWSER LOG: i18next::translator: missingKey en-US translation MCP Services MCP Services

[1A[2KBROWSER LOG: i18next::translator: missingKey en-US translation new_chat new_chat

[1A[2KBROWSER LOG: i18next::translator: missingKey en-US translation new_chat new_chat

[1A[2KBROWSER LOG: i18next::translator: missingKey en-US translation new_chat new_chat

[1A[2KBROWSER LOG: i18next::translator: missingKey en-US translation download_thread download_thread

[1A[2KBROWSER LOG: i18next::translator: missingKey en-US translation download_thread download_thread

[1A[2KBROWSER LOG: i18next::translator: missingKey en-US translation download_json download_json

[1A[2KBROWSER LOG: i18next::translator: missingKey en-US translation download_markdown download_markdown

[1A[2KBROWSER LOG: i18next::translator: missingKey en-US translation usage_information usage_information

[1A[2KBROWSER LOG: i18next::translator: missingKey en-US translation usage_information usage_information

[1A[2KBROWSER LOG: i18next::translator: missingKey en-US translation usage_information usage_information

[1A[2KBROWSER LOG: i18next::translator: missingKey en-US translation User information User information

[1A[2KBROWSER LOG: i18next::translator: missingKey en-US translation Always Always

[1A[2KBROWSER LOG: i18next::translator: missingKey en-US translation Never Never

[1A[2KBROWSER LOG: i18next::translator: missingKey en-US translation show_toolbar show_toolbar

[1A[2KBROWSER LOG: i18next::translator: missingKey en-US translation chat_options chat_options

[1A[2KBROWSER LOG: i18next::translator: missingKey en-US translation chat_options chat_options

[1A[2KBROWSER LOG: i18next::translator: missingKey en-US translation model_options model_options

[1A[2KBROWSER LOG: i18next::translator: missingKey en-US translation tool_options tool_options

[1A[2KBROWSER LOG: i18next::translator: missingKey en-US translation MCP Services MCP Services

[1A[2KBROWSER LOG: i18next::translator: missingKey en-US translation Add/Remove MCP Services Add/Remove MCP Services

[1A[2KBROWSER LOG: i18next::translator: missingKey en-US translation Edit MCP Services Edit MCP Services

[1A[2KBROWSER LOG: i18next::translator: missingKey en-US translation Label Label

[1A[2KBROWSER LOG: i18next::translator: missingKey en-US translation Server URL Server URL

[1A[2KBROWSER LOG: i18next::translator: missingKey en-US translation Require Approval Require Approval

[1A[2KBROWSER LOG: i18next::translator: missingKey en-US translation Allowed Tools Allowed Tools

[1A[2KBROWSER LOG: i18next::translator: missingKey en-US translation Comma separated Comma separated

[1A[2KBROWSER LOG: i18next::translator: missingKey en-US translation Add/Save Service Add/Save Service

[1A[2KBROWSER LOG: i18next::translator: missingKey en-US translation MCP Services MCP Services

[1A[2KBROWSER LOG: i18next::translator: missingKey en-US translation new_chat new_chat

[1A[2KBROWSER LOG: i18next::translator: missingKey en-US translation new_chat new_chat

[1A[2KBROWSER LOG: i18next::translator: missingKey en-US translation new_chat new_chat

[1A[2KBROWSER LOG: i18next::translator: missingKey en-US translation download_thread download_thread

[1A[2KBROWSER LOG: i18next::translator: missingKey en-US translation download_thread download_thread

[1A[2KBROWSER LOG: i18next::translator: missingKey en-US translation download_json download_json

[1A[2KBROWSER LOG: i18next::translator: missingKey en-US translation download_markdown download_markdown

[1A[2KBROWSER LOG: i18next::translator: missingKey en-US translation usage_information usage_information

[1A[2KBROWSER LOG: i18next::translator: missingKey en-US translation usage_information usage_information

[1A[2KBROWSER LOG: i18next::translator: missingKey en-US translation usage_information usage_information

[1A[2KBROWSER LOG: i18next::translator: missingKey en-US translation User information User information

[1A[2KBROWSER LOG: i18next::translator: missingKey en-US translation chat_history chat_history

[1A[2KBROWSER LOG: i18next::translator: missingKey en-US translation chat_history chat_history

[1A[2KBROWSER LOG: i18next::translator: missingKey en-US translation close close

[1A[2KBROWSER LOG: i18next::translator: missingKey en-US translation chat_history chat_history

[1A[2KBROWSER LOG: i18next::translator: missingKey en-US translation empty_chat empty_chat

[1A[2KBROWSER LOG: i18next::translator: missingKey en-US translation delete_chat delete_chat

[1A[2KBROWSER LOG: i18next::translator: missingKey en-US translation new_chat new_chat

[1A[2KBROWSER LOG: i18next::translator: missingKey en-US translation new_chat new_chat

[1A[2KBROWSER LOG: i18next::translator: missingKey en-US translation close close

[1A[2KBROWSER LOG: i18next::translator: missingKey en-US translation chat_history chat_history

[1A[2KBROWSER LOG: i18next::translator: missingKey en-US translation chat_history chat_history

[1A[2KBROWSER LOG: i18next::translator: missingKey en-US translation close close

[1A[2KBROWSER LOG: i18next::translator: missingKey en-US translation chat_history chat_history

[1A[2KBROWSER LOG: i18next::translator: missingKey en-US translation empty_chat empty_chat

[1A[2KBROWSER LOG: i18next::translator: missingKey en-US translation delete_chat delete_chat

[1A[2KBROWSER LOG: i18next::translator: missingKey en-US translation new_chat new_chat

[1A[2KBROWSER LOG: i18next::translator: missingKey en-US translation new_chat new_chat

[1A[2KBROWSER LOG: i18next::translator: missingKey en-US translation close close

[1A[2KBROWSER LOG: i18next::translator: missingKey en-US translation open_issue open_issue

[1A[2KBROWSER LOG: i18next::translator: missingKey en-US translation open_issue open_issue

[1A[2KBROWSER LOG: i18next::translator: missingKey en-US translation release_notes release_notes

[1A[2KBROWSER LOG: i18next::translator: missingKey en-US translation open_issue open_issue

[1A[2KBROWSER LOG: i18next::translator: missingKey en-US translation open_issue open_issue

[1A[2KBROWSER LOG: i18next::translator: missingKey en-US translation open_issue open_issue

[1A[2KBROWSER LOG: i18next::translator: missingKey en-US translation open_issue open_issue

[1A[2KBROWSER LOG: i18next::translator: missingKey en-US translation open_issue open_issue

[1A[2KBROWSER LOG: i18next::translator: missingKey en-US translation release_notes release_notes

[1A[2KBROWSER LOG: i18next::translator: missingKey en-US translation open_issue open_issue

[1A[2KBROWSER LOG: i18next::translator: missingKey en-US translation open_issue open_issue

[1A[2KBROWSER LOG: i18next::translator: missingKey en-US translation open_issue open_issue

[1A[2KBROWSER LOG: i18next::translator: missingKey en-US translation Remove Message Remove Message

[1A[2KBROWSER LOG: i18next::translator: missingKey en-US translation Remove Message Remove Message

[1A[2KBROWSER LOG: {release: 0.28.2, build_sha: 30154d3f01cba5bc5559f915f7b73cec5afc1591, repo_url: https://api.github.com/repos/fhswf/openai-ui}

[1A[2KBROWSER LOG: {release: 0.28.2, build_sha: 30154d3f01cba5bc5559f915f7b73cec5afc1591, repo_url: https://api.github.com/repos/fhswf/openai-ui}

[1A[2KBROWSER LOG: getting user:  200

[1A[2KBROWSER LOG: updating user:  {name: Christian Gawron, email: playwright@fh-swf.de, sub: 97406161-944c-4dc8-b652-628ffbb5cf51, preferred_username: playwright, affiliations: undefined}

[1A[2KBROWSER LOG: getting user:  200

[1A[2KBROWSER LOG: updating user:  {name: Christian Gawron, email: playwright@fh-swf.de, sub: 97406161-944c-4dc8-b652-628ffbb5cf51, preferred_username: playwright, affiliations: undefined}

[1A[2KBROWSER LOG: userText: %s 
# No Access

Access to the chat is only available to members of FH SWF. If you are a member, please log in with your university credentials.


[1A[2KBROWSER LOG: userText: %s 
# No Access

Access to the chat is only available to members of FH SWF. If you are a member, please log in with your university credentials.


[1A[2KBROWSER LOG: i18next::translator: missingKey en-US translation Always Always

[1A[2KBROWSER LOG: i18next::translator: missingKey en-US translation Never Never

[1A[2KBROWSER LOG: i18next::translator: missingKey en-US translation show_toolbar show_toolbar

[1A[2KBROWSER LOG: i18next::translator: missingKey en-US translation chat_options chat_options

[1A[2KBROWSER LOG: i18next::translator: missingKey en-US translation chat_options chat_options

[1A[2KBROWSER LOG: i18next::translator: missingKey en-US translation model_options model_options

[1A[2KBROWSER LOG: i18next::translator: missingKey en-US translation tool_options tool_options

[1A[2KBROWSER LOG: i18next::translator: missingKey en-US translation MCP Services MCP Services

[1A[2KBROWSER LOG: i18next::translator: missingKey en-US translation Add/Remove MCP Services Add/Remove MCP Services

[1A[2KBROWSER LOG: i18next::translator: missingKey en-US translation Edit MCP Services Edit MCP Services

[1A[2KBROWSER LOG: i18next::translator: missingKey en-US translation Label Label

[1A[2KBROWSER LOG: i18next::translator: missingKey en-US translation Server URL Server URL

[1A[2KBROWSER LOG: i18next::translator: missingKey en-US translation Require Approval Require Approval

[1A[2KBROWSER LOG: i18next::translator: missingKey en-US translation Allowed Tools Allowed Tools

[1A[2KBROWSER LOG: i18next::translator: missingKey en-US translation Comma separated Comma separated

[1A[2KBROWSER LOG: i18next::translator: missingKey en-US translation Add/Save Service Add/Save Service

[1A[2KBROWSER LOG: i18next::translator: missingKey en-US translation MCP Services MCP Services

[1A[2KBROWSER LOG: i18next::translator: missingKey en-US translation new_chat new_chat

[1A[2KBROWSER LOG: i18next::translator: missingKey en-US translation new_chat new_chat

[1A[2KBROWSER LOG: i18next::translator: missingKey en-US translation new_chat new_chat

[1A[2KBROWSER LOG: i18next::translator: missingKey en-US translation download_thread download_thread

[1A[2KBROWSER LOG: i18next::translator: missingKey en-US translation download_thread download_thread

[1A[2KBROWSER LOG: i18next::translator: missingKey en-US translation download_json download_json

[1A[2KBROWSER LOG: i18next::translator: missingKey en-US translation download_markdown download_markdown

[1A[2KBROWSER LOG: i18next::translator: missingKey en-US translation usage_information usage_information

[1A[2KBROWSER LOG: i18next::translator: missingKey en-US translation usage_information usage_information

[1A[2KBROWSER LOG: i18next::translator: missingKey en-US translation usage_information usage_information

[1A[2KBROWSER LOG: i18next::translator: missingKey en-US translation User information User information

[1A[2KBROWSER LOG: i18next::translator: missingKey en-US translation Always Always

[1A[2KBROWSER LOG: i18next::translator: missingKey en-US translation Never Never

[1A[2KBROWSER LOG: i18next::translator: missingKey en-US translation show_toolbar show_toolbar

[1A[2KBROWSER LOG: i18next::translator: missingKey en-US translation chat_options chat_options

[1A[2KBROWSER LOG: i18next::translator: missingKey en-US translation chat_options chat_options

[1A[2KBROWSER LOG: i18next::translator: missingKey en-US translation model_options model_options

[1A[2KBROWSER LOG: i18next::translator: missingKey en-US translation tool_options tool_options

[1A[2KBROWSER LOG: i18next::translator: missingKey en-US translation MCP Services MCP Services

[1A[2KBROWSER LOG: i18next::translator: missingKey en-US translation Add/Remove MCP Services Add/Remove MCP Services

[1A[2KBROWSER LOG: i18next::translator: missingKey en-US translation Edit MCP Services Edit MCP Services

[1A[2KBROWSER LOG: i18next::translator: missingKey en-US translation Label Label

[1A[2KBROWSER LOG: i18next::translator: missingKey en-US translation Server URL Server URL

[1A[2KBROWSER LOG: i18next::translator: missingKey en-US translation Require Approval Require Approval

[1A[2KBROWSER LOG: i18next::translator: missingKey en-US translation Allowed Tools Allowed Tools

[1A[2KBROWSER LOG: i18next::translator: missingKey en-US translation Comma separated Comma separated

[1A[2KBROWSER LOG: i18next::translator: missingKey en-US translation Add/Save Service Add/Save Service

[1A[2KBROWSER LOG: i18next::translator: missingKey en-US translation MCP Services MCP Services

[1A[2KBROWSER LOG: i18next::translator: missingKey en-US translation new_chat new_chat

[1A[2KBROWSER LOG: i18next::translator: missingKey en-US translation new_chat new_chat

[1A[2KBROWSER LOG: i18next::translator: missingKey en-US translation new_chat new_chat

[1A[2KBROWSER LOG: i18next::translator: missingKey en-US translation download_thread download_thread

[1A[2KBROWSER LOG: i18next::translator: missingKey en-US translation download_thread download_thread

[1A[2KBROWSER LOG: i18next::translator: missingKey en-US translation download_json download_json

[1A[2KBROWSER LOG: i18next::translator: missingKey en-US translation download_markdown download_markdown

[1A[2KBROWSER LOG: i18next::translator: missingKey en-US translation usage_information usage_information

[1A[2KBROWSER LOG: i18next::translator: missingKey en-US translation usage_information usage_information

[1A[2KBROWSER LOG: i18next::translator: missingKey en-US translation usage_information usage_information

[1A[2KBROWSER LOG: i18next::translator: missingKey en-US translation User information User information

[1A[2KBROWSER LOG: i18next::translator: missingKey en-US translation chat_history chat_history

[1A[2KBROWSER LOG: i18next::translator: missingKey en-US translation chat_history chat_history

[1A[2KBROWSER LOG: i18next::translator: missingKey en-US translation close close

[1A[2KBROWSER LOG: i18next::translator: missingKey en-US translation chat_history chat_history

[1A[2KBROWSER LOG: i18next::translator: missingKey en-US translation empty_chat empty_chat

[1A[2KBROWSER LOG: i18next::translator: missingKey en-US translation delete_chat delete_chat

[1A[2KBROWSER LOG: i18next::translator: missingKey en-US translation new_chat new_chat

[1A[2KBROWSER LOG: i18next::translator: missingKey en-US translation new_chat new_chat

[1A[2KBROWSER LOG: i18next::translator: missingKey en-US translation close close

[1A[2KBROWSER LOG: i18next::translator: missingKey en-US translation chat_history chat_history

[1A[2KBROWSER LOG: i18next::translator: missingKey en-US translation chat_history chat_history

[1A[2KBROWSER LOG: i18next::translator: missingKey en-US translation close close

[1A[2KBROWSER LOG: i18next::translator: missingKey en-US translation chat_history chat_history

[1A[2KBROWSER LOG: i18next::translator: missingKey en-US translation empty_chat empty_chat

[1A[2KBROWSER LOG: i18next::translator: missingKey en-US translation delete_chat delete_chat

[1A[2KBROWSER LOG: i18next::translator: missingKey en-US translation new_chat new_chat

[1A[2KBROWSER LOG: i18next::translator: missingKey en-US translation new_chat new_chat

[1A[2KBROWSER LOG: i18next::translator: missingKey en-US translation close close

[1A[2KBROWSER LOG: i18next::translator: missingKey en-US translation open_issue open_issue

[1A[2KBROWSER LOG: i18next::translator: missingKey en-US translation open_issue open_issue

[1A[2KBROWSER LOG: i18next::translator: missingKey en-US translation release_notes release_notes

[1A[2KBROWSER LOG: i18next::translator: missingKey en-US translation open_issue open_issue

[1A[2KBROWSER LOG: i18next::translator: missingKey en-US translation open_issue open_issue

[1A[2KBROWSER LOG: i18next::translator: missingKey en-US translation open_issue open_issue

[1A[2KBROWSER LOG: i18next::translator: missingKey en-US translation open_issue open_issue

[1A[2KBROWSER LOG: i18next::translator: missingKey en-US translation open_issue open_issue

[1A[2KBROWSER LOG: i18next::translator: missingKey en-US translation release_notes release_notes

[1A[2KBROWSER LOG: i18next::translator: missingKey en-US translation open_issue open_issue

[1A[2KBROWSER LOG: i18next::translator: missingKey en-US translation open_issue open_issue

[1A[2KBROWSER LOG: i18next::translator: missingKey en-US translation open_issue open_issue

[1A[2KBROWSER LOG: i18next::translator: missingKey en-US translation Theme Theme

[1A[2KBROWSER LOG: i18next::translator: missingKey en-US translation Config Config

[1A[2KBROWSER LOG: i18next::translator: missingKey en-US translation Minimize Minimize

[1A[2KBROWSER LOG: i18next::translator: missingKey en-US translation about about

[1A[2KBROWSER LOG: i18next::translator: missingKey en-US translation about about

[1A[2KBROWSER LOG: i18next::translator: missingKey en-US translation About About

[1A[2KBROWSER LOG: i18next::translator: missingKey en-US translation Accept Terms Accept Terms

[1A[2KBROWSER LOG: i18next::translator: missingKey en-US translation Theme Theme

[1A[2KBROWSER LOG: i18next::translator: missingKey en-US translation Config Config

[1A[2KBROWSER LOG: i18next::translator: missingKey en-US translation Minimize Minimize

[1A[2KBROWSER LOG: i18next::translator: missingKey en-US translation about about

[1A[2KBROWSER LOG: i18next::translator: missingKey en-US translation about about

[1A[2KBROWSER LOG: i18next::translator: missingKey en-US translation About About

[1A[2KBROWSER LOG: i18next::translator: missingKey en-US translation Accept Terms Accept Terms

[1A[2KBROWSER LOG: i18next::translator: missingKey en-US translation Remove Message Remove Message

[1A[2KBROWSER LOG: i18next::translator: missingKey en-US translation Remove Message Remove Message

[1A[2KBROWSER LOG: i18next::translator: missingKey en-US translation Enter something.... Enter something....

[1A[2KBROWSER LOG: i18next::translator: missingKey en-US translation Code Editor Code Editor

[1A[2KBROWSER LOG: i18next::translator: missingKey en-US translation clear clear

[1A[2KBROWSER LOG: i18next::translator: missingKey en-US translation send send

[1A[2KBROWSER LOG: i18next::translator: missingKey en-US translation COMMAND_ENTER COMMAND_ENTER

[1A[2KBROWSER LOG: i18next::translator: missingKey en-US translation Enter something.... Enter something....

[1A[2KBROWSER LOG: i18next::translator: missingKey en-US translation Code Editor Code Editor

[1A[2KBROWSER LOG: i18next::translator: missingKey en-US translation clear clear

[1A[2KBROWSER LOG: i18next::translator: missingKey en-US translation send send

[1A[2KBROWSER LOG: i18next::translator: missingKey en-US translation COMMAND_ENTER COMMAND_ENTER

[1A[2KBROWSER LOG: userText: %s 
# No Access

Access to the chat is only available to members of FH SWF. If you are a member, please log in with your university credentials.


[1A[2KBROWSER LOG: userText: %s 
# No Access

Access to the chat is only available to members of FH SWF. If you are a member, please log in with your university credentials.


[1A[2KBROWSER LOG: i18next::translator: missingKey en-US translation Always Always

[1A[2KBROWSER LOG: i18next::translator: missingKey en-US translation Never Never

[1A[2KBROWSER LOG: i18next::translator: missingKey en-US translation show_toolbar show_toolbar

[1A[2KBROWSER LOG: i18next::translator: missingKey en-US translation chat_options chat_options

[1A[2KBROWSER LOG: i18next::translator: missingKey en-US translation chat_options chat_options

[1A[2KBROWSER LOG: i18next::translator: missingKey en-US translation model_options model_options

[1A[2KBROWSER LOG: i18next::translator: missingKey en-US translation tool_options tool_options

[1A[2KBROWSER LOG: i18next::translator: missingKey en-US translation MCP Services MCP Services

[1A[2KBROWSER LOG: i18next::translator: missingKey en-US translation Add/Remove MCP Services Add/Remove MCP Services

[1A[2KBROWSER LOG: i18next::translator: missingKey en-US translation Edit MCP Services Edit MCP Services

[1A[2KBROWSER LOG: i18next::translator: missingKey en-US translation Label Label

[1A[2KBROWSER LOG: i18next::translator: missingKey en-US translation Server URL Server URL

[1A[2KBROWSER LOG: i18next::translator: missingKey en-US translation Require Approval Require Approval

[1A[2KBROWSER LOG: i18next::translator: missingKey en-US translation Allowed Tools Allowed Tools

[1A[2KBROWSER LOG: i18next::translator: missingKey en-US translation Comma separated Comma separated

[1A[2KBROWSER LOG: i18next::translator: missingKey en-US translation Add/Save Service Add/Save Service

[1A[2KBROWSER LOG: i18next::translator: missingKey en-US translation MCP Services MCP Services

[1A[2KBROWSER LOG: i18next::translator: missingKey en-US translation new_chat new_chat

[1A[2KBROWSER LOG: i18next::translator: missingKey en-US translation new_chat new_chat

[1A[2KBROWSER LOG: i18next::translator: missingKey en-US translation new_chat new_chat

[1A[2KBROWSER LOG: i18next::translator: missingKey en-US translation download_thread download_thread

[1A[2KBROWSER LOG: i18next::translator: missingKey en-US translation download_thread download_thread

[1A[2KBROWSER LOG: i18next::translator: missingKey en-US translation download_json download_json

[1A[2KBROWSER LOG: i18next::translator: missingKey en-US translation download_markdown download_markdown

[1A[2KBROWSER LOG: i18next::translator: missingKey en-US translation usage_information usage_information

[1A[2KBROWSER LOG: i18next::translator: missingKey en-US translation usage_information usage_information

[1A[2KBROWSER LOG: i18next::translator: missingKey en-US translation usage_information usage_information

[1A[2KBROWSER LOG: i18next::translator: missingKey en-US translation User information User information

[1A[2KBROWSER LOG: i18next::translator: missingKey en-US translation Always Always

[1A[2KBROWSER LOG: i18next::translator: missingKey en-US translation Never Never

[1A[2KBROWSER LOG: i18next::translator: missingKey en-US translation show_toolbar show_toolbar

[1A[2KBROWSER LOG: i18next::translator: missingKey en-US translation chat_options chat_options

[1A[2KBROWSER LOG: i18next::translator: missingKey en-US translation chat_options chat_options

[1A[2KBROWSER LOG: i18next::translator: missingKey en-US translation model_options model_options

[1A[2KBROWSER LOG: i18next::translator: missingKey en-US translation tool_options tool_options

[1A[2KBROWSER LOG: i18next::translator: missingKey en-US translation MCP Services MCP Services

[1A[2KBROWSER LOG: i18next::translator: missingKey en-US translation Add/Remove MCP Services Add/Remove MCP Services

[1A[2KBROWSER LOG: i18next::translator: missingKey en-US translation Edit MCP Services Edit MCP Services

[1A[2KBROWSER LOG: i18next::translator: missingKey en-US translation Label Label

[1A[2KBROWSER LOG: i18next::translator: missingKey en-US translation Server URL Server URL

[1A[2KBROWSER LOG: i18next::translator: missingKey en-US translation Require Approval Require Approval

[1A[2KBROWSER LOG: i18next::translator: missingKey en-US translation Allowed Tools Allowed Tools

[1A[2KBROWSER LOG: i18next::translator: missingKey en-US translation Comma separated Comma separated

[1A[2KBROWSER LOG: i18next::translator: missingKey en-US translation Add/Save Service Add/Save Service

[1A[2KBROWSER LOG: i18next::translator: missingKey en-US translation MCP Services MCP Services

[1A[2KBROWSER LOG: i18next::translator: missingKey en-US translation new_chat new_chat

[1A[2KBROWSER LOG: i18next::translator: missingKey en-US translation new_chat new_chat

[1A[2KBROWSER LOG: i18next::translator: missingKey en-US translation new_chat new_chat

[1A[2KBROWSER LOG: i18next::translator: missingKey en-US translation download_thread download_thread

[1A[2KBROWSER LOG: i18next::translator: missingKey en-US translation download_thread download_thread

[1A[2KBROWSER LOG: i18next::translator: missingKey en-US translation download_json download_json

[1A[2KBROWSER LOG: i18next::translator: missingKey en-US translation download_markdown download_markdown

[1A[2KBROWSER LOG: i18next::translator: missingKey en-US translation usage_information usage_information

[1A[2KBROWSER LOG: i18next::translator: missingKey en-US translation usage_information usage_information

[1A[2KBROWSER LOG: i18next::translator: missingKey en-US translation usage_information usage_information

[1A[2KBROWSER LOG: i18next::translator: missingKey en-US translation User information User information

[1A[2KBROWSER LOG: i18next::translator: missingKey en-US translation chat_history chat_history

[1A[2KBROWSER LOG: i18next::translator: missingKey en-US translation chat_history chat_history

[1A[2KBROWSER LOG: i18next::translator: missingKey en-US translation close close

[1A[2KBROWSER LOG: i18next::translator: missingKey en-US translation chat_history chat_history

[1A[2KBROWSER LOG: i18next::translator: missingKey en-US translation empty_chat empty_chat

[1A[2KBROWSER LOG: i18next::translator: missingKey en-US translation delete_chat delete_chat

[1A[2KBROWSER LOG: i18next::translator: missingKey en-US translation new_chat new_chat

[1A[2KBROWSER LOG: i18next::translator: missingKey en-US translation new_chat new_chat

[1A[2KBROWSER LOG: i18next::translator: missingKey en-US translation close close

[1A[2KBROWSER LOG: i18next::translator: missingKey en-US translation chat_history chat_history

[1A[2KBROWSER LOG: i18next::translator: missingKey en-US translation chat_history chat_history

[1A[2KBROWSER LOG: i18next::translator: missingKey en-US translation close close

[1A[2KBROWSER LOG: i18next::translator: missingKey en-US translation chat_history chat_history

[1A[2KBROWSER LOG: i18next::translator: missingKey en-US translation empty_chat empty_chat

[1A[2KBROWSER LOG: i18next::translator: missingKey en-US translation delete_chat delete_chat

[1A[2KBROWSER LOG: i18next::translator: missingKey en-US translation new_chat new_chat

[1A[2KBROWSER LOG: i18next::translator: missingKey en-US translation new_chat new_chat

[1A[2KBROWSER LOG: i18next::translator: missingKey en-US translation close close

[1A[2KBROWSER LOG: i18next::translator: missingKey en-US translation open_issue open_issue

[1A[2KBROWSER LOG: i18next::translator: missingKey en-US translation open_issue open_issue

[1A[2KBROWSER LOG: i18next::translator: missingKey en-US translation release_notes release_notes

[1A[2KBROWSER LOG: i18next::translator: missingKey en-US translation open_issue open_issue

[1A[2KBROWSER LOG: i18next::translator: missingKey en-US translation open_issue open_issue

[1A[2KBROWSER LOG: i18next::translator: missingKey en-US translation open_issue open_issue

[1A[2KBROWSER LOG: i18next::translator: missingKey en-US translation open_issue open_issue

[1A[2KBROWSER LOG: i18next::translator: missingKey en-US translation open_issue open_issue

[1A[2KBROWSER LOG: i18next::translator: missingKey en-US translation release_notes release_notes

[1A[2KBROWSER LOG: i18next::translator: missingKey en-US translation open_issue open_issue

[1A[2KBROWSER LOG: i18next::translator: missingKey en-US translation open_issue open_issue

[1A[2KBROWSER LOG: i18next::translator: missingKey en-US translation open_issue open_issue

[1A[2KBROWSER LOG: i18next::translator: missingKey en-US translation Theme Theme

[1A[2KBROWSER LOG: i18next::translator: missingKey en-US translation Config Config

[1A[2KBROWSER LOG: i18next::translator: missingKey en-US translation Minimize Minimize

[1A[2KBROWSER LOG: i18next::translator: missingKey en-US translation about about

[1A[2KBROWSER LOG: i18next::translator: missingKey en-US translation about about

[1A[2KBROWSER LOG: i18next::translator: missingKey en-US translation About About

[1A[2KBROWSER LOG: i18next::translator: missingKey en-US translation Accept Terms Accept Terms

[1A[2KBROWSER LOG: i18next::translator: missingKey en-US translation Theme Theme

[1A[2KBROWSER LOG: i18next::translator: missingKey en-US translation Config Config

[1A[2KBROWSER LOG: i18next::translator: missingKey en-US translation Minimize Minimize

[1A[2KBROWSER LOG: i18next::translator: missingKey en-US translation about about

[1A[2KBROWSER LOG: i18next::translator: missingKey en-US translation about about

[1A[2KBROWSER LOG: i18next::translator: missingKey en-US translation About About

[1A[2KBROWSER LOG: i18next::translator: missingKey en-US translation Accept Terms Accept Terms

[1A[2KBROWSER LOG: i18next::translator: missingKey en-US translation Remove Message Remove Message

[1A[2KBROWSER LOG: i18next::translator: missingKey en-US translation Remove Message Remove Message

[1A[2KBROWSER LOG: i18next::translator: missingKey en-US translation Enter something.... Enter something....

[1A[2KBROWSER LOG: i18next::translator: missingKey en-US translation Code Editor Code Editor

[1A[2KBROWSER LOG: i18next::translator: missingKey en-US translation clear clear

[1A[2KBROWSER LOG: i18next::translator: missingKey en-US translation send send

[1A[2KBROWSER LOG: i18next::translator: missingKey en-US translation COMMAND_ENTER COMMAND_ENTER

[1A[2KBROWSER LOG: i18next::translator: missingKey en-US translation Enter something.... Enter something....

[1A[2KBROWSER LOG: i18next::translator: missingKey en-US translation Code Editor Code Editor

[1A[2KBROWSER LOG: i18next::translator: missingKey en-US translation clear clear

[1A[2KBROWSER LOG: i18next::translator: missingKey en-US translation send send

[1A[2KBROWSER LOG: i18next::translator: missingKey en-US translation COMMAND_ENTER COMMAND_ENTER

[1A[2KBROWSER LOG: i18next::translator: missingKey en-US translation Enter something.... Enter something....

[1A[2KBROWSER LOG: i18next::translator: missingKey en-US translation Code Editor Code Editor

[1A[2KBROWSER LOG: i18next::translator: missingKey en-US translation clear clear

[1A[2KBROWSER LOG: i18next::translator: missingKey en-US translation send send

[1A[2KBROWSER LOG: i18next::translator: missingKey en-US translation COMMAND_ENTER COMMAND_ENTER

[1A[2KBROWSER LOG: i18next::translator: missingKey en-US translation Enter something.... Enter something....

[1A[2KBROWSER LOG: i18next::translator: missingKey en-US translation Code Editor Code Editor

[1A[2KBROWSER LOG: i18next::translator: missingKey en-US translation clear clear

[1A[2KBROWSER LOG: i18next::translator: missingKey en-US translation send send

[1A[2KBROWSER LOG: i18next::translator: missingKey en-US translation COMMAND_ENTER COMMAND_ENTER

[1A[2KBROWSER LOG: userText: %s 
# No Access

Access to the chat is only available to members of FH SWF. If you are a member, please log in with your university credentials.


[1A[2KBROWSER LOG: userText: %s 
# No Access

Access to the chat is only available to members of FH SWF. If you are a member, please log in with your university credentials.


[1A[2KBROWSER LOG: i18next::translator: missingKey en-US translation Always Always

[1A[2KBROWSER LOG: i18next::translator: missingKey en-US translation Never Never

[1A[2KBROWSER LOG: i18next::translator: missingKey en-US translation show_toolbar show_toolbar

[1A[2KBROWSER LOG: i18next::translator: missingKey en-US translation chat_options chat_options

[1A[2KBROWSER LOG: i18next::translator: missingKey en-US translation chat_options chat_options

[1A[2KBROWSER LOG: i18next::translator: missingKey en-US translation model_options model_options

[1A[2KBROWSER LOG: i18next::translator: missingKey en-US translation tool_options tool_options

[1A[2KBROWSER LOG: i18next::translator: missingKey en-US translation MCP Services MCP Services

[1A[2KBROWSER LOG: i18next::translator: missingKey en-US translation Add/Remove MCP Services Add/Remove MCP Services

[1A[2KBROWSER LOG: i18next::translator: missingKey en-US translation Edit MCP Services Edit MCP Services

[1A[2KBROWSER LOG: i18next::translator: missingKey en-US translation Label Label

[1A[2KBROWSER LOG: i18next::translator: missingKey en-US translation Server URL Server URL

[1A[2KBROWSER LOG: i18next::translator: missingKey en-US translation Require Approval Require Approval

[1A[2KBROWSER LOG: i18next::translator: missingKey en-US translation Allowed Tools Allowed Tools

[1A[2KBROWSER LOG: i18next::translator: missingKey en-US translation Comma separated Comma separated

[1A[2KBROWSER LOG: i18next::translator: missingKey en-US translation Add/Save Service Add/Save Service

[1A[2KBROWSER LOG: i18next::translator: missingKey en-US translation MCP Services MCP Services

[1A[2KBROWSER LOG: i18next::translator: missingKey en-US translation new_chat new_chat

[1A[2KBROWSER LOG: i18next::translator: missingKey en-US translation new_chat new_chat

[1A[2KBROWSER LOG: i18next::translator: missingKey en-US translation new_chat new_chat

[1A[2KBROWSER LOG: i18next::translator: missingKey en-US translation download_thread download_thread

[1A[2KBROWSER LOG: i18next::translator: missingKey en-US translation download_thread download_thread

[1A[2KBROWSER LOG: i18next::translator: missingKey en-US translation download_json download_json

[1A[2KBROWSER LOG: i18next::translator: missingKey en-US translation download_markdown download_markdown

[1A[2KBROWSER LOG: i18next::translator: missingKey en-US translation usage_information usage_information

[1A[2KBROWSER LOG: i18next::translator: missingKey en-US translation usage_information usage_information

[1A[2KBROWSER LOG: i18next::translator: missingKey en-US translation usage_information usage_information

[1A[2KBROWSER LOG: i18next::translator: missingKey en-US translation User information User information

[1A[2KBROWSER LOG: i18next::translator: missingKey en-US translation Always Always

[1A[2KBROWSER LOG: i18next::translator: missingKey en-US translation Never Never

[1A[2KBROWSER LOG: i18next::translator: missingKey en-US translation show_toolbar show_toolbar

[1A[2KBROWSER LOG: i18next::translator: missingKey en-US translation chat_options chat_options

[1A[2KBROWSER LOG: i18next::translator: missingKey en-US translation chat_options chat_options

[1A[2KBROWSER LOG: i18next::translator: missingKey en-US translation model_options model_options

[1A[2KBROWSER LOG: i18next::translator: missingKey en-US translation tool_options tool_options

[1A[2KBROWSER LOG: i18next::translator: missingKey en-US translation MCP Services MCP Services

[1A[2KBROWSER LOG: i18next::translator: missingKey en-US translation Add/Remove MCP Services Add/Remove MCP Services

[1A[2KBROWSER LOG: i18next::translator: missingKey en-US translation Edit MCP Services Edit MCP Services

[1A[2KBROWSER LOG: i18next::translator: missingKey en-US translation Label Label

[1A[2KBROWSER LOG: i18next::translator: missingKey en-US translation Server URL Server URL

[1A[2KBROWSER LOG: i18next::translator: missingKey en-US translation Require Approval Require Approval

[1A[2KBROWSER LOG: i18next::translator: missingKey en-US translation Allowed Tools Allowed Tools

[1A[2KBROWSER LOG: i18next::translator: missingKey en-US translation Comma separated Comma separated

[1A[2KBROWSER LOG: i18next::translator: missingKey en-US translation Add/Save Service Add/Save Service

[1A[2KBROWSER LOG: i18next::translator: missingKey en-US translation MCP Services MCP Services

[1A[2KBROWSER LOG: i18next::translator: missingKey en-US translation new_chat new_chat

[1A[2KBROWSER LOG: i18next::translator: missingKey en-US translation new_chat new_chat

[1A[2KBROWSER LOG: i18next::translator: missingKey en-US translation new_chat new_chat

[1A[2KBROWSER LOG: i18next::translator: missingKey en-US translation download_thread download_thread

[1A[2KBROWSER LOG: i18next::translator: missingKey en-US translation download_thread download_thread

[1A[2KBROWSER LOG: i18next::translator: missingKey en-US translation download_json download_json

[1A[2KBROWSER LOG: i18next::translator: missingKey en-US translation download_markdown download_markdown

[1A[2KBROWSER LOG: i18next::translator: missingKey en-US translation usage_information usage_information

[1A[2KBROWSER LOG: i18next::translator: missingKey en-US translation usage_information usage_information

[1A[2KBROWSER LOG: i18next::translator: missingKey en-US translation usage_information usage_information

[1A[2KBROWSER LOG: i18next::translator: missingKey en-US translation User information User information

[1A[2KBROWSER LOG: i18next::translator: missingKey en-US translation chat_history chat_history

[1A[2KBROWSER LOG: i18next::translator: missingKey en-US translation chat_history chat_history

[1A[2KBROWSER LOG: i18next::translator: missingKey en-US translation close close

[1A[2KBROWSER LOG: i18next::translator: missingKey en-US translation chat_history chat_history

[1A[2KBROWSER LOG: i18next::translator: missingKey en-US translation empty_chat empty_chat

[1A[2KBROWSER LOG: i18next::translator: missingKey en-US translation delete_chat delete_chat

[1A[2KBROWSER LOG: i18next::translator: missingKey en-US translation new_chat new_chat

[1A[2KBROWSER LOG: i18next::translator: missingKey en-US translation new_chat new_chat

[1A[2KBROWSER LOG: i18next::translator: missingKey en-US translation close close

[1A[2KBROWSER LOG: i18next::translator: missingKey en-US translation chat_history chat_history

[1A[2KBROWSER LOG: i18next::translator: missingKey en-US translation chat_history chat_history

[1A[2KBROWSER LOG: i18next::translator: missingKey en-US translation close close

[1A[2KBROWSER LOG: i18next::translator: missingKey en-US translation chat_history chat_history

[1A[2KBROWSER LOG: i18next::translator: missingKey en-US translation empty_chat empty_chat

[1A[2KBROWSER LOG: i18next::translator: missingKey en-US translation delete_chat delete_chat

[1A[2KBROWSER LOG: i18next::translator: missingKey en-US translation new_chat new_chat

[1A[2KBROWSER LOG: i18next::translator: missingKey en-US translation new_chat new_chat

[1A[2KBROWSER LOG: i18next::translator: missingKey en-US translation close close

[1A[2KBROWSER LOG: i18next::translator: missingKey en-US translation open_issue open_issue

[1A[2KBROWSER LOG: i18next::translator: missingKey en-US translation open_issue open_issue

[1A[2KBROWSER LOG: i18next::translator: missingKey en-US translation release_notes release_notes

[1A[2KBROWSER LOG: i18next::translator: missingKey en-US translation open_issue open_issue

[1A[2KBROWSER LOG: i18next::translator: missingKey en-US translation open_issue open_issue

[1A[2KBROWSER LOG: i18next::translator: missingKey en-US translation open_issue open_issue

[1A[2KBROWSER LOG: i18next::translator: missingKey en-US translation open_issue open_issue

[1A[2KBROWSER LOG: i18next::translator: missingKey en-US translation open_issue open_issue

[1A[2KBROWSER LOG: i18next::translator: missingKey en-US translation release_notes release_notes

[1A[2KBROWSER LOG: i18next::translator: missingKey en-US translation open_issue open_issue

[1A[2KBROWSER LOG: i18next::translator: missingKey en-US translation open_issue open_issue

[1A[2KBROWSER LOG: i18next::translator: missingKey en-US translation open_issue open_issue

[1A[2KBROWSER LOG: i18next::translator: missingKey en-US translation Theme Theme

[1A[2KBROWSER LOG: i18next::translator: missingKey en-US translation Config Config

[1A[2KBROWSER LOG: i18next::translator: missingKey en-US translation Minimize Minimize

[1A[2KBROWSER LOG: i18next::translator: missingKey en-US translation about about

[1A[2KBROWSER LOG: i18next::translator: missingKey en-US translation about about

[1A[2KBROWSER LOG: i18next::translator: missingKey en-US translation About About

[1A[2KBROWSER LOG: i18next::translator: missingKey en-US translation Accept Terms Accept Terms

[1A[2KBROWSER LOG: i18next::translator: missingKey en-US translation Theme Theme

[1A[2KBROWSER LOG: i18next::translator: missingKey en-US translation Config Config

[1A[2KBROWSER LOG: i18next::translator: missingKey en-US translation Minimize Minimize

[1A[2KBROWSER LOG: i18next::translator: missingKey en-US translation about about

[1A[2KBROWSER LOG: i18next::translator: missingKey en-US translation about about

[1A[2KBROWSER LOG: i18next::translator: missingKey en-US translation About About

[1A[2KBROWSER LOG: i18next::translator: missingKey en-US translation Accept Terms Accept Terms

[1A[2KBROWSER LOG: i18next::translator: missingKey en-US translation Remove Message Remove Message

[1A[2KBROWSER LOG: i18next::translator: missingKey en-US translation Remove Message Remove Message

[1A[2KBROWSER LOG: i18next::translator: missingKey en-US translation Enter something.... Enter something....

[1A[2KBROWSER LOG: i18next::translator: missingKey en-US translation Code Editor Code Editor

[1A[2KBROWSER LOG: i18next::translator: missingKey en-US translation clear clear

[1A[2KBROWSER LOG: i18next::translator: missingKey en-US translation send send

[1A[2KBROWSER LOG: i18next::translator: missingKey en-US translation COMMAND_ENTER COMMAND_ENTER

[1A[2KBROWSER LOG: i18next::translator: missingKey en-US translation Enter something.... Enter something....

[1A[2KBROWSER LOG: i18next::translator: missingKey en-US translation Code Editor Code Editor

[1A[2KBROWSER LOG: i18next::translator: missingKey en-US translation clear clear

[1A[2KBROWSER LOG: i18next::translator: missingKey en-US translation send send

[1A[2KBROWSER LOG: i18next::translator: missingKey en-US translation COMMAND_ENTER COMMAND_ENTER

[1A[2KBROWSER LOG: window.onerror: %o %o ReferenceError: Can't find variable: r onClick@http://localhost:5173/src/chat/MessageInput.tsx:5514:14
executeDispatch@http://localhost:5173/node_modules/.vite/deps/react-dom_client.js:13622:19
runWithFiberInDEV@http://localhost:5173/node_modules/.vite/deps/react-dom_client.js:999:23
processDispatchQueue@http://localhost:5173/node_modules/.vite/deps/react-dom_client.js:13658:54
@http://localhost:5173/node_modules/.vite/deps/react-dom_client.js:14071:31
batchedUpdates$1@http://localhost:5173/node_modules/.vite/deps/react-dom_client.js:2626:44
dispatchEventForPluginEventSystem@http://localhost:5173/node_modules/.vite/deps/react-dom_client.js:13763:25
dispatchEvent@http://localhost:5173/node_modules/.vite/deps/react-dom_client.js:16784:46
dispatchDiscreteEvent@http://localhost:5173/node_modules/.vite/deps/react-dom_client.js:16765:75

[1A[2K  3) [webkit] › playwright/tests/authorized/image_generation.spec.ts:3:1 › Image Generation ────────

    Error: [2mexpect([22m[31mlocator[39m[2m).[22mtoBeVisible[2m([22m[2m)[22m failed

    Locator: locator('img[alt="item_mock_123"]')
    Expected: visible
    Timeout: 10000ms
    Error: element(s) not found

    Call log:
    [2m  - Expect "toBeVisible" with timeout 10000ms[22m
    [2m  - waiting for locator('img[alt="item_mock_123"]')[22m


      62 |     // The key in message.images is the item id, which is used as alt text
      63 |     const imageLocator = page.locator('img[alt="item_mock_123"]');
    > 64 |     await expect(imageLocator).toBeVisible({ timeout: 10000 });
         |                                ^
      65 | });
      66 |
        at /home/cgawron/git/openai-ui/playwright/tests/authorized/image_generation.spec.ts:64:32

    Error Context: test-results/authorized-image_generation-Image-Generation-webkit/error-context.md


[1A[2K  3 failed
    [chromium] › playwright/tests/authorized/image_generation.spec.ts:3:1 › Image Generation ───────
    [firefox] › playwright/tests/authorized/image_generation.spec.ts:3:1 › Image Generation ────────
    [webkit] › playwright/tests/authorized/image_generation.spec.ts:3:1 › Image Generation ─────────
  1 passed (37.3s)

[36m  Serving HTML report at http://localhost:40897. Press Ctrl+C to quit.[39m
